2026-01-02 21:24:57.825 13443-13443 VRI[MainAc...y]@af407db com.kcpd.myfolder                    I  ViewPostIme pointer 0
2026-01-02 21:24:57.831 13443-13443 VRI[MainAc...y]@af407db com.kcpd.myfolder                    I  call setFrameRateCategory for touch hint category=high hint, reason=touch, vri=VRI[MainActivity]@af407db
2026-01-02 21:24:57.885 13443-13443 VRI[MainAc...y]@af407db com.kcpd.myfolder                    I  ViewPostIme pointer 1
2026-01-02 21:24:57.895 13443-13443 FolderScreen            com.kcpd.myfolder                    D  Category: VIDEOS
2026-01-02 21:24:57.895 13443-13443 FolderScreen            com.kcpd.myfolder                    D  MediaFiles count: 3
2026-01-02 21:24:57.895 13443-13443 FolderScreen            com.kcpd.myfolder                    D  Uploading files: 0 files: []
2026-01-02 21:24:57.895 13443-13443 FolderScreen            com.kcpd.myfolder                    D  [0] File: MEDIA_20260102_205825.mp4, Type: VIDEO, Path: /data/user/0/com.kcpd.myfolder/files/secure_media/videos/d4501483-0d58-4b9a-be9d-ac227038731e.enc
2026-01-02 21:24:57.895 13443-13443 FolderScreen            com.kcpd.myfolder                    D  [1] File: MEDIA_20260102_203855.mp4, Type: VIDEO, Path: /data/user/0/com.kcpd.myfolder/files/secure_media/videos/0166092f-8b26-416e-a3e8-b3bb01432878.enc
2026-01-02 21:24:57.895 13443-13443 FolderScreen            com.kcpd.myfolder                    D  [2] File: RDT_20250906_171512.mp4, Type: VIDEO, Path: /data/user/0/com.kcpd.myfolder/files/secure_media/videos/c2e8eeaf-6782-48eb-94b2-38fe08f96420.enc
2026-01-02 21:24:57.905 13443-13443 FolderScreen_List       com.kcpd.myfolder                    D  Rendering list item [0]: MEDIA_20260102_205825.mp4
2026-01-02 21:24:57.909 13443-13443 FolderScreen_List       com.kcpd.myfolder                    D  Rendering list item [1]: MEDIA_20260102_203855.mp4
2026-01-02 21:24:57.911 13443-13443 FolderScreen_List       com.kcpd.myfolder                    D  Rendering list item [2]: RDT_20250906_171512.mp4
2026-01-02 21:24:57.958 13443-13443 FolderViewModel         com.kcpd.myfolder                    D  Starting multi-remote upload for 3 files to 3 remotes
2026-01-02 21:24:57.962 13443-13443 MultiRemot...oordinator com.kcpd.myfolder                    D  Starting SEQUENTIAL upload of 3 files to 3 remotes
2026-01-02 21:24:57.962 13443-13443 MultiRemot...oordinator com.kcpd.myfolder                    D  Each file will upload to all 3 remotes in parallel, then move to next file
2026-01-02 21:24:57.962 13443-13443 MultiRemot...oordinator com.kcpd.myfolder                    D  Processing file: MEDIA_20260102_205825.mp4
2026-01-02 21:24:57.963 13443-13579 MultiRemot...oordinator com.kcpd.myfolder                    D  Starting upload: MEDIA_20260102_205825.mp4 -> google1
2026-01-02 21:24:57.963 13443-13576 MultiRemot...oordinator com.kcpd.myfolder                    D  Starting upload: MEDIA_20260102_205825.mp4 -> R2 Bucket
2026-01-02 21:24:57.963 13443-13578 MultiRemot...oordinator com.kcpd.myfolder                    D  Starting upload: MEDIA_20260102_205825.mp4 -> B2
2026-01-02 21:24:57.963 13443-13576 S3RepositoryInstance    com.kcpd.myfolder                    D  First upload - will initialize MinIO client for myfolder
2026-01-02 21:24:57.964 13443-13578 S3RepositoryInstance    com.kcpd.myfolder                    D  First upload - will initialize MinIO client for myfolderprivatebucket
2026-01-02 21:24:57.964 13443-13578 S3RepositoryInstance    com.kcpd.myfolder                    D  Creating MinIO client for endpoint: s3.us-east-005.backblazeb2.com (bucket: myfolderprivatebucket)
2026-01-02 21:24:57.964 13443-13576 S3RepositoryInstance    com.kcpd.myfolder                    D  Creating MinIO client for endpoint: https://72e9c708db2815f6fb2f34c1a7c58ff2.r2.cloudflarestorage.com (bucket: myfolder)
2026-01-02 21:24:57.970 13443-13443 Dialog                  com.kcpd.myfolder                    I  mIsDeviceDefault = false, mIsSamsungBasicInteraction = false, isMetaDataInActivity = false
2026-01-02 21:24:57.972 13443-13443 DecorView               com.kcpd.myfolder                    I  setWindowBackground: isPopOver=false color=0 d=android.graphics.drawable.ColorDrawable@71287d8
2026-01-02 21:24:57.976 13443-13443 WindowManager           com.kcpd.myfolder                    I  WindowManagerGlobal#addView, ty=2, view=com.android.internal.policy.DecorView{37eee23 V.E...... R.....I. 0,0-0,0}[MainActivity], caller=android.view.WindowManagerImpl.addView:158 android.app.Dialog.show:540 androidx.compose.material3.ModalBottomSheet_androidKt$ModalBottomSheetDialog$1$1.invoke:307 
2026-01-02 21:24:57.976 13443-13443 ViewRootImpl            com.kcpd.myfolder                    D  desktopMode is false
2026-01-02 21:24:57.976 13443-13443 ViewRootImpl            com.kcpd.myfolder                    I  dVRR is disabled
2026-01-02 21:24:57.976 13443-13480 NativeCust...ncyManager com.kcpd.myfolder                    D  [NativeCFMS] BpCustomFrequencyManager::BpCustomFrequencyManager()
2026-01-02 21:24:57.981 13443-13443 InputTransport          com.kcpd.myfolder                    D  Input channel constructed: '55b2ab6', fd=134
2026-01-02 21:24:57.981 13443-13443 InsetsController        com.kcpd.myfolder                    I  onStateChanged: host=com.kcpd.myfolder/com.kcpd.myfolder.MainActivity, from=android.view.ViewRootImpl.onInsetsStateChanged:3026, state=InsetsState: {mDisplayFrame=Rect(0, 0 - 1080, 2316), mDisplayCutout=DisplayCutout{insets=Rect(0, 75 - 0, 0) waterfall=Insets{left=0, top=0, right=0, bottom=0} boundingRect={Bounds=[Rect(0, 0 - 0, 0), Rect(513, 0 - 567, 75), Rect(0, 0 - 0, 0), Rect(0, 0 - 0, 0)]} cutoutPathParserInfo={CutoutPathParserInfo{displayWidth=1080 displayHeight=2316 physicalDisplayWidth=1080 physicalDisplayHeight=2316 density={2.8125} cutoutSpec={M 0,0 H -9.466666666666667 V 26.66666666666667‬ H 9.466666666666667 V 0 H 0 Z @dp} rotation={0} scale={1.0} physicalPixelDisplaySizeRatio={1.0}}} sideOverrides={}}, mRoundedCorners=RoundedCorners{[RoundedCorner{position=TopLeft, radius=9, center=Point(9, 9)}, RoundedCorner{position=TopRight, radius=9, center=Point(1071, 9)}, RoundedCorner{position=BottomRight, radius=9, center=Point(1071, 2307)}, RoundedCorner{position=BottomLeft, radius=9, center=Point(9, 2307)}]}  mRoundedCornerFrame=Rect(0, 0 - 1080, 2316), mPrivacyIndicatorBounds=PrivacyIndicatorBounds {static bounds=Rect(977, 0 - 1080, 75) rotation=0}, mDisplayShape=DisplayShape{ spec=-311912193 displayWidth=1080 displayHeight=2316 physicalPixelDisplaySizeRatio=0.75 rotation=0 offsetX=0 offsetY=0 scale=1.0}, mSources= { InsetsSource: {c2d00000 mType=statusBars mFrame=[0,0][1080,75] mVisible=true mFlags= mSideHint=TOP mBoundingRects=null}, InsetsSource: {c2d00005 mType=mandatorySystemGestures mFrame=[0,0][1080,103] mVisible=true mFlags= mSideHint=TOP mBoundingRects=null}, InsetsSource: {c2d00006 mType=tappableElement mFrame=[0,0][1080,75] mVisible=true mFlags= mSideHint=TOP mBoundingRects=null}, InsetsSource: {3 mType=ime mFrame=[0,0][0,0] mVisible=false mFlags= mSideHint=NONE mBoundingRects=null}, InsetsSource: {27 mType=displayCutout mFrame=[0,0][1080,75] mVisible=true mFlags= mSideHint=TOP mBoundingRects=null}, InsetsSource: {63440001 mType=navigationBars mFrame=[0,2281][1080,2316] mVisible=true mFlags=SUPPRESS_SCRIM mSideHint=BOTTOM mBoundingRects=null}, InsetsSource: {63440004 mType=systemGestures mFrame=[0,0][70,2316] mVisible=true mFlags= mSideHint=LEFT mBoundingRects=null}, InsetsSource: {63440005 mType=mandatorySystemGestures mFrame=[0,2241][1080,2316] mVisible=true mFlags= mSideHint=BOTTOM mBoundingRects=null}, InsetsSource: {63440006 mType=tappableElement mFrame=[0,0][0,0] mVisible=true mFlags= mSideHint=NONE mBoundingRects=null}, InsetsSource: {63440024 mType=systemGestures mFrame=[1010,0][1080,2316] mVisible=true mFlags= mSideHint=RIGHT mBoundingRects=null} }
2026-01-02 21:24:57.982 13443-13443 VRI[MainAc...y]@652d0d9 com.kcpd.myfolder                    I  synced displayState. AttachInfo displayState=2
2026-01-02 21:24:57.983 13443-13443 VRI[MainAc...y]@652d0d9 com.kcpd.myfolder                    I  setView = com.android.internal.policy.DecorView@37eee23 IsHRR=false mFlingFrameRateChange=0 TM=true
2026-01-02 21:24:57.989 13443-13576 S3RepositoryInstance    com.kcpd.myfolder                    D  MinIO client created in 25ms for myfolder
2026-01-02 21:24:58.001 13443-13578 MinioProperties         com.kcpd.myfolder                    E  IOException occurred (Ask Gemini)
                                                                                                    java.io.IOException: invalid header field (line 3)
                                                                                                    	at java.util.jar.Attributes.read(Attributes.java:406)
                                                                                                    	at java.util.jar.Manifest.read(Manifest.java:291)
                                                                                                    	at java.util.jar.Manifest.<init>(Manifest.java:101)
                                                                                                    	at java.util.jar.Manifest.<init>(Manifest.java:77)
                                                                                                    	at io.minio.MinioProperties.setVersion(MinioProperties.java:60)
                                                                                                    	at io.minio.MinioProperties.getVersion(MinioProperties.java:42)
                                                                                                    	at io.minio.MinioProperties.getDefaultUserAgent(MinioProperties.java:79)
                                                                                                    	at io.minio.S3Base.<init>(S3Base.java:129)
                                                                                                    	at io.minio.MinioAsyncClient.<init>(MinioAsyncClient.java:144)
                                                                                                    	at io.minio.MinioAsyncClient.<init>(MinioAsyncClient.java:133)
                                                                                                    	at io.minio.MinioAsyncClient$Builder.build(MinioAsyncClient.java:3358)
                                                                                                    	at io.minio.MinioClient$Builder.build(MinioClient.java:2518)
                                                                                                    	at com.kcpd.myfolder.data.repository.S3RepositoryInstance.minioClient_delegate$lambda$0(RemoteRepositoryFactory.kt:138)
                                                                                                    	at com.kcpd.myfolder.data.repository.S3RepositoryInstance.$r8$lambda$wQNGFOXMup3XL7G4tv2wDT-3LdU(Unknown Source:0)
                                                                                                    	at com.kcpd.myfolder.data.repository.S3RepositoryInstance$$ExternalSyntheticLambda0.invoke(D8$$SyntheticClass:0)
                                                                                                    	at kotlin.SynchronizedLazyImpl.getValue(LazyJVM.kt:83)
                                                                                                    	at com.kcpd.myfolder.data.repository.S3RepositoryInstance.getMinioClient(RemoteRepositoryFactory.kt:131)
                                                                                                    	at com.kcpd.myfolder.data.repository.S3RepositoryInstance.access$getMinioClient(RemoteRepositoryFactory.kt:113)
                                                                                                    	at com.kcpd.myfolder.data.repository.S3RepositoryInstance$uploadFile$2.invokeSuspend(RemoteRepositoryFactory.kt:180)
                                                                                                    	at com.kcpd.myfolder.data.repository.S3RepositoryInstance$uploadFile$2.invoke(Unknown Source:8)
                                                                                                    	at com.kcpd.myfolder.data.repository.S3RepositoryInstance$uploadFile$2.invoke(Unknown Source:4)
                                                                                                    	at kotlinx.coroutines.intrinsics.UndispatchedKt.startUndispatchedOrReturn(Undispatched.kt:43)
                                                                                                    	at kotlinx.coroutines.BuildersKt__Builders_commonKt.withContext(Builders.common.kt:166)
                                                                                                    	at kotlinx.coroutines.BuildersKt.withContext(Unknown Source:1)
                                                                                                    	at com.kcpd.myfolder.data.repository.S3RepositoryInstance.uploadFile-gIAlu-s(RemoteRepositoryFactory.kt:152)
                                                                                                    	at com.kcpd.myfolder.domain.usecase.MultiRemoteUploadCoordinator.uploadToRemote(MultiRemoteUploadCoordinator.kt:217)
                                                                                                    	at com.kcpd.myfolder.domain.usecase.MultiRemoteUploadCoordinator.access$uploadToRemote(MultiRemoteUploadCoordinator.kt:29)
                                                                                                    	at com.kcpd.myfolder.domain.usecase.MultiRemoteUploadCoordinator$uploadToRemote$1.invokeSuspend(Unknown Source:15)
                                                                                                    	at kotlin.coroutines.jvm.internal.BaseContinuationImpl.resumeWith(ContinuationImpl.kt:33)
                                                                                                    	at kotlinx.coroutines.DispatchedTask.run(DispatchedTask.kt:100)
                                                                                                    	at kotlinx.coroutines.internal.LimitedDispatcher$Worker.run(LimitedDispatcher.kt:113)
                                                                                                    	at kotlinx.coroutines.scheduling.TaskImpl.run(Tasks.kt:89)
                                                                                                    	at kotlinx.coroutines.scheduling.CoroutineScheduler.runSafely(CoroutineScheduler.kt:586)
                                                                                                    	at kotlinx.coroutines.scheduling.CoroutineScheduler$Worker.executeTask(CoroutineScheduler.kt:820)
                                                                                                    	at kotlinx.coroutines.scheduling.CoroutineScheduler$Worker.runWorker(CoroutineScheduler.kt:717)
                                                                                                    	at kotlinx.coroutines.scheduling.CoroutineScheduler$Worker.run(CoroutineScheduler.kt:704)
2026-01-02 21:24:58.002 13443-13578 S3RepositoryInstance    com.kcpd.myfolder                    D  MinIO client created in 38ms for myfolderprivatebucket
2026-01-02 21:24:58.057 13443-13443 InsetsSourceConsumer    com.kcpd.myfolder                    I  applyRequestedVisibilityToControl: visible=true, type=navigationBars, host=com.kcpd.myfolder/com.kcpd.myfolder.MainActivity
2026-01-02 21:24:58.057 13443-13443 InsetsSourceConsumer    com.kcpd.myfolder                    I  applyRequestedVisibilityToControl: visible=true, type=statusBars, host=com.kcpd.myfolder/com.kcpd.myfolder.MainActivity
2026-01-02 21:24:58.058 13443-13443 libc                    com.kcpd.myfolder                    W  Access denied finding property "vendor.display.enable_optimal_refresh_rate"
2026-01-02 21:24:58.058 13443-13443 BufferQueueProducer     com.kcpd.myfolder                    I  [](id:348300000001,api:0,p:0,c:13443) setDequeueTimeout:2077252342
2026-01-02 21:24:58.058 13443-13443 BLASTBufferQueue_Java   com.kcpd.myfolder                    I  new BLASTBufferQueue, mName= VRI[MainActivity]@652d0d9 mNativeObject= 0xb4000076803b5000 caller= android.view.ViewRootImpl.updateBlastSurfaceIfNeeded:3585 android.view.ViewRootImpl.relayoutWindow:11685 android.view.ViewRootImpl.performTraversals:4804 android.view.ViewRootImpl.doTraversal:3924 android.view.ViewRootImpl$TraversalRunnable.run:12903 android.view.Choreographer$CallbackRecord.run:1901 android.view.Choreographer$CallbackRecord.run:1910 android.view.Choreographer.doCallbacks:1367 android.view.Choreographer.doFrame:1292 android.view.Choreographer$FrameDisplayEventReceiver.run:1870 
2026-01-02 21:24:58.058 13443-13443 BLASTBufferQueue_Java   com.kcpd.myfolder                    I  update, w= 1080 h= 2316 mName = VRI[MainActivity]@652d0d9 mNativeObject= 0xb4000076803b5000 sc.mNativeObject= 0xb400007680452f80 format= -2 caller= android.view.ViewRootImpl.updateBlastSurfaceIfNeeded:3590 android.view.ViewRootImpl.relayoutWindow:11685 android.view.ViewRootImpl.performTraversals:4804 android.view.ViewRootImpl.doTraversal:3924 android.view.ViewRootImpl$TraversalRunnable.run:12903 android.view.Choreographer$CallbackRecord.run:1901 
2026-01-02 21:24:58.058 13443-13443 libc                    com.kcpd.myfolder                    W  Access denied finding property "vendor.display.enable_optimal_refresh_rate"
2026-01-02 21:24:58.059 13443-13443 VRI[MainAc...y]@652d0d9 com.kcpd.myfolder                    I  Relayout returned: old=(0,0,1080,2316) new=(0,0,1080,2316) relayoutAsync=false req=(1080,2316)0 dur=5 res=0x3 s={true 0xb4000075ffd0e400} ch=true seqId=0
2026-01-02 21:24:58.059 13443-13443 VRI[MainAc...y]@652d0d9 com.kcpd.myfolder                    I  performConfigurationChange setNightDimText nightDimLevel=0
2026-01-02 21:24:58.059 13443-13443 VRI[MainAc...y]@652d0d9 com.kcpd.myfolder                    D  mThreadedRenderer.initialize() mSurface={isValid=true 0xb4000075ffd0e400} hwInitialized=true
2026-01-02 21:24:58.074 13443-13443 VRI[MainAc...y]@652d0d9 com.kcpd.myfolder                    D  reportNextDraw android.view.ViewRootImpl.performTraversals:5443 android.view.ViewRootImpl.doTraversal:3924 android.view.ViewRootImpl$TraversalRunnable.run:12903 android.view.Choreographer$CallbackRecord.run:1901 android.view.Choreographer$CallbackRecord.run:1910 
2026-01-02 21:24:58.074 13443-13443 VRI[MainAc...y]@652d0d9 com.kcpd.myfolder                    D  Setup new sync=wmsSync-VRI[MainActivity]@652d0d9#2
2026-01-02 21:24:58.074 13443-13443 VRI[MainAc...y]@652d0d9 com.kcpd.myfolder                    I  Creating new active sync group VRI[MainActivity]@652d0d9#3
2026-01-02 21:24:58.075 13443-13443 VRI[MainAc...y]@652d0d9 com.kcpd.myfolder                    D  registerCallbacksForSync syncBuffer=false
2026-01-02 21:24:58.083 13443-13484 VRI[MainAc...y]@652d0d9 com.kcpd.myfolder                    D  Received frameDrawingCallback syncResult=0 frameNum=1.
2026-01-02 21:24:58.083 13443-13484 VRI[MainAc...y]@652d0d9 com.kcpd.myfolder                    I  mWNT: t=0xb400007680978a00 mBlastBufferQueue=0xb4000076803b5000 fn= 1 HdrRenderState mRenderHdrSdrRatio=1.0 caller= android.view.ViewRootImpl$12.onFrameDraw:15441 android.view.ThreadedRenderer$1.onFrameDraw:718 <bottom of call stack> 
2026-01-02 21:24:58.083 13443-13484 VRI[MainAc...y]@652d0d9 com.kcpd.myfolder                    I  Setting up sync and frameCommitCallback
2026-01-02 21:24:58.085 13443-13480 BLASTBufferQueue        com.kcpd.myfolder                    I  [VRI[MainActivity]@652d0d9#1](f:0,a:0,s:0) onFrameAvailable the first frame is available
2026-01-02 21:24:58.085 13443-13480 SurfaceComposerClient   com.kcpd.myfolder                    I  apply transaction with the first frame. layerId: 67683, bufferData(ID: 57737245360135, frameNumber: 1)
2026-01-02 21:24:58.086 13443-13480 VRI[MainAc...y]@652d0d9 com.kcpd.myfolder                    I  Received frameCommittedCallback lastAttemptedDrawFrameNum=1 didProduceBuffer=true
2026-01-02 21:24:58.086 13443-13480 HWUI                    com.kcpd.myfolder                    D  CFMS:: SetUp Pid : 13443    Tid : 13480
2026-01-02 21:24:58.086 13443-13443 VRI[MainAc...y]@652d0d9 com.kcpd.myfolder                    D  reportDrawFinished seqId=0
2026-01-02 21:24:58.094 13443-13480 HWUI                    com.kcpd.myfolder                    D  HWUI - treat SMPTE_170M as sRGB
2026-01-02 21:24:58.101 13443-13443 BLASTBufferQueue_Java   com.kcpd.myfolder                    I  update, w= 1080 h= 2316 mName = VRI[MainActivity]@652d0d9 mNativeObject= 0xb4000076803b5000 sc.mNativeObject= 0xb400007680452f80 format= -2 caller= android.view.ViewRootImpl.updateBlastSurfaceIfNeeded:3574 android.view.ViewRootImpl.relayoutWindow:11685 android.view.ViewRootImpl.performTraversals:4804 android.view.ViewRootImpl.doTraversal:3924 android.view.ViewRootImpl$TraversalRunnable.run:12903 android.view.Choreographer$CallbackRecord.run:1901 
2026-01-02 21:24:58.101 13443-13443 VRI[MainAc...y]@652d0d9 com.kcpd.myfolder                    I  Relayout returned: old=(0,0,1080,2316) new=(0,0,1080,2316) relayoutAsync=true req=(1080,2316)0 dur=0 res=0x0 s={true 0xb4000075ffd0e400} ch=false seqId=0
2026-01-02 21:24:58.101 13443-13443 VRI[MainAc...y]@652d0d9 com.kcpd.myfolder                    I  registerCallbackForPendingTransactions
2026-01-02 21:24:58.102 13443-13485 VRI[MainAc...y]@652d0d9 com.kcpd.myfolder                    I  mWNT: t=0xb40000768098ff80 mBlastBufferQueue=0xb4000076803b5000 fn= 2 HdrRenderState mRenderHdrSdrRatio=1.0 caller= android.view.ViewRootImpl$10.onFrameDraw:6536 android.view.ViewRootImpl$4.onFrameDraw:2489 android.view.ThreadedRenderer$1.onFrameDraw:718 
2026-01-02 21:24:58.102 13443-13443 ImeFocusController      com.kcpd.myfolder                    I  onPreWindowFocus: skipped hasWindowFocus=false mHasImeFocus=true
2026-01-02 21:24:58.102 13443-13443 ImeFocusController      com.kcpd.myfolder                    I  onPostWindowFocus: skipped hasWindowFocus=false mHasImeFocus=true
2026-01-02 21:24:58.129 13443-13443 VRI[MainAc...y]@652d0d9 com.kcpd.myfolder                    D  mThreadedRenderer.initializeIfNeeded()#2 mSurface={isValid=true 0xb4000075ffd0e400}
2026-01-02 21:24:58.129 13443-13443 InputMethodManagerUtils com.kcpd.myfolder                    D  startInputInner - Id : 0
2026-01-02 21:24:58.129 13443-13443 InputMethodManager      com.kcpd.myfolder                    I  startInputInner - IInputMethodManagerGlobalInvoker.startInputOrWindowGainedFocus
2026-01-02 21:24:58.131 13443-13599 InputTransport          com.kcpd.myfolder                    D  Input channel constructed: 'ClientS', fd=188
2026-01-02 21:24:58.133 13443-13443 InputMethodManager      com.kcpd.myfolder                    I  handleMessage: setImeVisibility visible=false
2026-01-02 21:24:58.133 13443-13443 InsetsController        com.kcpd.myfolder                    D  hide(ime(), fromIme=false)
2026-01-02 21:24:58.133 13443-13443 ImeTracker              com.kcpd.myfolder                    I  com.kcpd.myfolder:ec8df271: onCancelled at PHASE_CLIENT_ALREADY_HIDDEN
2026-01-02 21:25:00.887 13443-13443 VRI[MainAc...y]@af407db com.kcpd.myfolder                    I  call setFrameRateCategory for touch hint category=no preference, reason=boost timeout, vri=VRI[MainActivity]@af407db
2026-01-02 21:25:04.667 13443-13579 GoogleDriveInstance     com.kcpd.myfolder                    D  Upload successful: drive://1watQUoYztd75S2rVKpxf9er6QNzCz2zu
2026-01-02 21:25:04.667 13443-13579 MultiRemot...oordinator com.kcpd.myfolder                    D  Upload SUCCESS: MEDIA_20260102_205825.mp4 -> google1
2026-01-02 21:25:06.020 13443-13576 S3RepositoryInstance    com.kcpd.myfolder                    D  Upload successful: s3://myfolder/MyFolderPrivate/videos/d4501483-0d58-4b9a-be9d-ac227038731e.enc
2026-01-02 21:25:06.020 13443-13576 MultiRemot...oordinator com.kcpd.myfolder                    D  Upload SUCCESS: MEDIA_20260102_205825.mp4 -> R2 Bucket
2026-01-02 21:25:10.072 13443-13578 S3RepositoryInstance    com.kcpd.myfolder                    D  Upload successful: s3://myfolderprivatebucket/MyFolderPrivate/videos/d4501483-0d58-4b9a-be9d-ac227038731e.enc
2026-01-02 21:25:10.073 13443-13578 MultiRemot...oordinator com.kcpd.myfolder                    D  Upload SUCCESS: MEDIA_20260102_205825.mp4 -> B2
2026-01-02 21:25:10.073 13443-13443 MultiRemot...oordinator com.kcpd.myfolder                    D  Completed file: MEDIA_20260102_205825.mp4 - Moving to next file
2026-01-02 21:25:10.074 13443-13443 MultiRemot...oordinator com.kcpd.myfolder                    D  Processing file: MEDIA_20260102_203855.mp4
2026-01-02 21:25:10.074 13443-13578 MultiRemot...oordinator com.kcpd.myfolder                    D  Starting upload: MEDIA_20260102_203855.mp4 -> google1
2026-01-02 21:25:10.074 13443-13576 MultiRemot...oordinator com.kcpd.myfolder                    D  Starting upload: MEDIA_20260102_203855.mp4 -> R2 Bucket
2026-01-02 21:25:10.074 13443-13576 S3RepositoryInstance    com.kcpd.myfolder                    D  Using CACHED MinIO client for myfolder
2026-01-02 21:25:10.074 13443-13570 MultiRemot...oordinator com.kcpd.myfolder                    D  Starting upload: MEDIA_20260102_203855.mp4 -> B2
2026-01-02 21:25:10.074 13443-13570 S3RepositoryInstance    com.kcpd.myfolder                    D  Using CACHED MinIO client for myfolderprivatebucket
2026-01-02 21:25:10.108 13443-13457 InputTransport          com.kcpd.myfolder                    D  Input channel destroyed: 'ClientS', fd=188
2026-01-02 21:25:11.199 13443-13570 S3RepositoryInstance    com.kcpd.myfolder                    D  Upload successful: s3://myfolderprivatebucket/MyFolderPrivate/videos/0166092f-8b26-416e-a3e8-b3bb01432878.enc
2026-01-02 21:25:11.200 13443-13570 MultiRemot...oordinator com.kcpd.myfolder                    D  Upload SUCCESS: MEDIA_20260102_203855.mp4 -> B2
2026-01-02 21:25:13.346 13443-13578 GoogleDriveInstance     com.kcpd.myfolder                    D  Upload successful: drive://1Hym_o8ZMnjDJLmsI9KDluoi1OtkHWnqX
2026-01-02 21:25:13.346 13443-13578 MultiRemot...oordinator com.kcpd.myfolder                    D  Upload SUCCESS: MEDIA_20260102_203855.mp4 -> google1
2026-01-02 21:25:28.220 13443-13576 S3RepositoryInstance    com.kcpd.myfolder                    D  Upload successful: s3://myfolder/MyFolderPrivate/videos/0166092f-8b26-416e-a3e8-b3bb01432878.enc
2026-01-02 21:25:28.220 13443-13576 MultiRemot...oordinator com.kcpd.myfolder                    D  Upload SUCCESS: MEDIA_20260102_203855.mp4 -> R2 Bucket
2026-01-02 21:25:28.221 13443-13443 MultiRemot...oordinator com.kcpd.myfolder                    D  Completed file: MEDIA_20260102_203855.mp4 - Moving to next file
2026-01-02 21:25:28.221 13443-13443 MultiRemot...oordinator com.kcpd.myfolder                    D  Processing file: RDT_20250906_171512.mp4
2026-01-02 21:25:28.222 13443-13576 MultiRemot...oordinator com.kcpd.myfolder                    D  Starting upload: RDT_20250906_171512.mp4 -> google1
2026-01-02 21:25:28.222 13443-13578 MultiRemot...oordinator com.kcpd.myfolder                    D  Starting upload: RDT_20250906_171512.mp4 -> R2 Bucket
2026-01-02 21:25:28.222 13443-13578 S3RepositoryInstance    com.kcpd.myfolder                    D  Using CACHED MinIO client for myfolder
2026-01-02 21:25:28.222 13443-13579 MultiRemot...oordinator com.kcpd.myfolder                    D  Starting upload: RDT_20250906_171512.mp4 -> B2
2026-01-02 21:25:28.222 13443-13579 S3RepositoryInstance    com.kcpd.myfolder                    D  Using CACHED MinIO client for myfolderprivatebucket
2026-01-02 21:25:28.266 13443-13458 System                  com.kcpd.myfolder                    W  A resource failed to call close. 
2026-01-02 21:25:28.266 13443-13458 System                  com.kcpd.myfolder                    W  A resource failed to call close. 
2026-01-02 21:25:28.266 13443-13458 System                  com.kcpd.myfolder                    W  A resource failed to call close. 
2026-01-02 21:25:28.266 13443-13458 System                  com.kcpd.myfolder                    W  A resource failed to call close. 
2026-01-02 21:25:31.243 13443-13576 GoogleDriveInstance     com.kcpd.myfolder                    D  Upload successful: drive://1Fqfg9veW3NRyiCwE4FOllNAZg9Hz3PHm
2026-01-02 21:25:31.243 13443-13576 MultiRemot...oordinator com.kcpd.myfolder                    D  Upload SUCCESS: RDT_20250906_171512.mp4 -> google1
2026-01-02 21:25:32.122 13443-13579 S3RepositoryInstance    com.kcpd.myfolder                    D  Upload successful: s3://myfolderprivatebucket/MyFolderPrivate/videos/c2e8eeaf-6782-48eb-94b2-38fe08f96420.enc
2026-01-02 21:25:32.122 13443-13579 MultiRemot...oordinator com.kcpd.myfolder                    D  Upload SUCCESS: RDT_20250906_171512.mp4 -> B2
2026-01-02 21:25:33.059 13443-13578 S3RepositoryInstance    com.kcpd.myfolder                    D  Upload successful: s3://myfolder/MyFolderPrivate/videos/c2e8eeaf-6782-48eb-94b2-38fe08f96420.enc
2026-01-02 21:25:33.059 13443-13578 MultiRemot...oordinator com.kcpd.myfolder                    D  Upload SUCCESS: RDT_20250906_171512.mp4 -> R2 Bucket
2026-01-02 21:25:33.063 13443-13443 MultiRemot...oordinator com.kcpd.myfolder                    D  Completed file: RDT_20250906_171512.mp4 - Moving to next file
2026-01-02 21:25:33.063 13443-13443 MultiRemot...oordinator com.kcpd.myfolder                    D  All 3 files processed
2026-01-02 21:25:34.864 13443-13443 VRI[MainAc...y]@652d0d9 com.kcpd.myfolder                    I  ViewPostIme pointer 0
2026-01-02 21:25:34.872 13443-13443 VRI[MainAc...y]@652d0d9 com.kcpd.myfolder                    I  call setFrameRateCategory for touch hint category=high hint, reason=touch, vri=VRI[MainActivity]@652d0d9
2026-01-02 21:25:35.524 13443-13443 VRI[MainAc...y]@652d0d9 com.kcpd.myfolder                    I  ViewPostIme pointer 1
2026-01-02 21:25:38.530 13443-13443 VRI[MainAc...y]@652d0d9 com.kcpd.myfolder                    I  call setFrameRateCategory for touch hint category=no preference, reason=boost timeout, vri=VRI[MainActivity]@652d0d9
