2025-12-27 19:44:52.311  5533-5732  CameraManagerGlobal     com.kcpd.myfolder                    I  postSingleUpdate device: camera id 3 status STATUS_PRESENT
2025-12-27 19:44:52.311  5533-5732  CameraRepository        com.kcpd.myfolder                    D  Added camera: 3
2025-12-27 19:44:52.311  5533-5732  CameraQuirks            com.kcpd.myfolder                    D  camera2 CameraQuirks = 
2025-12-27 19:44:52.311  5533-5732  Camera2CameraInfo       com.kcpd.myfolder                    I  Device Level: INFO_SUPPORTED_HARDWARE_LEVEL_FULL
2025-12-27 19:44:52.311  5533-5732  CameraManager           com.kcpd.myfolder                    I  registerAvailabilityCallback: Is device callback = false
2025-12-27 19:44:52.312  5533-5732  CameraManagerGlobal     com.kcpd.myfolder                    I  postSingleUpdate device: camera id 0 status STATUS_PRESENT
2025-12-27 19:44:52.312  5533-5732  CameraManagerGlobal     com.kcpd.myfolder                    I  postSingleUpdate device: camera id 1 status STATUS_PRESENT
2025-12-27 19:44:52.312  5533-5732  CameraManagerGlobal     com.kcpd.myfolder                    I  postSingleUpdate device: camera id 2 status STATUS_PRESENT
2025-12-27 19:44:52.312  5533-5732  CameraManagerGlobal     com.kcpd.myfolder                    I  postSingleUpdate device: camera id 3 status STATUS_PRESENT
2025-12-27 19:44:52.312  5533-5732  CameraValidator         com.kcpd.myfolder                    D  Verifying camera lens facing on dm3q, lensFacingInteger: null
2025-12-27 19:44:52.328  5533-5533  DynamicRangeResolver    com.kcpd.myfolder                    D  Resolved dynamic range for use case androidx.camera.core.Preview-829d0b55-cc00-44a1-bc62-b7941dca7164 to no compatible HDR dynamic ranges.
                                                                                                    DynamicRange@9549e2c{encoding=UNSPECIFIED, bitDepth=0}
                                                                                                    ->
                                                                                                    DynamicRange@dd871df{encoding=SDR, bitDepth=8}
2025-12-27 19:44:52.328  5533-5533  CameraQuirks            com.kcpd.myfolder                    D  camera2 CameraQuirks = 
2025-12-27 19:44:52.329  5533-5533  CameraQuirks            com.kcpd.myfolder                    D  camera2 CameraQuirks = 
2025-12-27 19:44:52.330  5533-5533  DeferrableSurface       com.kcpd.myfolder                    D  Surface created[total_surfaces=1, used_surfaces=0](androidx.camera.core.processing.SurfaceEdge$SettableSurface@fca771}
2025-12-27 19:44:52.330  5533-5533  DeferrableSurface       com.kcpd.myfolder                    D  Surface created[total_surfaces=2, used_surfaces=0](androidx.camera.core.SurfaceRequest$2@8e349ad}
2025-12-27 19:44:52.331  5533-5533  DeferrableSurface       com.kcpd.myfolder                    D  New surface in use[total_surfaces=2, used_surfaces=1](androidx.camera.core.SurfaceRequest$2@8e349ad}
2025-12-27 19:44:52.331  5533-5533  DeferrableSurface       com.kcpd.myfolder                    D  use count+1, useCount=1 androidx.camera.core.SurfaceRequest$2@8e349ad
2025-12-27 19:44:52.332  5533-5533  ImageCapture            com.kcpd.myfolder                    D  createPipeline(cameraId: 0, streamSpec: StreamSpec{resolution=4080x3060, dynamicRange=DynamicRange@dd871df{encoding=SDR, bitDepth=8}, expectedFrameRateRange=[0, 0], implementationOptions=androidx.camera.camera2.impl.Camera2ImplConfig@d58cd2e, zslDisabled=false})
2025-12-27 19:44:52.333  5533-5533  DeviceQuirks            com.kcpd.myfolder                    D  core DeviceQuirks = SurfaceOrderQuirk | LargeJpegImageQuirk
2025-12-27 19:44:52.333  5533-5533  libc                    com.kcpd.myfolder                    W  Access denied finding property "vendor.display.enable_optimal_refresh_rate"
2025-12-27 19:44:52.333  5533-5533  libc                    com.kcpd.myfolder                    W  Access denied finding property "vendor.display.enable_optimal_refresh_rate"
2025-12-27 19:44:52.334  5533-5533  DeferrableSurface       com.kcpd.myfolder                    D  Surface created[total_surfaces=3, used_surfaces=1](androidx.camera.core.impl.ImmediateSurface@bd1ea5c}
2025-12-27 19:44:52.335  5533-5533  ImageCapture            com.kcpd.myfolder                    D  onCameraControlReady
2025-12-27 19:44:52.335  5533-5533  Camera2CameraControlImp com.kcpd.myfolder                    D  setFlashMode: mFlashMode = 2
2025-12-27 19:44:52.335  5533-5742  Camera2CameraImpl       com.kcpd.myfolder                    D  {Camera@56595e9[id=0]} Use case androidx.camera.core.ImageCapture-adaa75e2-e7ce-4964-92ac-34c0d19a0ade127623680 ACTIVE
2025-12-27 19:44:52.335  5533-5742  UseCaseAttachState      com.kcpd.myfolder                    D  Active and attached use case: [] for camera: 0
2025-12-27 19:44:52.335  5533-5533  ImageCapture            com.kcpd.myfolder                    D  setFlashMode: flashMode = 2
2025-12-27 19:44:52.335  5533-5533  Camera2CameraControlImp com.kcpd.myfolder                    D  setFlashMode: mFlashMode = 2
2025-12-27 19:44:52.336  5533-5742  Camera2CameraImpl       com.kcpd.myfolder                    D  {Camera@56595e9[id=0]} Use case androidx.camera.core.Preview-829d0b55-cc00-44a1-bc62-b7941dca716429053059 ACTIVE
2025-12-27 19:44:52.336  5533-5742  UseCaseAttachState      com.kcpd.myfolder                    D  Active and attached use case: [] for camera: 0
2025-12-27 19:44:52.336  5533-5742  Camera2CameraImpl       com.kcpd.myfolder                    D  {Camera@56595e9[id=0]} Use case androidx.camera.core.ImageCapture-adaa75e2-e7ce-4964-92ac-34c0d19a0ade127623680 ACTIVE
2025-12-27 19:44:52.336  5533-5742  UseCaseAttachState      com.kcpd.myfolder                    D  Active and attached use case: [] for camera: 0
2025-12-27 19:44:52.336  5533-5742  UseCaseAttachState      com.kcpd.myfolder                    D  Active and attached use case: [] for camera: 0
2025-12-27 19:44:52.337  5533-5533  PreviewView             com.kcpd.myfolder                    D  Surface requested by Preview.
2025-12-27 19:44:52.337  5533-5742  Camera2CameraImpl       com.kcpd.myfolder                    D  {Camera@56595e9[id=0]} Use cases [androidx.camera.core.Preview-829d0b55-cc00-44a1-bc62-b7941dca716429053059, androidx.camera.core.ImageCapture-adaa75e2-e7ce-4964-92ac-34c0d19a0ade127623680] now ATTACHED
2025-12-27 19:44:52.337  5533-5742  Camera2CameraControlImp com.kcpd.myfolder                    D  setActive: isActive = true
2025-12-27 19:44:52.337  5533-5533  DeviceQuirks            com.kcpd.myfolder                    D  view DeviceQuirks = 
2025-12-27 19:44:52.337  5533-5742  UseCaseAttachState      com.kcpd.myfolder                    D  All use case: [androidx.camera.core.ImageCapture-adaa75e2-e7ce-4964-92ac-34c0d19a0ade127623680, androidx.camera.core.Preview-829d0b55-cc00-44a1-bc62-b7941dca716429053059] for camera: 0
2025-12-27 19:44:52.337  5533-5742  Camera2CameraImpl       com.kcpd.myfolder                    D  No need to remove a previous mMeteringRepeating, SessionConfig Surfaces: 2, CaptureConfig Surfaces: 1
2025-12-27 19:44:52.338  5533-5742  UseCaseAttachState      com.kcpd.myfolder                    D  Active and attached use case: [androidx.camera.core.ImageCapture-adaa75e2-e7ce-4964-92ac-34c0d19a0ade127623680, androidx.camera.core.Preview-829d0b55-cc00-44a1-bc62-b7941dca716429053059] for camera: 0
2025-12-27 19:44:52.338  5533-5533  SV[1530840...nActivity] com.kcpd.myfolder                    I  onWindowVisibilityChanged(0) true android.view.SurfaceView{91fe060 V.E...... ......I. 0,0-0,0} of VRI[MainActivity]@ede7bb7
2025-12-27 19:44:52.338  5533-5533  SurfaceView             com.kcpd.myfolder                    D  153084000 updateSurface: has no frame
2025-12-27 19:44:52.338  5533-5533  PreviewView             com.kcpd.myfolder                    D  Preview transformation info updated. TransformationInfo{getCropRect=Rect(0, 0 - 1440, 1080), getRotationDegrees=90, getTargetRotation=-1, hasCameraTransform=true, getSensorToBufferTransform=Matrix{[0.3529412, 0.0, -0.0][0.0, 0.3529412, -0.0][0.0, 0.0, 1.0]}, isMirroring=false}
2025-12-27 19:44:52.338  5533-5533  PreviewTransform        com.kcpd.myfolder                    D  Transformation info set: TransformationInfo{getCropRect=Rect(0, 0 - 1440, 1080), getRotationDegrees=90, getTargetRotation=-1, hasCameraTransform=true, getSensorToBufferTransform=Matrix{[0.3529412, 0.0, -0.0][0.0, 0.3529412, -0.0][0.0, 0.0, 1.0]}, isMirroring=false} 1440x1080 false
2025-12-27 19:44:52.338  5533-5742  Camera2CameraImpl       com.kcpd.myfolder                    D  {Camera@56595e9[id=0]} Resetting Capture Session
2025-12-27 19:44:52.339  5533-5742  Camera2CameraImpl       com.kcpd.myfolder                    D  {Camera@56595e9[id=0]} Skipping Capture Session state check due to current camera state: INITIALIZED and previous session status: false
2025-12-27 19:44:52.339  5533-5742  Camera2CameraImpl       com.kcpd.myfolder                    D  {Camera@56595e9[id=0]} Releasing session in state INITIALIZED
2025-12-27 19:44:52.339  5533-5742  Camera2CameraImpl       com.kcpd.myfolder                    D  {Camera@56595e9[id=0]} Attempting to force open the camera.
2025-12-27 19:44:52.339  5533-5742  CameraStateRegistry     com.kcpd.myfolder                    D  tryOpenCamera(Camera@56595e9[id=0]) [Available Cameras: 1, Already Open: false (Previous state: null)] --> SUCCESS
2025-12-27 19:44:52.339  5533-5742  CameraStateRegistry     com.kcpd.myfolder                    D  Recalculating open cameras:
                                                                                                    Camera                                       State                 
                                                                                                    -------------------------------------------------------------------
                                                                                                    Camera@dbf3f07[id=2]                         UNKNOWN               
                                                                                                    Camera@391d77a[id=1]                         UNKNOWN               
                                                                                                    Camera@56595e9[id=0]                         OPENING               
                                                                                                    Camera@e5d93a0[id=3]                         UNKNOWN               
                                                                                                    -------------------------------------------------------------------
                                                                                                    Open count: 1 (Max allowed: 1)
2025-12-27 19:44:52.339  5533-5742  Camera2CameraImpl       com.kcpd.myfolder                    D  {Camera@56595e9[id=0]} Opening camera.
2025-12-27 19:44:52.339  5533-5742  Camera2CameraImpl       com.kcpd.myfolder                    D  {Camera@56595e9[id=0]} Transitioning camera internal state: INITIALIZED --> OPENING
2025-12-27 19:44:52.339  5533-5742  CameraStateMachine      com.kcpd.myfolder                    D  New public camera state CameraState{type=OPENING, error=null} from OPENING and null
2025-12-27 19:44:52.339  5533-5742  CameraStateMachine      com.kcpd.myfolder                    D  Publishing new public camera state CameraState{type=OPENING, error=null}
2025-12-27 19:44:52.340  5533-5742  UseCaseAttachState      com.kcpd.myfolder                    D  All use case: [androidx.camera.core.ImageCapture-adaa75e2-e7ce-4964-92ac-34c0d19a0ade127623680, androidx.camera.core.Preview-829d0b55-cc00-44a1-bc62-b7941dca716429053059] for camera: 0
2025-12-27 19:44:52.340  5533-5533  BLASTBufferQueue_Java   com.kcpd.myfolder                    I  update, w= 1080 h= 2316 mName = VRI[MainActivity]@ede7bb7 mNativeObject= 0xb400007e81279000 sc.mNativeObject= 0xb400007ebc1a8f00 format= -3 caller= android.view.ViewRootImpl.updateBlastSurfaceIfNeeded:3574 android.view.ViewRootImpl.relayoutWindow:11685 android.view.ViewRootImpl.performTraversals:4804 android.view.ViewRootImpl.doTraversal:3924 android.view.ViewRootImpl$TraversalRunnable.run:12903 android.view.Choreographer$CallbackRecord.run:1901 
2025-12-27 19:44:52.340  5533-5533  VRI[MainAc...y]@ede7bb7 com.kcpd.myfolder                    I  Relayout returned: old=(0,0,1080,2316) new=(0,0,1080,2316) relayoutAsync=true req=(1080,2316)0 dur=1 res=0x0 s={true 0xb400007e752bd600} ch=false seqId=0
2025-12-27 19:44:52.340  5533-5533  SurfaceView             com.kcpd.myfolder                    D  153084000 updateSurface: has no frame
2025-12-27 19:44:52.340  5533-5533  VRI[MainAc...y]@ede7bb7 com.kcpd.myfolder                    I  registerCallbackForPendingTransactions
2025-12-27 19:44:52.341  5533-5533  SurfaceView             com.kcpd.myfolder                    D  153084000 updateSurface: has no frame
2025-12-27 19:44:52.342  5533-5533  SurfaceViewImpl         com.kcpd.myfolder                    D  Wait for new Surface creation.
2025-12-27 19:44:52.342  5533-5533  SurfaceView             com.kcpd.myfolder                    D  68330124 setFixedSize -1x-1 -> 1440x1080
2025-12-27 19:44:52.342  5533-5564  VRI[MainAc...y]@ede7bb7 com.kcpd.myfolder                    I  mWNT: t=0xb400007e81558e00 mBlastBufferQueue=0xb400007e81279000 fn= 161 HdrRenderState mRenderHdrSdrRatio=1.0 caller= android.view.ViewRootImpl$10.onFrameDraw:6536 android.view.ViewRootImpl$4.onFrameDraw:2489 android.view.ThreadedRenderer$1.onFrameDraw:718 
2025-12-27 19:44:52.344  5533-5549  CameraManagerGlobal     com.kcpd.myfolder                    I  Camera 0 facing CAMERA_FACING_BACK state now CAMERA_STATE_OPENING for client com.kcpd.myfolder API Level 2 User Id 0Device Id 0
2025-12-27 19:44:52.348  5533-5533  SurfaceView             com.kcpd.myfolder                    I  153084000 Changes: creating=true format=true size=true visible=true alpha=false hint=false left=true top=true z=false attached=true lifecycleStrategy=false
2025-12-27 19:44:52.350  5533-5549  CameraManagerGlobal     com.kcpd.myfolder                    I  postSingleUpdate device: camera id 0 status STATUS_NOT_AVAILABLE
2025-12-27 19:44:52.350  5533-5549  CameraManagerGlobal     com.kcpd.myfolder                    I  postSingleUpdate device: camera id 0 status STATUS_NOT_AVAILABLE
2025-12-27 19:44:52.350  5533-5549  CameraManagerGlobal     com.kcpd.myfolder                    I  postSingleUpdate device: camera id 0 status STATUS_NOT_AVAILABLE
2025-12-27 19:44:52.351  5533-5549  CameraManagerGlobal     com.kcpd.myfolder                    I  postSingleUpdate device: camera id 0 status STATUS_NOT_AVAILABLE
2025-12-27 19:44:52.351  5533-5533  libc                    com.kcpd.myfolder                    W  Access denied finding property "vendor.display.enable_optimal_refresh_rate"
2025-12-27 19:44:52.351  5533-5533  BufferQueueProducer     com.kcpd.myfolder                    I  [](id:159d00000002,api:0,p:0,c:5533) setDequeueTimeout:2077252342
2025-12-27 19:44:52.352  5533-5533  BLASTBufferQueue_Java   com.kcpd.myfolder                    I  new BLASTBufferQueue, mName= 91fe060 SurfaceView[com.kcpd.myfolder/com.kcpd.myfolder.MainActivity]@0 mNativeObject= 0xb400007e815f0000 caller= android.view.SurfaceView.createBlastSurfaceControls:1781 android.view.SurfaceView.updateSurface:1450 android.view.SurfaceView.lambda$new$0:280 android.view.SurfaceView.$r8$lambda$NfZyM_TG8F8lqzaOVZ7noREFjzU:0 android.view.SurfaceView$$ExternalSyntheticLambda1.onPreDraw:0 android.view.ViewTreeObserver.dispatchOnPreDraw:1229 android.view.ViewRootImpl.performTraversals:5448 android.view.ViewRootImpl.doTraversal:3924 android.view.ViewRootImpl$TraversalRunnable.run:12903 android.view.Choreographer$CallbackRecord.run:1901 
2025-12-27 19:44:52.352  5533-5533  BLASTBufferQueue_Java   com.kcpd.myfolder                    I  update, w= 1440 h= 1080 mName = 91fe060 SurfaceView[com.kcpd.myfolder/com.kcpd.myfolder.MainActivity]@0 mNativeObject= 0xb400007e815f0000 sc.mNativeObject= 0xb400007e815653c0 format= 4 caller= android.view.SurfaceView.createBlastSurfaceControls:1782 android.view.SurfaceView.updateSurface:1450 android.view.SurfaceView.lambda$new$0:280 android.view.SurfaceView.$r8$lambda$NfZyM_TG8F8lqzaOVZ7noREFjzU:0 android.view.SurfaceView$$ExternalSyntheticLambda1.onPreDraw:0 android.view.ViewTreeObserver.dispatchOnPreDraw:1229 
2025-12-27 19:44:52.353  5533-5533  SurfaceView             com.kcpd.myfolder                    I  153084000 Cur surface: Surface(name=null mNativeObject=0)/@0x5ebe4db
2025-12-27 19:44:52.353  5533-5533  SurfaceComposerClient   com.kcpd.myfolder                    D  setCornerRadius ## 91fe060 SurfaceView[com.kcpd.myfolder/com.kcpd.myfolder.MainActivity]@0#182428 cornerRadius=0.000000
2025-12-27 19:44:52.353  5533-5533  SV[1530840...nActivity] com.kcpd.myfolder                    I  pST: sr = Rect(0, 0 - 1440, 1080) sw = 1440 sh = 1080
2025-12-27 19:44:52.353  5533-5533  SurfaceView             com.kcpd.myfolder                    D  153084000 performSurfaceTransaction RenderWorker position = [0, 0, 1440, 1080] surfaceSize = 1440x1080
2025-12-27 19:44:52.353  5533-5533  libc                    com.kcpd.myfolder                    W  Access denied finding property "vendor.display.enable_optimal_refresh_rate"
2025-12-27 19:44:52.353  5533-5533  SV[1530840...nActivity] com.kcpd.myfolder                    I  updateSurface: mVisible = true mSurface.isValid() = true
2025-12-27 19:44:52.353  5533-5533  SV[1530840...nActivity] com.kcpd.myfolder                    I  updateSurface: mSurfaceCreated = false surfaceChanged = true visibleChanged = true
2025-12-27 19:44:52.353  5533-5533  SurfaceView             com.kcpd.myfolder                    I  153084000 visibleChanged -- surfaceCreated
2025-12-27 19:44:52.353  5533-5533  SV[1530840...nActivity] com.kcpd.myfolder                    I  surfaceCreated 1 #8 android.view.SurfaceView{91fe060 V.E...... ......I. 0,0-1440,1080}
2025-12-27 19:44:52.353  5533-5533  SurfaceViewImpl         com.kcpd.myfolder                    D  Surface created.
2025-12-27 19:44:52.353  5533-5533  SurfaceView             com.kcpd.myfolder                    I  153084000 surfaceChanged -- format=4 w=1440 h=1080
2025-12-27 19:44:52.353  5533-5533  SV[1530840...nActivity] com.kcpd.myfolder                    I  surfaceChanged (1440,1080) 1 #8 android.view.SurfaceView{91fe060 V.E...... ......I. 0,0-1440,1080}
2025-12-27 19:44:52.353  5533-5533  SurfaceViewImpl         com.kcpd.myfolder                    D  Surface changed. Size: 1440x1080
2025-12-27 19:44:52.353  5533-5533  SurfaceViewImpl         com.kcpd.myfolder                    D  Surface set on Preview.
2025-12-27 19:44:52.354  5533-5533  SurfaceView             com.kcpd.myfolder                    I  153084000 surfaceRedrawNeeded
2025-12-27 19:44:52.354  5533-5533  SurfaceView             com.kcpd.myfolder                    I  153084000 finishedDrawing
2025-12-27 19:44:52.354  5533-5533  SurfaceView             com.kcpd.myfolder                    V  Layout: x=0 y=0 w=1440 h=1080, frame=Rect(0, 0 - 1440, 1080)
2025-12-27 19:44:52.354  5533-5533  VRI[MainAc...y]@ede7bb7 com.kcpd.myfolder                    I  registerCallbackForPendingTransactions
2025-12-27 19:44:52.355  5533-5533  SurfaceView             com.kcpd.myfolder                    I  153084000 Changes: creating=false format=false size=false visible=false alpha=false hint=false left=true top=false z=false attached=true lifecycleStrategy=false
2025-12-27 19:44:52.355  5533-5533  SurfaceView             com.kcpd.myfolder                    I  153084000 Cur surface: Surface(name=null mNativeObject=-5476376603547205376)/@0x5ebe4db
2025-12-27 19:44:52.355  5533-5533  SurfaceComposerClient   com.kcpd.myfolder                    D  setCornerRadius ## 91fe060 SurfaceView[com.kcpd.myfolder/com.kcpd.myfolder.MainActivity]@0#182428 cornerRadius=0.000000
2025-12-27 19:44:52.355  5533-5533  SV[1530840...nActivity] com.kcpd.myfolder                    I  updateSurface: mVisible = true mSurface.isValid() = true
2025-12-27 19:44:52.355  5533-5533  SV[1530840...nActivity] com.kcpd.myfolder                    I  updateSurface: mSurfaceCreated = true surfaceChanged = false visibleChanged = false
2025-12-27 19:44:52.356  5533-5533  SurfaceView             com.kcpd.myfolder                    V  Layout: x=-328 y=0 w=1440 h=1080, frame=Rect(0, 0 - 1440, 1080)
2025-12-27 19:44:52.360  5533-5557  SurfaceView             com.kcpd.myfolder                    D  153084000 updateSurfacePosition RenderWorker, frameNr = 162, position = [-329, 0, 1409, 2316] surfaceSize = 1440x1080
2025-12-27 19:44:52.360  5533-5557  SV[1530840...nActivity] com.kcpd.myfolder                    I  uSP: rtp = Rect(-329, 0 - 1409, 2316) rtsw = 1440 rtsh = 1080
2025-12-27 19:44:52.360  5533-5557  SV[1530840...nActivity] com.kcpd.myfolder                    I  onSSPAndSRT: pl = -329 pt = 0 sx = 1.2069445 sy = 2.1444445
2025-12-27 19:44:52.361  5533-5557  SV[1530840...nActivity] com.kcpd.myfolder                    I  aOrMT: VRI[MainActivity]@ede7bb7 t = android.view.SurfaceControl$Transaction@1cccab6 fN = 162 android.view.SurfaceView.-$$Nest$mapplyOrMergeTransaction:0 android.view.SurfaceView$SurfaceViewPositionUpdateListener.positionChanged:1932 android.graphics.RenderNode$CompositePositionUpdateListener.positionChanged:401 
2025-12-27 19:44:52.361  5533-5557  VRI[MainAc...y]@ede7bb7 com.kcpd.myfolder                    I  mWNT: t=0xb400007e81559700 mBlastBufferQueue=0xb400007e81279000 fn= 162 HdrRenderState mRenderHdrSdrRatio=1.0 caller= android.view.SurfaceView.applyOrMergeTransaction:1863 android.view.SurfaceView.-$$Nest$mapplyOrMergeTransaction:0 android.view.SurfaceView$SurfaceViewPositionUpdateListener.positionChanged:1932 
2025-12-27 19:44:52.361  5533-5533  VRI[MainAc...y]@ede7bb7 com.kcpd.myfolder                    I  mWNT: t=0xb400007e7a766a80 mBlastBufferQueue=0xb400007e81279000 fn= 0 HdrRenderState mRenderHdrSdrRatio=1.0 caller= android.view.ViewRootImpl.performTraversals:5557 android.view.ViewRootImpl.doTraversal:3924 android.view.ViewRootImpl$TraversalRunnable.run:12903 
2025-12-27 19:44:52.366  5533-5563  VRI[MainAc...y]@ede7bb7 com.kcpd.myfolder                    I  mWNT: t=0xb400007e81558680 mBlastBufferQueue=0xb400007e81279000 fn= 162 HdrRenderState mRenderHdrSdrRatio=1.0 caller= android.view.ViewRootImpl$10.onFrameDraw:6536 android.view.ViewRootImpl$4.onFrameDraw:2489 android.view.ThreadedRenderer$1.onFrameDraw:718 
2025-12-27 19:44:52.381  5533-5549  CameraManagerGlobal     com.kcpd.myfolder                    I  Camera 0 facing CAMERA_FACING_BACK state now CAMERA_STATE_OPEN for client com.kcpd.myfolder API Level 2 User Id 0Device Id 0
2025-12-27 19:44:52.387  5533-5742  Camera2CameraImpl       com.kcpd.myfolder                    D  {Camera@56595e9[id=0]} Use case androidx.camera.core.Preview-829d0b55-cc00-44a1-bc62-b7941dca716429053059 ACTIVE
2025-12-27 19:44:52.388  5533-5742  UseCaseAttachState      com.kcpd.myfolder                    D  Active and attached use case: [androidx.camera.core.ImageCapture-adaa75e2-e7ce-4964-92ac-34c0d19a0ade127623680, androidx.camera.core.Preview-829d0b55-cc00-44a1-bc62-b7941dca716429053059] for camera: 0
2025-12-27 19:44:52.388  5533-5742  Camera2CameraImpl       com.kcpd.myfolder                    D  {Camera@56595e9[id=0]} Use case androidx.camera.core.ImageCapture-adaa75e2-e7ce-4964-92ac-34c0d19a0ade127623680 ACTIVE
2025-12-27 19:44:52.389  5533-5742  UseCaseAttachState      com.kcpd.myfolder                    D  Active and attached use case: [androidx.camera.core.ImageCapture-adaa75e2-e7ce-4964-92ac-34c0d19a0ade127623680, androidx.camera.core.Preview-829d0b55-cc00-44a1-bc62-b7941dca716429053059] for camera: 0
2025-12-27 19:44:52.389  5533-5742  UseCaseAttachState      com.kcpd.myfolder                    D  Active and attached use case: [androidx.camera.core.ImageCapture-adaa75e2-e7ce-4964-92ac-34c0d19a0ade127623680, androidx.camera.core.Preview-829d0b55-cc00-44a1-bc62-b7941dca716429053059] for camera: 0
2025-12-27 19:44:52.390  5533-5742  UseCaseAttachState      com.kcpd.myfolder                    D  Active and attached use case: [androidx.camera.core.ImageCapture-adaa75e2-e7ce-4964-92ac-34c0d19a0ade127623680, androidx.camera.core.Preview-829d0b55-cc00-44a1-bc62-b7941dca716429053059] for camera: 0
2025-12-27 19:44:52.390  5533-5742  Camera2CameraImpl       com.kcpd.myfolder                    D  {Camera@56595e9[id=0]} CameraDevice.onOpened()
2025-12-27 19:44:52.390  5533-5742  Camera2CameraImpl       com.kcpd.myfolder                    D  {Camera@56595e9[id=0]} Transitioning camera internal state: OPENING --> OPENED
2025-12-27 19:44:52.390  5533-5742  CameraStateRegistry     com.kcpd.myfolder                    D  Recalculating open cameras:
                                                                                                    Camera                                       State                 
                                                                                                    -------------------------------------------------------------------
                                                                                                    Camera@dbf3f07[id=2]                         UNKNOWN               
                                                                                                    Camera@391d77a[id=1]                         UNKNOWN               
                                                                                                    Camera@56595e9[id=0]                         OPEN                  
                                                                                                    Camera@e5d93a0[id=3]                         UNKNOWN               
                                                                                                    -------------------------------------------------------------------
                                                                                                    Open count: 1 (Max allowed: 1)
2025-12-27 19:44:52.390  5533-5742  CameraStateMachine      com.kcpd.myfolder                    D  New public camera state CameraState{type=OPEN, error=null} from OPEN and null
2025-12-27 19:44:52.390  5533-5742  CameraStateMachine      com.kcpd.myfolder                    D  Publishing new public camera state CameraState{type=OPEN, error=null}
2025-12-27 19:44:52.391  5533-5742  UseCaseAttachState      com.kcpd.myfolder                    D  All use case: [androidx.camera.core.ImageCapture-adaa75e2-e7ce-4964-92ac-34c0d19a0ade127623680, androidx.camera.core.Preview-829d0b55-cc00-44a1-bc62-b7941dca716429053059] for camera: 0
2025-12-27 19:44:52.392  5533-5742  UseCaseAttachState      com.kcpd.myfolder                    D  Active and attached use case: [androidx.camera.core.ImageCapture-adaa75e2-e7ce-4964-92ac-34c0d19a0ade127623680, androidx.camera.core.Preview-829d0b55-cc00-44a1-bc62-b7941dca716429053059] for camera: 0
2025-12-27 19:44:52.392  5533-5742  SyncCaptureSessionBase  com.kcpd.myfolder                    D  [androidx.camera.camera2.internal.SynchronizedCaptureSessionImpl@1f938a7] getSurface done with results: [Surface(name=null mNativeObject=-5476376603547205376)/@0x5ebe4db, Surface(name=null mNativeObject=-5476376603547213056)/@0xd7b4d66]
2025-12-27 19:44:52.392  5533-5742  CaptureSession          com.kcpd.myfolder                    D  Opening capture session.
2025-12-27 19:44:52.393  5533-5742  Camera2Cap...estBuilder com.kcpd.myfolder                    D  template type = 1
2025-12-27 19:44:52.394  5533-5742  SyncCaptureSessionImpl  com.kcpd.myfolder                    D  [androidx.camera.camera2.internal.SynchronizedCaptureSessionImpl@1f938a7] start openCaptureSession
2025-12-27 19:44:52.394  5533-5742  DeferrableSurface       com.kcpd.myfolder                    D  use count+1, useCount=2 androidx.camera.core.SurfaceRequest$2@8e349ad
2025-12-27 19:44:52.394  5533-5742  DeferrableSurface       com.kcpd.myfolder                    D  New surface in use[total_surfaces=3, used_surfaces=2](androidx.camera.core.impl.ImmediateSurface@bd1ea5c}
2025-12-27 19:44:52.394  5533-5742  DeferrableSurface       com.kcpd.myfolder                    D  use count+1, useCount=1 androidx.camera.core.impl.ImmediateSurface@bd1ea5c
2025-12-27 19:44:52.688  5533-5763  m.kcpd.myfolder         com.kcpd.myfolder                    W  Long monitor contention with owner CameraX-core_camera_3 (5742) at boolean android.hardware.camera2.impl.CameraDeviceImpl.configureStreamsChecked(android.hardware.camera2.params.InputConfiguration, java.util.List, int, android.hardware.camera2.CaptureRequest, long)(CameraDeviceImpl.java:745) waiters=0 in void android.hardware.camera2.impl.CameraDeviceImpl$6.run() for 293ms
2025-12-27 19:44:52.688  5533-5742  SyncCaptureSessionImpl  com.kcpd.myfolder                    D  [androidx.camera.camera2.internal.SynchronizedCaptureSessionImpl@1f938a7] Session onConfigured()
2025-12-27 19:44:52.688  5533-5742  CaptureSession          com.kcpd.myfolder                    D  Attempting to send capture request onConfigured
2025-12-27 19:44:52.688  5533-5742  CaptureSession          com.kcpd.myfolder                    D  Issuing request for session.
2025-12-27 19:44:52.689  5533-5742  Camera2Cap...estBuilder com.kcpd.myfolder                    D  createCaptureRequest
2025-12-27 19:44:52.690  5533-5742  CaptureSession          com.kcpd.myfolder                    D  CameraCaptureSession.onConfigured() mState=OPENED
2025-12-27 19:44:52.690  5533-5742  CaptureSession          com.kcpd.myfolder                    D  CameraCaptureSession.onReady() OPENED
2025-12-27 19:44:52.693  5533-5549  CameraManagerGlobal     com.kcpd.myfolder                    I  Camera 0 facing CAMERA_FACING_BACK state now CAMERA_STATE_ACTIVE for client com.kcpd.myfolder API Level 2 User Id 0Device Id 0
2025-12-27 19:44:52.816  5533-5741  StreamStateObserver     com.kcpd.myfolder                    D  Update Preview stream state to STREAMING
2025-12-27 19:44:52.818  5533-5549  BLASTBufferQueue        com.kcpd.myfolder                    I  [91fe060 SurfaceView[com.kcpd.myfolder/com.kcpd.myfolder.MainActivity]@0#1](f:0,a:0,s:0) onFrameAvailable the first frame is available
2025-12-27 19:44:52.818  5533-5549  SurfaceComposerClient   com.kcpd.myfolder                    I  apply transaction with the first frame. layerId: 182429, bufferData(ID: 23764054048772, frameNumber: 1)
2025-12-27 19:44:53.250  5533-5533  VRI[MainAc...y]@ede7bb7 com.kcpd.myfolder                    I  handleResized, frames=ClientWindowFrames{frame=[0,0][1080,2316] display=[0,0][1080,2316] parentFrame=[0,0][0,0]} displayId=0 dragResizing=false compatScale=1.0 frameChanged=false attachedFrameChanged=false configChanged=false displayChanged=false compatScaleChanged=false dragResizingChanged=false
2025-12-27 19:44:53.816  5533-5533  VRI[MainAc...y]@ede7bb7 com.kcpd.myfolder                    I  ViewPostIme pointer 0
2025-12-27 19:44:53.904  5533-5533  VRI[MainAc...y]@ede7bb7 com.kcpd.myfolder                    I  ViewPostIme pointer 1
2025-12-27 19:44:53.909  5533-5533  ImageCapture            com.kcpd.myfolder                    D  takePictureInternal
2025-12-27 19:44:53.910  5533-5533  TakePictureManager      com.kcpd.myfolder                    D  Issue the next TakePictureRequest.
2025-12-27 19:44:53.912  5533-5740  Camera2CapturePipeline  com.kcpd.myfolder                    D  createPipeline: captureMode = 1, flashMode = 2, flashType = 0, pipeline tasks = [androidx.camera.camera2.internal.Camera2CapturePipeline$AePreCaptureTask@a82248f]
2025-12-27 19:44:53.912  5533-5740  Camera2CapturePipeline  com.kcpd.myfolder                    D  isFlashRequired: flashMode = 2
2025-12-27 19:44:53.912  5533-5740  Camera2CapturePipeline  com.kcpd.myfolder                    D  isFlashRequired: flashMode = 2
2025-12-27 19:44:53.912  5533-5740  Camera2CameraImpl       com.kcpd.myfolder                    D  {Camera@56595e9[id=0]} Issue capture request
2025-12-27 19:44:53.912  5533-5740  CaptureSession          com.kcpd.myfolder                    D  Issuing capture request.
2025-12-27 19:44:53.913  5533-5740  Camera2Cap...estBuilder com.kcpd.myfolder                    D  createCaptureRequest
2025-12-27 19:44:54.239  5533-5533  TakePictureManager      com.kcpd.myfolder                    D  Issue the next TakePictureRequest.
2025-12-27 19:44:54.239  5533-5533  TakePictureManager      com.kcpd.myfolder                    D  No new request.
2025-12-27 19:44:54.272  5533-5632  MediaRepository         com.kcpd.myfolder                    D  Adding media file: MEDIA_20251227_194453.jpg
2025-12-27 19:44:54.273  5533-5632  MediaRepository         com.kcpd.myfolder                    D  Photo EXIF orientation: 6 for MEDIA_20251227_194453.jpg
2025-12-27 19:44:54.274  5533-5632  BitmapFactory           com.kcpd.myfolder                    W  Null Options, creating a new one.
2025-12-27 19:44:54.275  5533-5632  Kumiho-Kumiho           com.kcpd.myfolder                    I  getPackageName: com.kcpd.myfolder
2025-12-27 19:44:54.351  5533-5632  Kumiho-Kumiho           com.kcpd.myfolder                    I  getPackageName: com.kcpd.myfolder
2025-12-27 19:44:54.351  5533-5632  MediaRepository         com.kcpd.myfolder                    D  Rotating 90°
2025-12-27 19:44:54.681  5533-5632  MediaRepository         com.kcpd.myfolder                    D  Saved rotated photo to temp file: rotated_MEDIA_20251227_194453.jpg
2025-12-27 19:44:54.716  5533-5632  SecureFileManager       com.kcpd.myfolder                    D  Securely deleting file: rotated_MEDIA_20251227_194453.jpg (7941449 bytes)
2025-12-27 19:44:54.831  5533-5632  SecureFileManager       com.kcpd.myfolder                    D  Successfully deleted: rotated_MEDIA_20251227_194453.jpg
2025-12-27 19:44:54.832  5533-5632  MediaRepository         com.kcpd.myfolder                    D    Encrypted to: rotated_MEDIA_20251227_194453.jpg.enc
2025-12-27 19:44:54.833  5533-5632  Kumiho-Kumiho           com.kcpd.myfolder                    I  getPackageName: com.kcpd.myfolder
2025-12-27 19:44:54.833  5533-5632  Kumiho-Kumiho           com.kcpd.myfolder                    I  getPackageName: com.kcpd.myfolder
2025-12-27 19:44:54.979  5533-5632  Kumiho-Kumiho           com.kcpd.myfolder                    I  getPackageName: com.kcpd.myfolder
2025-12-27 19:44:54.987  5533-5632  MediaRepository         com.kcpd.myfolder                    D    Database entry created
2025-12-27 19:44:54.991  5533-5533  FolderViewModel         com.kcpd.myfolder                    D  Category: Photos, FolderId: null, Query: 
2025-12-27 19:44:54.991  5533-5533  FolderViewModel         com.kcpd.myfolder                    D  Total files for category: 3, Filtered: 3
2025-12-27 19:44:55.752  5533-5533  InsetsSourceConsumer    com.kcpd.myfolder                    I  applyRequestedVisibilityToControl: visible=true, type=statusBars, host=com.kcpd.myfolder/com.kcpd.myfolder.MainActivity
2025-12-27 19:44:55.813  5533-5533  VRI[MainAc...y]@ede7bb7 com.kcpd.myfolder                    I  ViewPostIme pointer 0
2025-12-27 19:44:55.886  5533-5533  VRI[MainAc...y]@ede7bb7 com.kcpd.myfolder                    I  ViewPostIme pointer 1
2025-12-27 19:44:55.888  5533-5533  ScreenFlashWrapper      com.kcpd.myfolder                    W  completePendingScreenFlashClear: none pending!
2025-12-27 19:44:55.889  5533-5732  Camera2CameraImpl       com.kcpd.myfolder                    D  {Camera@56595e9[id=0]} Use cases [androidx.camera.core.Preview-829d0b55-cc00-44a1-bc62-b7941dca716429053059, androidx.camera.core.ImageCapture-adaa75e2-e7ce-4964-92ac-34c0d19a0ade127623680] now DETACHED for camera
2025-12-27 19:44:55.889  5533-5732  UseCaseAttachState      com.kcpd.myfolder                    D  All use case: [] for camera: 0
2025-12-27 19:44:55.889  5533-5732  Camera2CameraImpl       com.kcpd.myfolder                    D  {Camera@56595e9[id=0]} Resetting Capture Session
2025-12-27 19:44:55.889  5533-5732  SyncCaptureSessionImpl  com.kcpd.myfolder                    D  [androidx.camera.camera2.internal.SynchronizedCaptureSessionImpl@1f938a7] Session call close()
2025-12-27 19:44:55.889  5533-5732  Camera2CameraImpl       com.kcpd.myfolder                    D  {Camera@56595e9[id=0]} Releasing session in state OPENED
2025-12-27 19:44:55.889  5533-5732  Camera2CameraControlImp com.kcpd.myfolder                    D  setActive: isActive = false
2025-12-27 19:44:55.889  5533-5732  UseCaseAttachState      com.kcpd.myfolder                    D  Active and attached use case: [] for camera: 0
2025-12-27 19:44:55.890  5533-5732  UseCaseAttachState      com.kcpd.myfolder                    D  Active and attached use case: [] for camera: 0
2025-12-27 19:44:55.890  5533-5732  VideoUsageControl       com.kcpd.myfolder                    D  resetDirectly: mVideoUsage reset!
2025-12-27 19:44:55.890  5533-5732  Camera2CameraImpl       com.kcpd.myfolder                    D  {Camera@56595e9[id=0]} Closing camera.
2025-12-27 19:44:55.890  5533-5732  Camera2CameraImpl       com.kcpd.myfolder                    D  {Camera@56595e9[id=0]} Transitioning camera internal state: OPENED --> CLOSING
2025-12-27 19:44:55.890  5533-5732  CameraStateRegistry     com.kcpd.myfolder                    D  Recalculating open cameras:
                                                                                                    Camera                                       State                 
                                                                                                    -------------------------------------------------------------------
                                                                                                    Camera@dbf3f07[id=2]                         UNKNOWN               
                                                                                                    Camera@391d77a[id=1]                         UNKNOWN               
                                                                                                    Camera@56595e9[id=0]                         CLOSING               
                                                                                                    Camera@e5d93a0[id=3]                         UNKNOWN               
                                                                                                    -------------------------------------------------------------------
                                                                                                    Open count: 1 (Max allowed: 1)
2025-12-27 19:44:55.891  5533-5732  CameraStateMachine      com.kcpd.myfolder                    D  New public camera state CameraState{type=CLOSING, error=null} from CLOSING and null
2025-12-27 19:44:55.891  5533-5732  CameraStateMachine      com.kcpd.myfolder                    D  Publishing new public camera state CameraState{type=CLOSING, error=null}
2025-12-27 19:44:55.891  5533-5732  Camera2CameraImpl       com.kcpd.myfolder                    D  {Camera@56595e9[id=0]} Resetting Capture Session
2025-12-27 19:44:55.891  5533-5732  Camera2CameraImpl       com.kcpd.myfolder                    D  {Camera@56595e9[id=0]} Skipping Capture Session state check due to current camera state: CLOSING and previous session status: false
2025-12-27 19:44:55.891  5533-5732  Camera2CameraImpl       com.kcpd.myfolder                    D  {Camera@56595e9[id=0]} Releasing session in state CLOSING
2025-12-27 19:44:55.891  5533-5732  SyncCaptureSessionImpl  com.kcpd.myfolder                    D  [androidx.camera.camera2.internal.SynchronizedCaptureSessionImpl@1f938a7] Session call super.close()
2025-12-27 19:44:55.892  5533-5732  UseCaseAttachState      com.kcpd.myfolder                    D  Active and attached use case: [] for camera: 0
2025-12-27 19:44:55.892  5533-5732  CaptureSession          com.kcpd.myfolder                    D  onSessionFinished()
2025-12-27 19:44:55.892  5533-5732  Camera2CameraImpl       com.kcpd.myfolder                    D  {Camera@56595e9[id=0]} closing camera
2025-12-27 19:44:55.903  5533-5533  StreamStateObserver     com.kcpd.myfolder                    D  Update Preview stream state to IDLE
2025-12-27 19:44:55.927  5533-5533  FolderScreen            com.kcpd.myfolder                    D  Category: PHOTOS
2025-12-27 19:44:55.927  5533-5533  FolderScreen            com.kcpd.myfolder                    D  MediaFiles count: 3
2025-12-27 19:44:55.927  5533-5533  FolderScreen            com.kcpd.myfolder                    D  [0] File: MEDIA_20251227_194453.jpg, Type: PHOTO, Path: /data/user/0/com.kcpd.myfolder/files/secure_media/photos/rotated_MEDIA_20251227_194453.jpg.enc
2025-12-27 19:44:55.927  5533-5533  FolderScreen            com.kcpd.myfolder                    D  [1] File: MEDIA_20251227_194407.jpg, Type: PHOTO, Path: /data/user/0/com.kcpd.myfolder/files/secure_media/photos/rotated_MEDIA_20251227_194407.jpg.enc
2025-12-27 19:44:55.927  5533-5533  FolderScreen            com.kcpd.myfolder                    D  [2] File: MEDIA_20251227_185802.jpg, Type: PHOTO, Path: /data/user/0/com.kcpd.myfolder/files/secure_media/photos/rotated_MEDIA_20251227_185802.jpg.enc
2025-12-27 19:44:55.936  5533-5549  CameraManagerGlobal     com.kcpd.myfolder                    I  Camera 0 facing CAMERA_FACING_BACK state now CAMERA_STATE_IDLE for client com.kcpd.myfolder API Level 2 User Id 0Device Id 0
2025-12-27 19:44:55.962  5533-5533  FolderScreen_List       com.kcpd.myfolder                    D  Rendering list item [0]: MEDIA_20251227_194453.jpg
2025-12-27 19:44:55.968  5533-5640  Kumiho-Kumiho           com.kcpd.myfolder                    I  getPackageName: com.kcpd.myfolder
2025-12-27 19:44:55.968  5533-5640  MemoryEfficientDecoder  com.kcpd.myfolder                    D  Original image size: 306x408
2025-12-27 19:44:55.968  5533-5640  MemoryEfficientDecoder  com.kcpd.myfolder                    D  Target size: 113x113, Sample size: 2
2025-12-27 19:44:55.969  5533-5640  Kumiho-Kumiho           com.kcpd.myfolder                    I  getPackageName: com.kcpd.myfolder
2025-12-27 19:44:55.970  5533-5640  Kumiho-Kumiho           com.kcpd.myfolder                    I  getPackageName: com.kcpd.myfolder
2025-12-27 19:44:55.970  5533-5640  MemoryEfficientDecoder  com.kcpd.myfolder                    D  Decoded to 153x204 (60KB) in 2ms
2025-12-27 19:44:55.970  5533-5533  FolderScreen_List       com.kcpd.myfolder                    D  Rendering list item [1]: MEDIA_20251227_194407.jpg
2025-12-27 19:44:55.977  5533-5640  Kumiho-Kumiho           com.kcpd.myfolder                    I  getPackageName: com.kcpd.myfolder
2025-12-27 19:44:55.977  5533-5640  MemoryEfficientDecoder  com.kcpd.myfolder                    D  Original image size: 306x408
2025-12-27 19:44:55.977  5533-5640  MemoryEfficientDecoder  com.kcpd.myfolder                    D  Target size: 113x113, Sample size: 2
2025-12-27 19:44:55.977  5533-5640  Kumiho-Kumiho           com.kcpd.myfolder                    I  getPackageName: com.kcpd.myfolder
2025-12-27 19:44:55.978  5533-5533  FolderScreen_List       com.kcpd.myfolder                    D  Rendering list item [2]: MEDIA_20251227_185802.jpg
2025-12-27 19:44:55.978  5533-5640  Kumiho-Kumiho           com.kcpd.myfolder                    I  getPackageName: com.kcpd.myfolder
2025-12-27 19:44:55.978  5533-5640  MemoryEfficientDecoder  com.kcpd.myfolder                    D  Decoded to 153x204 (60KB) in 2ms
2025-12-27 19:44:55.984  5533-5640  Kumiho-Kumiho           com.kcpd.myfolder                    I  getPackageName: com.kcpd.myfolder
2025-12-27 19:44:55.984  5533-5640  MemoryEfficientDecoder  com.kcpd.myfolder                    D  Original image size: 306x408
2025-12-27 19:44:55.984  5533-5640  MemoryEfficientDecoder  com.kcpd.myfolder                    D  Target size: 113x113, Sample size: 2
2025-12-27 19:44:55.985  5533-5640  Kumiho-Kumiho           com.kcpd.myfolder                    I  getPackageName: com.kcpd.myfolder
2025-12-27 19:44:55.986  5533-5640  Kumiho-Kumiho           com.kcpd.myfolder                    I  getPackageName: com.kcpd.myfolder
2025-12-27 19:44:55.986  5533-5640  MemoryEfficientDecoder  com.kcpd.myfolder                    D  Decoded to 153x204 (60KB) in 2ms
2025-12-27 19:44:56.185  5533-5736  CameraManagerGlobal     com.kcpd.myfolder                    I  postSingleUpdate device: camera id 0 status STATUS_PRESENT
2025-12-27 19:44:56.186  5533-5736  CameraManagerGlobal     com.kcpd.myfolder                    I  postSingleUpdate device: camera id 0 status STATUS_PRESENT
2025-12-27 19:44:56.186  5533-5736  CameraManagerGlobal     com.kcpd.myfolder                    I  postSingleUpdate device: camera id 0 status STATUS_PRESENT
2025-12-27 19:44:56.186  5533-5736  CameraManagerGlobal     com.kcpd.myfolder                    I  postSingleUpdate device: camera id 0 status STATUS_PRESENT
2025-12-27 19:44:56.186  5533-5736  CameraManagerGlobal     com.kcpd.myfolder                    I  Camera 0 facing CAMERA_FACING_BACK state now CAMERA_STATE_CLOSED for client com.kcpd.myfolder API Level 2 User Id 0Device Id 0
2025-12-27 19:44:56.186  5533-5740  DeferrableSurface       com.kcpd.myfolder                    D  use count-1,  useCount=1 closed=false androidx.camera.core.SurfaceRequest$2@8e349ad
2025-12-27 19:44:56.186  5533-5740  DeferrableSurface       com.kcpd.myfolder                    D  use count-1,  useCount=0 closed=false androidx.camera.core.impl.ImmediateSurface@bd1ea5c
2025-12-27 19:44:56.186  5533-5740  DeferrableSurface       com.kcpd.myfolder                    D  Surface no longer in use[total_surfaces=3, used_surfaces=1](androidx.camera.core.impl.ImmediateSurface@bd1ea5c}
2025-12-27 19:44:56.186  5533-5740  Camera2CameraImpl       com.kcpd.myfolder                    D  {Camera@56595e9[id=0]} CameraDevice.onClosed()
2025-12-27 19:44:56.186  5533-5740  Camera2CameraImpl       com.kcpd.myfolder                    D  {Camera@56595e9[id=0]} Transitioning camera internal state: CLOSING --> INITIALIZED
2025-12-27 19:44:56.186  5533-5740  CameraStateRegistry     com.kcpd.myfolder                    D  Recalculating open cameras:
                                                                                                    Camera                                       State                 
                                                                                                    -------------------------------------------------------------------
                                                                                                    Camera@dbf3f07[id=2]                         UNKNOWN               
                                                                                                    Camera@391d77a[id=1]                         UNKNOWN               
                                                                                                    Camera@56595e9[id=0]                         CLOSED                
                                                                                                    Camera@e5d93a0[id=3]                         UNKNOWN               
                                                                                                    -------------------------------------------------------------------
                                                                                                    Open count: 0 (Max allowed: 1)
2025-12-27 19:44:56.187  5533-5740  CameraStateMachine      com.kcpd.myfolder                    D  New public camera state CameraState{type=CLOSED, error=null} from CLOSED and null
2025-12-27 19:44:56.187  5533-5740  CameraStateMachine      com.kcpd.myfolder                    D  Publishing new public camera state CameraState{type=CLOSED, error=null}
2025-12-27 19:44:56.187  5533-5740  SyncCaptureSessionImpl  com.kcpd.myfolder                    D  [androidx.camera.camera2.internal.SynchronizedCaptureSessionImpl@1f938a7] onClosed()
2025-12-27 19:44:56.633  5533-5533  SV[1530840...nActivity] com.kcpd.myfolder                    I  onWindowVisibilityChanged(8) false android.view.SurfaceView{91fe060 V.E...... ........ 0,0-1440,1080} of VRI[MainActivity]@ede7bb7
2025-12-27 19:44:56.633  5533-5533  SurfaceView             com.kcpd.myfolder                    I  153084000 Changes: creating=false format=false size=false visible=true alpha=false hint=false left=false top=false z=false attached=true lifecycleStrategy=false
2025-12-27 19:44:56.634  5533-5533  SurfaceView             com.kcpd.myfolder                    I  153084000 Cur surface: Surface(name=null mNativeObject=-5476376603547205376)/@0x5ebe4db
2025-12-27 19:44:56.634  5533-5533  SurfaceComposerClient   com.kcpd.myfolder                    D  setCornerRadius ## 91fe060 SurfaceView[com.kcpd.myfolder/com.kcpd.myfolder.MainActivity]@0#182428 cornerRadius=0.000000
2025-12-27 19:44:56.634  5533-5533  SurfaceView             com.kcpd.myfolder                    I  153084000 surfaceDestroyed
2025-12-27 19:44:56.634  5533-5533  SV[1530840...nActivity] com.kcpd.myfolder                    I  surfaceDestroyed callback.size 1 #2 android.view.SurfaceView{91fe060 V.E...... ........ 0,0-1440,1080}
2025-12-27 19:44:56.634  5533-5533  SurfaceViewImpl         com.kcpd.myfolder                    D  Surface destroyed.
