2026-01-03 00:37:33.780 16562-16562 VRI[MainAc...y]@af407db com.kcpd.myfolder                    I  ViewPostIme pointer 0
2026-01-03 00:37:33.785 16562-16562 VRI[MainAc...y]@af407db com.kcpd.myfolder                    I  call setFrameRateCategory for touch hint category=high hint, reason=touch, vri=VRI[MainActivity]@af407db
2026-01-03 00:37:33.875 16562-16562 VRI[MainAc...y]@af407db com.kcpd.myfolder                    I  ViewPostIme pointer 1
2026-01-03 00:37:33.879 16562-16562 FolderViewModel         com.kcpd.myfolder                    D  Starting multi-remote upload for 6 files to 4 remotes
2026-01-03 00:37:33.879 16562-16562 MultiRemot...oordinator com.kcpd.myfolder                    D  Starting upload of 6 files to 4 remotes
2026-01-03 00:37:33.879 16562-16562 MultiRemot...oordinator com.kcpd.myfolder                    D  Max 2 concurrent remote uploads per file
2026-01-03 00:37:33.881 16562-16677 MultiRemot...oordinator com.kcpd.myfolder                    D  Initialized 6 files for upload - all visible in UI now
2026-01-03 00:37:33.881 16562-16677 MultiRemot...oordinator com.kcpd.myfolder                    D  Processing file: 20251210_182554.jpg
2026-01-03 00:37:33.882 16562-16650 MultiRemot...oordinator com.kcpd.myfolder                    D  Starting upload: 20251210_182554.jpg -> google1
2026-01-03 00:37:33.882 16562-16675 MultiRemot...oordinator com.kcpd.myfolder                    D  Starting upload: 20251210_182554.jpg -> R2 Bucket
2026-01-03 00:37:33.882 16562-16675 S3RepositoryInstance    com.kcpd.myfolder                    D  First upload - will initialize MinIO client for myfolder
2026-01-03 00:37:33.883 16562-16675 S3RepositoryInstance    com.kcpd.myfolder                    D  Creating MinIO client for endpoint: https://72e9c708db2815f6fb2f34c1a7c58ff2.r2.cloudflarestorage.com (bucket: myfolder)
2026-01-03 00:37:33.885 16562-16562 FolderScreen            com.kcpd.myfolder                    D  Category: PHOTOS
2026-01-03 00:37:33.885 16562-16562 FolderScreen            com.kcpd.myfolder                    D  MediaFiles count: 11
2026-01-03 00:37:33.885 16562-16562 FolderScreen            com.kcpd.myfolder                    D  Uploading files: 0 files: []
2026-01-03 00:37:33.885 16562-16562 FolderScreen            com.kcpd.myfolder                    D  [0] File: 20251210_182554.jpg, Type: PHOTO, Path: /data/user/0/com.kcpd.myfolder/files/secure_media/photos/9f6059e3-8e27-4ecd-ae09-e6fc3361017f.enc
2026-01-03 00:37:33.885 16562-16562 FolderScreen            com.kcpd.myfolder                    D  [1] File: 20251231_155009.jpg, Type: PHOTO, Path: /data/user/0/com.kcpd.myfolder/files/secure_media/photos/322d89ce-31f1-4255-8c9c-77bdfe8a290b.enc
2026-01-03 00:37:33.885 16562-16562 FolderScreen            com.kcpd.myfolder                    D  [2] File: MEDIA_20260102_225406.jpg, Type: PHOTO, Path: /data/user/0/com.kcpd.myfolder/files/secure_media/photos/ea02ddd3-5091-4f91-86d5-1f8994e80ab1.enc
2026-01-03 00:37:33.885 16562-16562 FolderScreen            com.kcpd.myfolder                    D  [3] File: MEDIA_20260102_223920.jpg, Type: PHOTO, Path: /data/user/0/com.kcpd.myfolder/files/secure_media/photos/275f0559-82b9-431d-aced-998e3d486ce6.enc
2026-01-03 00:37:33.885 16562-16562 FolderScreen            com.kcpd.myfolder                    D  [4] File: MEDIA_20260102_223918.jpg, Type: PHOTO, Path: /data/user/0/com.kcpd.myfolder/files/secure_media/photos/39f79f2c-6ab0-48af-bd60-9b142d20b49a.enc
2026-01-03 00:37:33.885 16562-16562 FolderScreen            com.kcpd.myfolder                    D  [5] File: MEDIA_20260102_223917.jpg, Type: PHOTO, Path: /data/user/0/com.kcpd.myfolder/files/secure_media/photos/21152714-9eaf-4fa0-bc32-8c163a029afc.enc
2026-01-03 00:37:33.885 16562-16562 FolderScreen            com.kcpd.myfolder                    D  [6] File: MEDIA_20260102_223916.jpg, Type: PHOTO, Path: /data/user/0/com.kcpd.myfolder/files/secure_media/photos/2b8fe1c7-6bfa-4bfa-b7aa-831cbea711b6.enc
2026-01-03 00:37:33.885 16562-16562 FolderScreen            com.kcpd.myfolder                    D  [7] File: MEDIA_20260102_223913.jpg, Type: PHOTO, Path: /data/user/0/com.kcpd.myfolder/files/secure_media/photos/7a1eda86-8e92-4843-92ce-0144677d40b7.enc
2026-01-03 00:37:33.885 16562-16562 FolderScreen            com.kcpd.myfolder                    D  [8] File: MEDIA_20260102_223858.jpg, Type: PHOTO, Path: /data/user/0/com.kcpd.myfolder/files/secure_media/photos/edf2a315-371c-4462-aacd-88de5bf0253c.enc
2026-01-03 00:37:33.885 16562-16562 FolderScreen            com.kcpd.myfolder                    D  [9] File: Pink Watercolor Baby Shower Poster.png, Type: PHOTO, Path: /data/user/0/com.kcpd.myfolder/files/secure_media/photos/76fdd5f1-c761-456b-a91b-360ad84b1bdc.enc
2026-01-03 00:37:33.885 16562-16562 FolderScreen            com.kcpd.myfolder                    D  [10] File: lenskart_invoice_reimburse.png, Type: PHOTO, Path: /data/user/0/com.kcpd.myfolder/files/secure_media/photos/4117b7de-dc2e-4319-8efb-8f1be2bc2f9a.enc
2026-01-03 00:37:33.902 16562-16562 Dialog                  com.kcpd.myfolder                    I  mIsDeviceDefault = false, mIsSamsungBasicInteraction = false, isMetaDataInActivity = false
2026-01-03 00:37:33.904 16562-16562 DecorView               com.kcpd.myfolder                    I  setWindowBackground: isPopOver=false color=0 d=android.graphics.drawable.ColorDrawable@67dcaf1
2026-01-03 00:37:33.914 16562-16562 FolderScreen_List       com.kcpd.myfolder                    D  Rendering list item [0]: 20251210_182554.jpg
2026-01-03 00:37:33.920 16562-16562 FolderScreen_List       com.kcpd.myfolder                    D  Rendering list item [1]: 20251231_155009.jpg
2026-01-03 00:37:33.924 16562-16675 MinioProperties         com.kcpd.myfolder                    E  IOException occurred (Ask Gemini)
                                                                                                    java.io.IOException: invalid header field (line 3)
                                                                                                    	at java.util.jar.Attributes.read(Attributes.java:406)
                                                                                                    	at java.util.jar.Manifest.read(Manifest.java:291)
                                                                                                    	at java.util.jar.Manifest.<init>(Manifest.java:101)
                                                                                                    	at java.util.jar.Manifest.<init>(Manifest.java:77)
                                                                                                    	at io.minio.MinioProperties.setVersion(MinioProperties.java:60)
                                                                                                    	at io.minio.MinioProperties.getVersion(MinioProperties.java:42)
                                                                                                    	at io.minio.MinioProperties.getDefaultUserAgent(MinioProperties.java:79)
                                                                                                    	at io.minio.S3Base.<init>(S3Base.java:129)
                                                                                                    	at io.minio.MinioAsyncClient.<init>(MinioAsyncClient.java:144)
                                                                                                    	at io.minio.MinioAsyncClient.<init>(MinioAsyncClient.java:133)
                                                                                                    	at io.minio.MinioAsyncClient$Builder.build(MinioAsyncClient.java:3358)
                                                                                                    	at io.minio.MinioClient$Builder.build(MinioClient.java:2518)
                                                                                                    	at com.kcpd.myfolder.data.repository.S3RepositoryInstance.minioClient_delegate$lambda$1(RemoteRepositoryFactory.kt:172)
                                                                                                    	at com.kcpd.myfolder.data.repository.S3RepositoryInstance.$r8$lambda$3UmgODVI8HZ8Cv7BDRGMaCLxV6o(Unknown Source:0)
                                                                                                    	at com.kcpd.myfolder.data.repository.S3RepositoryInstance$$ExternalSyntheticLambda1.invoke(D8$$SyntheticClass:0)
                                                                                                    	at kotlin.SynchronizedLazyImpl.getValue(LazyJVM.kt:83)
                                                                                                    	at com.kcpd.myfolder.data.repository.S3RepositoryInstance.getMinioClient(RemoteRepositoryFactory.kt:164)
                                                                                                    	at com.kcpd.myfolder.data.repository.S3RepositoryInstance.access$getMinioClient(RemoteRepositoryFactory.kt:129)
                                                                                                    	at com.kcpd.myfolder.data.repository.S3RepositoryInstance$uploadFile$2.invokeSuspend(RemoteRepositoryFactory.kt:219)
                                                                                                    	at com.kcpd.myfolder.data.repository.S3RepositoryInstance$uploadFile$2.invoke(Unknown Source:8)
                                                                                                    	at com.kcpd.myfolder.data.repository.S3RepositoryInstance$uploadFile$2.invoke(Unknown Source:4)
                                                                                                    	at kotlinx.coroutines.intrinsics.UndispatchedKt.startUndispatchedOrReturn(Undispatched.kt:43)
                                                                                                    	at kotlinx.coroutines.BuildersKt__Builders_commonKt.withContext(Builders.common.kt:166)
                                                                                                    	at kotlinx.coroutines.BuildersKt.withContext(Unknown Source:1)
                                                                                                    	at com.kcpd.myfolder.data.repository.S3RepositoryInstance.uploadFile-gIAlu-s(RemoteRepositoryFactory.kt:189)
                                                                                                    	at com.kcpd.myfolder.domain.usecase.MultiRemoteUploadCoordinator.uploadToRemote(MultiRemoteUploadCoordinator.kt:254)
                                                                                                    	at com.kcpd.myfolder.domain.usecase.MultiRemoteUploadCoordinator.access$uploadToRemote(MultiRemoteUploadCoordinator.kt:37)
                                                                                                    	at com.kcpd.myfolder.domain.usecase.MultiRemoteUploadCoordinator$uploadFiles$1$2$uploadJobs$1$1.invokeSuspend(MultiRemoteUploadCoordinator.kt:115)
                                                                                                    	at kotlin.coroutines.jvm.internal.BaseContinuationImpl.resumeWith(ContinuationImpl.kt:33)
                                                                                                    	at kotlinx.coroutines.DispatchedTask.run(DispatchedTask.kt:100)
                                                                                                    	at kotlinx.coroutines.internal.LimitedDispatcher$Worker.run(LimitedDispatcher.kt:113)
                                                                                                    	at kotlinx.coroutines.scheduling.TaskImpl.run(Tasks.kt:89)
                                                                                                    	at kotlinx.coroutines.scheduling.CoroutineScheduler.runSafely(CoroutineScheduler.kt:586)
                                                                                                    	at kotlinx.coroutines.scheduling.CoroutineScheduler$Worker.executeTask(CoroutineScheduler.kt:820)
                                                                                                    	at kotlinx.coroutines.scheduling.CoroutineScheduler$Worker.runWorker(CoroutineScheduler.kt:717)
                                                                                                    	at kotlinx.coroutines.scheduling.CoroutineScheduler$Worker.run(CoroutineScheduler.kt:704)
2026-01-03 00:37:33.924 16562-16675 S3RepositoryInstance    com.kcpd.myfolder                    D  MinIO client created in 41ms for myfolder
2026-01-03 00:37:33.926 16562-16562 FolderScreen_List       com.kcpd.myfolder                    D  Rendering list item [2]: MEDIA_20260102_225406.jpg
2026-01-03 00:37:33.930 16562-16562 FolderScreen_List       com.kcpd.myfolder                    D  Rendering list item [3]: MEDIA_20260102_223920.jpg
2026-01-03 00:37:33.933 16562-16562 FolderScreen_List       com.kcpd.myfolder                    D  Rendering list item [4]: MEDIA_20260102_223918.jpg
2026-01-03 00:37:33.937 16562-16562 FolderScreen_List       com.kcpd.myfolder                    D  Rendering list item [5]: MEDIA_20260102_223917.jpg
2026-01-03 00:37:33.940 16562-16562 FolderScreen_List       com.kcpd.myfolder                    D  Rendering list item [6]: MEDIA_20260102_223916.jpg
2026-01-03 00:37:33.944 16562-16562 FolderScreen_List       com.kcpd.myfolder                    D  Rendering list item [7]: MEDIA_20260102_223913.jpg
2026-01-03 00:37:33.947 16562-16562 FolderScreen_List       com.kcpd.myfolder                    D  Rendering list item [8]: MEDIA_20260102_223858.jpg
2026-01-03 00:37:33.949 16562-16562 FolderScreen_List       com.kcpd.myfolder                    D  Rendering list item [9]: Pink Watercolor Baby Shower Poster.png
2026-01-03 00:37:33.951 16562-16562 FolderScreen_List       com.kcpd.myfolder                    D  Rendering list item [10]: lenskart_invoice_reimburse.png
2026-01-03 00:37:33.962 16562-16562 WindowManager           com.kcpd.myfolder                    I  WindowManagerGlobal#addView, ty=2, view=com.android.internal.policy.DecorView{e168a58 V.E...... R.....I. 0,0-0,0}[MainActivity], caller=android.view.WindowManagerImpl.addView:158 android.app.Dialog.show:540 androidx.compose.material3.ModalBottomSheet_androidKt$ModalBottomSheetDialog$1$1.invoke:307 
2026-01-03 00:37:33.962 16562-16562 ViewRootImpl            com.kcpd.myfolder                    D  desktopMode is false
2026-01-03 00:37:33.962 16562-16562 ViewRootImpl            com.kcpd.myfolder                    I  dVRR is disabled
2026-01-03 00:37:33.962 16562-16586 NativeCust...ncyManager com.kcpd.myfolder                    D  [NativeCFMS] BpCustomFrequencyManager::BpCustomFrequencyManager()
2026-01-03 00:37:33.968 16562-16562 InputTransport          com.kcpd.myfolder                    D  Input channel constructed: '97d860 ', fd=144
2026-01-03 00:37:33.969 16562-16562 InsetsController        com.kcpd.myfolder                    I  onStateChanged: host=com.kcpd.myfolder/com.kcpd.myfolder.MainActivity, from=android.view.ViewRootImpl.onInsetsStateChanged:3026, state=InsetsState: {mDisplayFrame=Rect(0, 0 - 1080, 2316), mDisplayCutout=DisplayCutout{insets=Rect(0, 75 - 0, 0) waterfall=Insets{left=0, top=0, right=0, bottom=0} boundingRect={Bounds=[Rect(0, 0 - 0, 0), Rect(513, 0 - 567, 75), Rect(0, 0 - 0, 0), Rect(0, 0 - 0, 0)]} cutoutPathParserInfo={CutoutPathParserInfo{displayWidth=1080 displayHeight=2316 physicalDisplayWidth=1080 physicalDisplayHeight=2316 density={2.8125} cutoutSpec={M 0,0 H -9.466666666666667 V 26.66666666666667‬ H 9.466666666666667 V 0 H 0 Z @dp} rotation={0} scale={1.0} physicalPixelDisplaySizeRatio={1.0}}} sideOverrides={}}, mRoundedCorners=RoundedCorners{[RoundedCorner{position=TopLeft, radius=9, center=Point(9, 9)}, RoundedCorner{position=TopRight, radius=9, center=Point(1071, 9)}, RoundedCorner{position=BottomRight, radius=9, center=Point(1071, 2307)}, RoundedCorner{position=BottomLeft, radius=9, center=Point(9, 2307)}]}  mRoundedCornerFrame=Rect(0, 0 - 1080, 2316), mPrivacyIndicatorBounds=PrivacyIndicatorBounds {static bounds=Rect(977, 0 - 1080, 75) rotation=0}, mDisplayShape=DisplayShape{ spec=-311912193 displayWidth=1080 displayHeight=2316 physicalPixelDisplaySizeRatio=0.75 rotation=0 offsetX=0 offsetY=0 scale=1.0}, mSources= { InsetsSource: {c2d00000 mType=statusBars mFrame=[0,0][1080,75] mVisible=true mFlags= mSideHint=TOP mBoundingRects=null}, InsetsSource: {c2d00005 mType=mandatorySystemGestures mFrame=[0,0][1080,103] mVisible=true mFlags= mSideHint=TOP mBoundingRects=null}, InsetsSource: {c2d00006 mType=tappableElement mFrame=[0,0][1080,75] mVisible=true mFlags= mSideHint=TOP mBoundingRects=null}, InsetsSource: {3 mType=ime mFrame=[0,0][0,0] mVisible=false mFlags= mSideHint=NONE mBoundingRects=null}, InsetsSource: {27 mType=displayCutout mFrame=[0,0][1080,75] mVisible=true mFlags= mSideHint=TOP mBoundingRects=null}, InsetsSource: {63440001 mType=navigationBars mFrame=[0,2281][1080,2316] mVisible=true mFlags=SUPPRESS_SCRIM mSideHint=BOTTOM mBoundingRects=null}, InsetsSource: {63440004 mType=systemGestures mFrame=[0,0][70,2316] mVisible=true mFlags= mSideHint=LEFT mBoundingRects=null}, InsetsSource: {63440005 mType=mandatorySystemGestures mFrame=[0,2241][1080,2316] mVisible=true mFlags= mSideHint=BOTTOM mBoundingRects=null}, InsetsSource: {63440006 mType=tappableElement mFrame=[0,0][0,0] mVisible=true mFlags= mSideHint=NONE mBoundingRects=null}, InsetsSource: {63440024 mType=systemGestures mFrame=[1010,0][1080,2316] mVisible=true mFlags= mSideHint=RIGHT mBoundingRects=null} }
2026-01-03 00:37:33.969 16562-16562 VRI[MainAc...y]@5cfe7b1 com.kcpd.myfolder                    I  synced displayState. AttachInfo displayState=2
2026-01-03 00:37:33.970 16562-16562 VRI[MainAc...y]@5cfe7b1 com.kcpd.myfolder                    I  setView = com.android.internal.policy.DecorView@e168a58 IsHRR=false mFlingFrameRateChange=0 TM=true
2026-01-03 00:37:34.121 16562-16562 InsetsSourceConsumer    com.kcpd.myfolder                    I  applyRequestedVisibilityToControl: visible=true, type=navigationBars, host=com.kcpd.myfolder/com.kcpd.myfolder.MainActivity
2026-01-03 00:37:34.121 16562-16562 InsetsSourceConsumer    com.kcpd.myfolder                    I  applyRequestedVisibilityToControl: visible=true, type=statusBars, host=com.kcpd.myfolder/com.kcpd.myfolder.MainActivity
2026-01-03 00:37:34.122 16562-16562 libc                    com.kcpd.myfolder                    W  Access denied finding property "vendor.display.enable_optimal_refresh_rate"
2026-01-03 00:37:34.122 16562-16562 BufferQueueProducer     com.kcpd.myfolder                    I  [](id:40b200000001,api:0,p:0,c:16562) setDequeueTimeout:2077252342
2026-01-03 00:37:34.122 16562-16562 BLASTBufferQueue_Java   com.kcpd.myfolder                    I  new BLASTBufferQueue, mName= VRI[MainActivity]@5cfe7b1 mNativeObject= 0xb4000076801b3000 caller= android.view.ViewRootImpl.updateBlastSurfaceIfNeeded:3585 android.view.ViewRootImpl.relayoutWindow:11685 android.view.ViewRootImpl.performTraversals:4804 android.view.ViewRootImpl.doTraversal:3924 android.view.ViewRootImpl$TraversalRunnable.run:12903 android.view.Choreographer$CallbackRecord.run:1901 android.view.Choreographer$CallbackRecord.run:1910 android.view.Choreographer.doCallbacks:1367 android.view.Choreographer.doFrame:1292 android.view.Choreographer$FrameDisplayEventReceiver.run:1870 
2026-01-03 00:37:34.122 16562-16562 BLASTBufferQueue_Java   com.kcpd.myfolder                    I  update, w= 1080 h= 2316 mName = VRI[MainActivity]@5cfe7b1 mNativeObject= 0xb4000076801b3000 sc.mNativeObject= 0xb4000076803d4a40 format= -2 caller= android.view.ViewRootImpl.updateBlastSurfaceIfNeeded:3590 android.view.ViewRootImpl.relayoutWindow:11685 android.view.ViewRootImpl.performTraversals:4804 android.view.ViewRootImpl.doTraversal:3924 android.view.ViewRootImpl$TraversalRunnable.run:12903 android.view.Choreographer$CallbackRecord.run:1901 
2026-01-03 00:37:34.123 16562-16562 libc                    com.kcpd.myfolder                    W  Access denied finding property "vendor.display.enable_optimal_refresh_rate"
2026-01-03 00:37:34.123 16562-16562 VRI[MainAc...y]@5cfe7b1 com.kcpd.myfolder                    I  Relayout returned: old=(0,0,1080,2316) new=(0,0,1080,2316) relayoutAsync=false req=(1080,2316)0 dur=5 res=0x3 s={true 0xb40000768023fb00} ch=true seqId=0
2026-01-03 00:37:34.123 16562-16562 VRI[MainAc...y]@5cfe7b1 com.kcpd.myfolder                    I  performConfigurationChange setNightDimText nightDimLevel=0
2026-01-03 00:37:34.123 16562-16562 VRI[MainAc...y]@5cfe7b1 com.kcpd.myfolder                    D  mThreadedRenderer.initialize() mSurface={isValid=true 0xb40000768023fb00} hwInitialized=true
2026-01-03 00:37:34.139 16562-16562 VRI[MainAc...y]@5cfe7b1 com.kcpd.myfolder                    D  reportNextDraw android.view.ViewRootImpl.performTraversals:5443 android.view.ViewRootImpl.doTraversal:3924 android.view.ViewRootImpl$TraversalRunnable.run:12903 android.view.Choreographer$CallbackRecord.run:1901 android.view.Choreographer$CallbackRecord.run:1910 
2026-01-03 00:37:34.139 16562-16562 VRI[MainAc...y]@5cfe7b1 com.kcpd.myfolder                    D  Setup new sync=wmsSync-VRI[MainActivity]@5cfe7b1#2
2026-01-03 00:37:34.139 16562-16562 VRI[MainAc...y]@5cfe7b1 com.kcpd.myfolder                    I  Creating new active sync group VRI[MainActivity]@5cfe7b1#3
2026-01-03 00:37:34.139 16562-16562 VRI[MainAc...y]@5cfe7b1 com.kcpd.myfolder                    D  registerCallbacksForSync syncBuffer=false
2026-01-03 00:37:34.154 16562-16590 VRI[MainAc...y]@5cfe7b1 com.kcpd.myfolder                    D  Received frameDrawingCallback syncResult=0 frameNum=1.
2026-01-03 00:37:34.154 16562-16590 VRI[MainAc...y]@5cfe7b1 com.kcpd.myfolder                    I  mWNT: t=0xb4000076800a1200 mBlastBufferQueue=0xb4000076801b3000 fn= 1 HdrRenderState mRenderHdrSdrRatio=1.0 caller= android.view.ViewRootImpl$12.onFrameDraw:15441 android.view.ThreadedRenderer$1.onFrameDraw:718 <bottom of call stack> 
2026-01-03 00:37:34.154 16562-16590 VRI[MainAc...y]@5cfe7b1 com.kcpd.myfolder                    I  Setting up sync and frameCommitCallback
2026-01-03 00:37:34.154 16562-16586 BLASTBufferQueue        com.kcpd.myfolder                    I  [VRI[MainActivity]@5cfe7b1#1](f:0,a:0,s:0) onFrameAvailable the first frame is available
2026-01-03 00:37:34.154 16562-16586 SurfaceComposerClient   com.kcpd.myfolder                    I  apply transaction with the first frame. layerId: 70386, bufferData(ID: 71133248356359, frameNumber: 1)
2026-01-03 00:37:34.154 16562-16586 VRI[MainAc...y]@5cfe7b1 com.kcpd.myfolder                    I  Received frameCommittedCallback lastAttemptedDrawFrameNum=1 didProduceBuffer=true
2026-01-03 00:37:34.155 16562-16586 HWUI                    com.kcpd.myfolder                    D  CFMS:: SetUp Pid : 16562    Tid : 16586
2026-01-03 00:37:34.155 16562-16562 VRI[MainAc...y]@5cfe7b1 com.kcpd.myfolder                    D  reportDrawFinished seqId=0
2026-01-03 00:37:34.155 16562-16562 Choreographer           com.kcpd.myfolder                    I  Skipped 32 frames!  The application may be doing too much work on its main thread.
2026-01-03 00:37:34.185 16562-16562 BLASTBufferQueue_Java   com.kcpd.myfolder                    I  update, w= 1080 h= 2316 mName = VRI[MainActivity]@5cfe7b1 mNativeObject= 0xb4000076801b3000 sc.mNativeObject= 0xb4000076803d4a40 format= -2 caller= android.view.ViewRootImpl.updateBlastSurfaceIfNeeded:3574 android.view.ViewRootImpl.relayoutWindow:11685 android.view.ViewRootImpl.performTraversals:4804 android.view.ViewRootImpl.doTraversal:3924 android.view.ViewRootImpl$TraversalRunnable.run:12903 android.view.Choreographer$CallbackRecord.run:1901 
2026-01-03 00:37:34.185 16562-16562 VRI[MainAc...y]@5cfe7b1 com.kcpd.myfolder                    I  Relayout returned: old=(0,0,1080,2316) new=(0,0,1080,2316) relayoutAsync=true req=(1080,2316)0 dur=0 res=0x0 s={true 0xb40000768023fb00} ch=false seqId=0
2026-01-03 00:37:34.186 16562-16562 VRI[MainAc...y]@5cfe7b1 com.kcpd.myfolder                    I  registerCallbackForPendingTransactions
2026-01-03 00:37:34.187 16562-16589 VRI[MainAc...y]@5cfe7b1 com.kcpd.myfolder                    I  mWNT: t=0xb4000076800a1800 mBlastBufferQueue=0xb4000076801b3000 fn= 2 HdrRenderState mRenderHdrSdrRatio=1.0 caller= android.view.ViewRootImpl$10.onFrameDraw:6536 android.view.ViewRootImpl$4.onFrameDraw:2489 android.view.ThreadedRenderer$1.onFrameDraw:718 
2026-01-03 00:37:34.206 16562-16586 HWUI                    com.kcpd.myfolder                    D  HWUI - treat SMPTE_170M as sRGB
2026-01-03 00:37:34.206 16562-16562 ImeFocusController      com.kcpd.myfolder                    I  onPreWindowFocus: skipped hasWindowFocus=false mHasImeFocus=true
2026-01-03 00:37:34.206 16562-16562 ImeFocusController      com.kcpd.myfolder                    I  onPostWindowFocus: skipped hasWindowFocus=false mHasImeFocus=true
2026-01-03 00:37:34.216 16562-16562 VRI[MainAc...y]@5cfe7b1 com.kcpd.myfolder                    D  mThreadedRenderer.initializeIfNeeded()#2 mSurface={isValid=true 0xb40000768023fb00}
2026-01-03 00:37:34.216 16562-16562 InputMethodManagerUtils com.kcpd.myfolder                    D  startInputInner - Id : 0
2026-01-03 00:37:34.216 16562-16562 InputMethodManager      com.kcpd.myfolder                    I  startInputInner - IInputMethodManagerGlobalInvoker.startInputOrWindowGainedFocus
2026-01-03 00:37:34.219 16562-16580 InputTransport          com.kcpd.myfolder                    D  Input channel constructed: 'ClientS', fd=168
2026-01-03 00:37:34.222 16562-16562 InputMethodManager      com.kcpd.myfolder                    I  handleMessage: setImeVisibility visible=false
2026-01-03 00:37:34.222 16562-16562 InsetsController        com.kcpd.myfolder                    D  hide(ime(), fromIme=false)
2026-01-03 00:37:34.222 16562-16562 ImeTracker              com.kcpd.myfolder                    I  com.kcpd.myfolder:76087b80: onCancelled at PHASE_CLIENT_ALREADY_HIDDEN
2026-01-03 00:37:34.246 16562-16573 InputTransport          com.kcpd.myfolder                    D  Input channel destroyed: 'ClientS', fd=168
2026-01-03 00:37:36.468 16562-16675 S3RepositoryInstance    com.kcpd.myfolder                    D  Upload successful: s3://myfolder/MyFolderPrivate/photos/9f6059e3-8e27-4ecd-ae09-e6fc3361017f.enc
2026-01-03 00:37:36.468 16562-16675 MultiRemot...oordinator com.kcpd.myfolder                    D  Upload SUCCESS: 20251210_182554.jpg -> R2 Bucket
2026-01-03 00:37:36.468 16562-16668 MultiRemot...oordinator com.kcpd.myfolder                    D  Starting upload: 20251210_182554.jpg -> B2
2026-01-03 00:37:36.469 16562-16668 S3RepositoryInstance    com.kcpd.myfolder                    D  First upload - will initialize MinIO client for myfolderprivatebucket
2026-01-03 00:37:36.469 16562-16668 S3RepositoryInstance    com.kcpd.myfolder                    D  Creating MinIO client for endpoint: s3.us-east-005.backblazeb2.com (bucket: myfolderprivatebucket)
2026-01-03 00:37:36.470 16562-16668 S3RepositoryInstance    com.kcpd.myfolder                    D  MinIO client created in 1ms for myfolderprivatebucket
2026-01-03 00:37:36.878 16562-16562 VRI[MainAc...y]@af407db com.kcpd.myfolder                    I  call setFrameRateCategory for touch hint category=no preference, reason=boost timeout, vri=VRI[MainActivity]@af407db
2026-01-03 00:37:38.470 16562-16650 GoogleDriveInstance     com.kcpd.myfolder                    D  Upload successful: drive://1rKdoZeNz3lDsXDRKg2pdr_t6kVg4iuni
2026-01-03 00:37:38.470 16562-16650 MultiRemot...oordinator com.kcpd.myfolder                    D  Upload SUCCESS: 20251210_182554.jpg -> google1
2026-01-03 00:37:38.471 16562-16650 MultiRemot...oordinator com.kcpd.myfolder                    D  Starting upload: 20251210_182554.jpg -> koofr
2026-01-03 00:37:38.472 16562-16650 WebDavRepository        com.kcpd.myfolder                    D  First upload - will initialize WebDAV client for koofr
2026-01-03 00:37:38.473 16562-16650 WebDavRepository        com.kcpd.myfolder                    D  Creating WebDAV client for: https://app.koofr.net/dav/Koofr
2026-01-03 00:37:38.475 16562-16650 WebDavRepository        com.kcpd.myfolder                    D  WebDAV client created in 2ms for koofr
2026-01-03 00:37:40.467 16562-16650 WebDavRepository        com.kcpd.myfolder                    D  Folder already exists: https://app.koofr.net/dav/Koofr/MyFolderPrivate/ (status: 405)
2026-01-03 00:37:40.776 16562-16668 S3RepositoryInstance    com.kcpd.myfolder                    D  Upload successful: s3://myfolderprivatebucket/MyFolderPrivate/photos/9f6059e3-8e27-4ecd-ae09-e6fc3361017f.enc
2026-01-03 00:37:40.777 16562-16668 MultiRemot...oordinator com.kcpd.myfolder                    D  Upload SUCCESS: 20251210_182554.jpg -> B2
2026-01-03 00:37:40.905 16562-16650 WebDavRepository        com.kcpd.myfolder                    D  Folder already exists: https://app.koofr.net/dav/Koofr/MyFolderPrivate/photos/ (status: 405)
2026-01-03 00:37:45.956 16562-16650 WebDavRepository        com.kcpd.myfolder                    D  Upload successful: webdav://koofr/MyFolderPrivate/photos/9f6059e3-8e27-4ecd-ae09-e6fc3361017f.enc
2026-01-03 00:37:45.957 16562-16650 MultiRemot...oordinator com.kcpd.myfolder                    D  Upload SUCCESS: 20251210_182554.jpg -> koofr
2026-01-03 00:37:45.958 16562-16650 MultiRemot...oordinator com.kcpd.myfolder                    D  Completed file: 20251210_182554.jpg - Moving to next file
2026-01-03 00:37:45.958 16562-16650 MultiRemot...oordinator com.kcpd.myfolder                    D  Processing file: 20251231_155009.jpg
2026-01-03 00:37:45.960 16562-16668 MultiRemot...oordinator com.kcpd.myfolder                    D  Starting upload: 20251231_155009.jpg -> B2
2026-01-03 00:37:45.960 16562-16668 S3RepositoryInstance    com.kcpd.myfolder                    D  Using CACHED MinIO client for myfolderprivatebucket
2026-01-03 00:37:45.960 16562-16677 MultiRemot...oordinator com.kcpd.myfolder                    D  Starting upload: 20251231_155009.jpg -> google1
2026-01-03 00:37:48.616 16562-16677 GoogleDriveInstance     com.kcpd.myfolder                    D  Upload successful: drive://1QNKNNQK5f0iMsdLupqqO6QPg54aAHHut
2026-01-03 00:37:48.617 16562-16677 MultiRemot...oordinator com.kcpd.myfolder                    D  Upload SUCCESS: 20251231_155009.jpg -> google1
2026-01-03 00:37:48.618 16562-16650 MultiRemot...oordinator com.kcpd.myfolder                    D  Starting upload: 20251231_155009.jpg -> R2 Bucket
2026-01-03 00:37:48.618 16562-16650 S3RepositoryInstance    com.kcpd.myfolder                    D  Using CACHED MinIO client for myfolder
2026-01-03 00:37:49.114 16562-16668 S3RepositoryInstance    com.kcpd.myfolder                    D  Upload successful: s3://myfolderprivatebucket/MyFolderPrivate/photos/322d89ce-31f1-4255-8c9c-77bdfe8a290b.enc
2026-01-03 00:37:49.115 16562-16668 MultiRemot...oordinator com.kcpd.myfolder                    D  Upload SUCCESS: 20251231_155009.jpg -> B2
2026-01-03 00:37:49.116 16562-16644 MultiRemot...oordinator com.kcpd.myfolder                    D  Starting upload: 20251231_155009.jpg -> koofr
2026-01-03 00:37:49.116 16562-16644 WebDavRepository        com.kcpd.myfolder                    D  Using CACHED WebDAV client for koofr
2026-01-03 00:37:50.676 16562-16650 S3RepositoryInstance    com.kcpd.myfolder                    D  Upload successful: s3://myfolder/MyFolderPrivate/photos/322d89ce-31f1-4255-8c9c-77bdfe8a290b.enc
2026-01-03 00:37:50.677 16562-16650 MultiRemot...oordinator com.kcpd.myfolder                    D  Upload SUCCESS: 20251231_155009.jpg -> R2 Bucket
2026-01-03 00:37:53.283 16562-16644 WebDavRepository        com.kcpd.myfolder                    D  Upload successful: webdav://koofr/MyFolderPrivate/photos/322d89ce-31f1-4255-8c9c-77bdfe8a290b.enc
2026-01-03 00:37:53.283 16562-16644 MultiRemot...oordinator com.kcpd.myfolder                    D  Upload SUCCESS: 20251231_155009.jpg -> koofr
2026-01-03 00:37:53.284 16562-16644 MultiRemot...oordinator com.kcpd.myfolder                    D  Completed file: 20251231_155009.jpg - Moving to next file
2026-01-03 00:37:53.284 16562-16644 MultiRemot...oordinator com.kcpd.myfolder                    D  Processing file: MEDIA_20260102_225406.jpg
2026-01-03 00:37:53.285 16562-16677 MultiRemot...oordinator com.kcpd.myfolder                    D  Starting upload: MEDIA_20260102_225406.jpg -> google1
2026-01-03 00:37:53.286 16562-16644 MultiRemot...oordinator com.kcpd.myfolder                    D  Starting upload: MEDIA_20260102_225406.jpg -> koofr
2026-01-03 00:37:53.286 16562-16644 WebDavRepository        com.kcpd.myfolder                    D  Using CACHED WebDAV client for koofr
2026-01-03 00:37:55.938 16562-16677 GoogleDriveInstance     com.kcpd.myfolder                    D  Upload successful: drive://1kesTXdnGPzUg0EWpSfelhgxYmHtd3Wwe
2026-01-03 00:37:55.938 16562-16677 MultiRemot...oordinator com.kcpd.myfolder                    D  Upload SUCCESS: MEDIA_20260102_225406.jpg -> google1
2026-01-03 00:37:55.939 16562-16684 MultiRemot...oordinator com.kcpd.myfolder                    D  Starting upload: MEDIA_20260102_225406.jpg -> R2 Bucket
2026-01-03 00:37:55.939 16562-16684 S3RepositoryInstance    com.kcpd.myfolder                    D  Using CACHED MinIO client for myfolder
2026-01-03 00:37:58.485 16562-16562 VRI[MainAc...y]@5cfe7b1 com.kcpd.myfolder                    I  ViewPostIme pointer 0
2026-01-03 00:37:58.492 16562-16562 VRI[MainAc...y]@5cfe7b1 com.kcpd.myfolder                    I  call setFrameRateCategory for touch hint category=high hint, reason=touch, vri=VRI[MainActivity]@5cfe7b1
2026-01-03 00:37:58.816 16562-16562 VRI[MainAc...y]@5cfe7b1 com.kcpd.myfolder                    I  ViewPostIme pointer 1
2026-01-03 00:38:01.817 16562-16562 VRI[MainAc...y]@5cfe7b1 com.kcpd.myfolder                    I  call setFrameRateCategory for touch hint category=no preference, reason=boost timeout, vri=VRI[MainActivity]@5cfe7b1
2026-01-03 00:38:05.388 16562-16684 S3RepositoryInstance    com.kcpd.myfolder                    D  Upload successful: s3://myfolder/MyFolderPrivate/photos/ea02ddd3-5091-4f91-86d5-1f8994e80ab1.enc
2026-01-03 00:38:05.389 16562-16684 MultiRemot...oordinator com.kcpd.myfolder                    D  Upload SUCCESS: MEDIA_20260102_225406.jpg -> R2 Bucket
2026-01-03 00:38:05.390 16562-16650 MultiRemot...oordinator com.kcpd.myfolder                    D  Starting upload: MEDIA_20260102_225406.jpg -> B2
2026-01-03 00:38:05.390 16562-16650 S3RepositoryInstance    com.kcpd.myfolder                    D  Using CACHED MinIO client for myfolderprivatebucket
2026-01-03 00:38:08.563 16562-16650 S3RepositoryInstance    com.kcpd.myfolder                    D  Upload successful: s3://myfolderprivatebucket/MyFolderPrivate/photos/ea02ddd3-5091-4f91-86d5-1f8994e80ab1.enc
2026-01-03 00:38:08.564 16562-16650 MultiRemot...oordinator com.kcpd.myfolder                    D  Upload SUCCESS: MEDIA_20260102_225406.jpg -> B2
2026-01-03 00:38:10.563 16562-16644 WebDavRepository        com.kcpd.myfolder                    D  Upload successful: webdav://koofr/MyFolderPrivate/photos/ea02ddd3-5091-4f91-86d5-1f8994e80ab1.enc
2026-01-03 00:38:10.563 16562-16644 MultiRemot...oordinator com.kcpd.myfolder                    D  Upload SUCCESS: MEDIA_20260102_225406.jpg -> koofr
2026-01-03 00:38:10.564 16562-16644 MultiRemot...oordinator com.kcpd.myfolder                    D  Completed file: MEDIA_20260102_225406.jpg - Moving to next file
2026-01-03 00:38:10.564 16562-16644 MultiRemot...oordinator com.kcpd.myfolder                    D  Processing file: MEDIA_20260102_223920.jpg
2026-01-03 00:38:10.565 16562-16677 MultiRemot...oordinator com.kcpd.myfolder                    D  Starting upload: MEDIA_20260102_223920.jpg -> google1
2026-01-03 00:38:10.566 16562-16653 MultiRemot...oordinator com.kcpd.myfolder                    D  Starting upload: MEDIA_20260102_223920.jpg -> R2 Bucket
2026-01-03 00:38:10.566 16562-16653 S3RepositoryInstance    com.kcpd.myfolder                    D  Using CACHED MinIO client for myfolder
2026-01-03 00:38:12.920 16562-16653 S3RepositoryInstance    com.kcpd.myfolder                    D  Upload successful: s3://myfolder/MyFolderPrivate/photos/275f0559-82b9-431d-aced-998e3d486ce6.enc
2026-01-03 00:38:12.920 16562-16653 MultiRemot...oordinator com.kcpd.myfolder                    D  Upload SUCCESS: MEDIA_20260102_223920.jpg -> R2 Bucket
2026-01-03 00:38:12.921 16562-16650 MultiRemot...oordinator com.kcpd.myfolder                    D  Starting upload: MEDIA_20260102_223920.jpg -> koofr
2026-01-03 00:38:12.921 16562-16650 WebDavRepository        com.kcpd.myfolder                    D  Using CACHED WebDAV client for koofr
2026-01-03 00:38:13.352 16562-16677 GoogleDriveInstance     com.kcpd.myfolder                    D  Upload successful: drive://1WGrCYdzHHL9oCpU2L7HHXFu4PBCyaS0I
2026-01-03 00:38:13.352 16562-16677 MultiRemot...oordinator com.kcpd.myfolder                    D  Upload SUCCESS: MEDIA_20260102_223920.jpg -> google1
2026-01-03 00:38:13.353 16562-16671 MultiRemot...oordinator com.kcpd.myfolder                    D  Starting upload: MEDIA_20260102_223920.jpg -> B2
2026-01-03 00:38:13.353 16562-16671 S3RepositoryInstance    com.kcpd.myfolder                    D  Using CACHED MinIO client for myfolderprivatebucket
2026-01-03 00:38:14.136 16562-16562 VRI[MainAc...y]@5cfe7b1 com.kcpd.myfolder                    I  ViewPostIme pointer 0
2026-01-03 00:38:14.139 16562-16562 VRI[MainAc...y]@5cfe7b1 com.kcpd.myfolder                    I  call setFrameRateCategory for touch hint category=high hint, reason=touch, vri=VRI[MainActivity]@5cfe7b1
2026-01-03 00:38:14.470 16562-16562 VRI[MainAc...y]@5cfe7b1 com.kcpd.myfolder                    I  ViewPostIme pointer 1
2026-01-03 00:38:16.655 16562-16671 S3RepositoryInstance    com.kcpd.myfolder                    D  Upload successful: s3://myfolderprivatebucket/MyFolderPrivate/photos/275f0559-82b9-431d-aced-998e3d486ce6.enc
2026-01-03 00:38:16.655 16562-16671 MultiRemot...oordinator com.kcpd.myfolder                    D  Upload SUCCESS: MEDIA_20260102_223920.jpg -> B2
2026-01-03 00:38:17.471 16562-16562 VRI[MainAc...y]@5cfe7b1 com.kcpd.myfolder                    I  call setFrameRateCategory for touch hint category=no preference, reason=boost timeout, vri=VRI[MainActivity]@5cfe7b1
2026-01-03 00:38:17.634 16562-16650 WebDavRepository        com.kcpd.myfolder                    D  Upload successful: webdav://koofr/MyFolderPrivate/photos/275f0559-82b9-431d-aced-998e3d486ce6.enc
2026-01-03 00:38:17.635 16562-16650 MultiRemot...oordinator com.kcpd.myfolder                    D  Upload SUCCESS: MEDIA_20260102_223920.jpg -> koofr
2026-01-03 00:38:17.635 16562-16650 MultiRemot...oordinator com.kcpd.myfolder                    D  Completed file: MEDIA_20260102_223920.jpg - Moving to next file
2026-01-03 00:38:17.636 16562-16650 MultiRemot...oordinator com.kcpd.myfolder                    D  Processing file: MEDIA_20260102_223918.jpg
2026-01-03 00:38:17.637 16562-16653 MultiRemot...oordinator com.kcpd.myfolder                    D  Starting upload: MEDIA_20260102_223918.jpg -> google1
2026-01-03 00:38:17.637 16562-16671 MultiRemot...oordinator com.kcpd.myfolder                    D  Starting upload: MEDIA_20260102_223918.jpg -> R2 Bucket
2026-01-03 00:38:17.637 16562-16671 S3RepositoryInstance    com.kcpd.myfolder                    D  Using CACHED MinIO client for myfolder
2026-01-03 00:38:18.509 16562-16562 VRI[MainAc...y]@5cfe7b1 com.kcpd.myfolder                    I  ViewPostIme pointer 0
2026-01-03 00:38:18.515 16562-16562 VRI[MainAc...y]@5cfe7b1 com.kcpd.myfolder                    I  call setFrameRateCategory for touch hint category=high hint, reason=touch, vri=VRI[MainActivity]@5cfe7b1
2026-01-03 00:38:18.802 16562-16562 VRI[MainAc...y]@5cfe7b1 com.kcpd.myfolder                    I  ViewPostIme pointer 1
2026-01-03 00:38:19.390 16562-16562 VRI[MainAc...y]@5cfe7b1 com.kcpd.myfolder                    I  ViewPostIme pointer 0
2026-01-03 00:38:19.587 16562-16562 VRI[MainAc...y]@5cfe7b1 com.kcpd.myfolder                    I  ViewPostIme pointer 1
2026-01-03 00:38:20.311 16562-16653 GoogleDriveInstance     com.kcpd.myfolder                    D  Upload successful: drive://1_9dimVXLQ97di1jQx22osDo5ejANRBL0
2026-01-03 00:38:20.311 16562-16653 MultiRemot...oordinator com.kcpd.myfolder                    D  Upload SUCCESS: MEDIA_20260102_223918.jpg -> google1
2026-01-03 00:38:20.312 16562-16684 MultiRemot...oordinator com.kcpd.myfolder                    D  Starting upload: MEDIA_20260102_223918.jpg -> B2
2026-01-03 00:38:20.312 16562-16684 S3RepositoryInstance    com.kcpd.myfolder                    D  Using CACHED MinIO client for myfolderprivatebucket
2026-01-03 00:38:22.591 16562-16562 VRI[MainAc...y]@5cfe7b1 com.kcpd.myfolder                    I  call setFrameRateCategory for touch hint category=no preference, reason=boost timeout, vri=VRI[MainActivity]@5cfe7b1
2026-01-03 00:38:23.837 16562-16684 S3RepositoryInstance    com.kcpd.myfolder                    D  Upload successful: s3://myfolderprivatebucket/MyFolderPrivate/photos/39f79f2c-6ab0-48af-bd60-9b142d20b49a.enc
2026-01-03 00:38:23.838 16562-16684 MultiRemot...oordinator com.kcpd.myfolder                    D  Upload SUCCESS: MEDIA_20260102_223918.jpg -> B2
2026-01-03 00:38:23.839 16562-16668 MultiRemot...oordinator com.kcpd.myfolder                    D  Starting upload: MEDIA_20260102_223918.jpg -> koofr
2026-01-03 00:38:23.839 16562-16668 WebDavRepository        com.kcpd.myfolder                    D  Using CACHED WebDAV client for koofr
2026-01-03 00:38:26.650 16562-16671 S3RepositoryInstance    com.kcpd.myfolder                    D  Upload successful: s3://myfolder/MyFolderPrivate/photos/39f79f2c-6ab0-48af-bd60-9b142d20b49a.enc
2026-01-03 00:38:26.650 16562-16671 MultiRemot...oordinator com.kcpd.myfolder                    D  Upload SUCCESS: MEDIA_20260102_223918.jpg -> R2 Bucket
2026-01-03 00:38:26.680 16562-16571 m.kcpd.myfolder         com.kcpd.myfolder                    I  Compiler allocated 5833KB to compile void com.kcpd.myfolder.ui.folder.FolderScreenKt$FolderScreen$6.invoke(androidx.compose.foundation.layout.PaddingValues, androidx.compose.runtime.Composer, int)
2026-01-03 00:38:27.663 16562-16668 WebDavRepository        com.kcpd.myfolder                    D  Upload successful: webdav://koofr/MyFolderPrivate/photos/39f79f2c-6ab0-48af-bd60-9b142d20b49a.enc
2026-01-03 00:38:27.664 16562-16668 MultiRemot...oordinator com.kcpd.myfolder                    D  Upload SUCCESS: MEDIA_20260102_223918.jpg -> koofr
2026-01-03 00:38:27.665 16562-16668 MultiRemot...oordinator com.kcpd.myfolder                    D  Completed file: MEDIA_20260102_223918.jpg - Moving to next file
2026-01-03 00:38:27.665 16562-16668 MultiRemot...oordinator com.kcpd.myfolder                    D  Processing file: MEDIA_20260102_223917.jpg
2026-01-03 00:38:27.666 16562-16653 MultiRemot...oordinator com.kcpd.myfolder                    D  Starting upload: MEDIA_20260102_223917.jpg -> google1
2026-01-03 00:38:27.667 16562-16684 MultiRemot...oordinator com.kcpd.myfolder                    D  Starting upload: MEDIA_20260102_223917.jpg -> R2 Bucket
2026-01-03 00:38:27.667 16562-16684 S3RepositoryInstance    com.kcpd.myfolder                    D  Using CACHED MinIO client for myfolder
2026-01-03 00:38:28.891 16562-16684 S3RepositoryInstance    com.kcpd.myfolder                    D  Upload successful: s3://myfolder/MyFolderPrivate/photos/21152714-9eaf-4fa0-bc32-8c163a029afc.enc
2026-01-03 00:38:28.892 16562-16684 MultiRemot...oordinator com.kcpd.myfolder                    D  Upload SUCCESS: MEDIA_20260102_223917.jpg -> R2 Bucket
2026-01-03 00:38:28.892 16562-16684 MultiRemot...oordinator com.kcpd.myfolder                    D  Starting upload: MEDIA_20260102_223917.jpg -> B2
2026-01-03 00:38:28.892 16562-16684 S3RepositoryInstance    com.kcpd.myfolder                    D  Using CACHED MinIO client for myfolderprivatebucket
2026-01-03 00:38:30.748 16562-16653 GoogleDriveInstance     com.kcpd.myfolder                    D  Upload successful: drive://1YZk9aJ-1JIEoaKkhSOvJCrvT71eL1h1_
2026-01-03 00:38:30.748 16562-16653 MultiRemot...oordinator com.kcpd.myfolder                    D  Upload SUCCESS: MEDIA_20260102_223917.jpg -> google1
2026-01-03 00:38:30.749 16562-16653 MultiRemot...oordinator com.kcpd.myfolder                    D  Starting upload: MEDIA_20260102_223917.jpg -> koofr
2026-01-03 00:38:30.749 16562-16653 WebDavRepository        com.kcpd.myfolder                    D  Using CACHED WebDAV client for koofr
2026-01-03 00:38:32.500 16562-16684 S3RepositoryInstance    com.kcpd.myfolder                    D  Upload successful: s3://myfolderprivatebucket/MyFolderPrivate/photos/21152714-9eaf-4fa0-bc32-8c163a029afc.enc
2026-01-03 00:38:32.500 16562-16684 MultiRemot...oordinator com.kcpd.myfolder                    D  Upload SUCCESS: MEDIA_20260102_223917.jpg -> B2
2026-01-03 00:38:34.636 16562-16653 WebDavRepository        com.kcpd.myfolder                    D  Upload successful: webdav://koofr/MyFolderPrivate/photos/21152714-9eaf-4fa0-bc32-8c163a029afc.enc
2026-01-03 00:38:34.637 16562-16653 MultiRemot...oordinator com.kcpd.myfolder                    D  Upload SUCCESS: MEDIA_20260102_223917.jpg -> koofr
2026-01-03 00:38:34.638 16562-16653 MultiRemot...oordinator com.kcpd.myfolder                    D  Completed file: MEDIA_20260102_223917.jpg - Moving to next file
2026-01-03 00:38:34.638 16562-16653 MultiRemot...oordinator com.kcpd.myfolder                    D  All 6 files processed
