2026-01-02 22:39:27.863 14104-14104 VRI[MainAc...y]@af407db com.kcpd.myfolder                    I  call setFrameRateCategory for touch hint category=no preference, reason=boost timeout, vri=VRI[MainActivity]@af407db
2026-01-02 22:39:29.474 14104-14104 VRI[Pop-up...w]@4995ed7 com.kcpd.myfolder                    I  ViewPostIme pointer 0
2026-01-02 22:39:29.484 14104-14104 VRI[Pop-up...w]@4995ed7 com.kcpd.myfolder                    I  call setFrameRateCategory for touch hint category=high hint, reason=touch, vri=VRI[Pop-up window]@4995ed7
2026-01-02 22:39:29.494 14104-14104 BLASTBufferQueue_Java   com.kcpd.myfolder                    I  update, w= 481 h= 227 mName = VRI[Pop-up window]@4995ed7 mNativeObject= 0xb4000076deb2f000 sc.mNativeObject= 0xb400007680f4a200 format= -3 caller= android.view.ViewRootImpl.updateBlastSurfaceIfNeeded:3574 android.view.ViewRootImpl.relayoutWindow:11685 android.view.ViewRootImpl.performTraversals:4804 android.view.ViewRootImpl.doTraversal:3924 android.view.ViewRootImpl$TraversalRunnable.run:12903 android.view.Choreographer$CallbackRecord.run:1901 
2026-01-02 22:39:29.494 14104-14104 VRI[Pop-up...w]@4995ed7 com.kcpd.myfolder                    I  Relayout returned: old=(666,206,1071,357) new=(666,206,1071,357) relayoutAsync=true req=(405,151)0 dur=0 res=0x0 s={true 0xb400007680d74c00} ch=false seqId=0
2026-01-02 22:39:29.495 14104-14104 VRI[Pop-up...w]@4995ed7 com.kcpd.myfolder                    I  registerCallbackForPendingTransactions
2026-01-02 22:39:29.496 14104-14126 VRI[Pop-up...w]@4995ed7 com.kcpd.myfolder                    I  mWNT: t=0xb4000076820dfa00 mBlastBufferQueue=0xb4000076deb2f000 fn= 15 HdrRenderState mRenderHdrSdrRatio=1.0 caller= android.view.ViewRootImpl$10.onFrameDraw:6536 android.view.ViewRootImpl$4.onFrameDraw:2489 android.view.ThreadedRenderer$1.onFrameDraw:718 
2026-01-02 22:39:29.496 14104-14122 BLASTBufferQueue_Java   com.kcpd.myfolder                    I  applyPendingTransactions, mName= VRI[Pop-up window]@4995ed7 mNativeObject= 0xb4000076deb2f000 frameNumber= 15 caller= android.view.ViewRootImpl$10.lambda$onFrameDraw$0:6550 android.view.ViewRootImpl$10.$r8$lambda$9Asgene6-vG9RkigzOD8vEb0AKc:0 android.view.ViewRootImpl$10$$ExternalSyntheticLambda0.onFrameCommit:0 android.view.ThreadedRenderer$1.lambda$onFrameDraw$0:730 android.view.ThreadedRenderer$1$$ExternalSyntheticLambda0.onFrameCommit:0 <bottom of call stack> 
2026-01-02 22:39:29.596 14104-14104 VRI[Pop-up...w]@4995ed7 com.kcpd.myfolder                    I  ViewPostIme pointer 1
2026-01-02 22:39:29.633 14104-14104 FolderViewModel         com.kcpd.myfolder                    D  Starting multi-remote upload for 11 files to 4 remotes
2026-01-02 22:39:29.638 14104-14104 MultiRemot...oordinator com.kcpd.myfolder                    D  Starting SEQUENTIAL upload of 11 files to 4 remotes
2026-01-02 22:39:29.638 14104-14104 MultiRemot...oordinator com.kcpd.myfolder                    D  Each file will upload to all 4 remotes in parallel, then move to next file
2026-01-02 22:39:29.639 14104-14104 MultiRemot...oordinator com.kcpd.myfolder                    D  Processing file: MEDIA_20260102_223920.jpg
2026-01-02 22:39:29.640 14104-14170 MultiRemot...oordinator com.kcpd.myfolder                    D  Starting upload: MEDIA_20260102_223920.jpg -> google1
2026-01-02 22:39:29.640 14104-14171 MultiRemot...oordinator com.kcpd.myfolder                    D  Starting upload: MEDIA_20260102_223920.jpg -> B2
2026-01-02 22:39:29.640 14104-14167 MultiRemot...oordinator com.kcpd.myfolder                    D  Starting upload: MEDIA_20260102_223920.jpg -> koofr
2026-01-02 22:39:29.640 14104-14171 S3RepositoryInstance    com.kcpd.myfolder                    D  First upload - will initialize MinIO client for myfolderprivatebucket
2026-01-02 22:39:29.640 14104-14167 WebDavRepository        com.kcpd.myfolder                    D  First upload - will initialize WebDAV client for koofr
2026-01-02 22:39:29.641 14104-14167 WebDavRepository        com.kcpd.myfolder                    D  Creating WebDAV client for: https://app.koofr.net/dav/Koofr
2026-01-02 22:39:29.641 14104-14171 S3RepositoryInstance    com.kcpd.myfolder                    D  Creating MinIO client for endpoint: s3.us-east-005.backblazeb2.com (bucket: myfolderprivatebucket)
2026-01-02 22:39:29.645 14104-14158 MultiRemot...oordinator com.kcpd.myfolder                    D  Starting upload: MEDIA_20260102_223920.jpg -> R2 Bucket
2026-01-02 22:39:29.645 14104-14158 S3RepositoryInstance    com.kcpd.myfolder                    D  First upload - will initialize MinIO client for myfolder
2026-01-02 22:39:29.646 14104-14158 S3RepositoryInstance    com.kcpd.myfolder                    D  Creating MinIO client for endpoint: https://72e9c708db2815f6fb2f34c1a7c58ff2.r2.cloudflarestorage.com (bucket: myfolder)
2026-01-02 22:39:29.661 14104-14167 WebDavRepository        com.kcpd.myfolder                    D  WebDAV client created in 20ms for koofr
2026-01-02 22:39:29.661 14104-14158 S3RepositoryInstance    com.kcpd.myfolder                    D  MinIO client created in 15ms for myfolder
2026-01-02 22:39:29.665 14104-14104 Dialog                  com.kcpd.myfolder                    I  mIsDeviceDefault = false, mIsSamsungBasicInteraction = false, isMetaDataInActivity = false
2026-01-02 22:39:29.668 14104-14104 DecorView               com.kcpd.myfolder                    I  setWindowBackground: isPopOver=false color=0 d=android.graphics.drawable.ColorDrawable@e7400f5
2026-01-02 22:39:29.675 14104-14104 WindowManager           com.kcpd.myfolder                    I  WindowManagerGlobal#addView, ty=2, view=com.android.internal.policy.DecorView{9e67cbb V.E...... R.....I. 0,0-0,0}[MainActivity], caller=android.view.WindowManagerImpl.addView:158 android.app.Dialog.show:540 androidx.compose.material3.ModalBottomSheet_androidKt$ModalBottomSheetDialog$1$1.invoke:307 
2026-01-02 22:39:29.675 14104-14104 ViewRootImpl            com.kcpd.myfolder                    D  desktopMode is false
2026-01-02 22:39:29.675 14104-14104 ViewRootImpl            com.kcpd.myfolder                    I  dVRR is disabled
2026-01-02 22:39:29.676 14104-14122 NativeCust...ncyManager com.kcpd.myfolder                    D  [NativeCFMS] BpCustomFrequencyManager::BpCustomFrequencyManager()
2026-01-02 22:39:29.683 14104-14104 InputTransport          com.kcpd.myfolder                    D  Input channel constructed: 'dd9dace', fd=196
2026-01-02 22:39:29.683 14104-14171 MinioProperties         com.kcpd.myfolder                    E  IOException occurred (Ask Gemini)
                                                                                                    java.io.IOException: invalid header field (line 3)
                                                                                                    	at java.util.jar.Attributes.read(Attributes.java:406)
                                                                                                    	at java.util.jar.Manifest.read(Manifest.java:291)
                                                                                                    	at java.util.jar.Manifest.<init>(Manifest.java:101)
                                                                                                    	at java.util.jar.Manifest.<init>(Manifest.java:77)
                                                                                                    	at io.minio.MinioProperties.setVersion(MinioProperties.java:60)
                                                                                                    	at io.minio.MinioProperties.getVersion(MinioProperties.java:42)
                                                                                                    	at io.minio.MinioProperties.getDefaultUserAgent(MinioProperties.java:79)
                                                                                                    	at io.minio.S3Base.<init>(S3Base.java:129)
                                                                                                    	at io.minio.MinioAsyncClient.<init>(MinioAsyncClient.java:144)
                                                                                                    	at io.minio.MinioAsyncClient.<init>(MinioAsyncClient.java:133)
                                                                                                    	at io.minio.MinioAsyncClient$Builder.build(MinioAsyncClient.java:3358)
                                                                                                    	at io.minio.MinioClient$Builder.build(MinioClient.java:2518)
                                                                                                    	at com.kcpd.myfolder.data.repository.S3RepositoryInstance.minioClient_delegate$lambda$0(RemoteRepositoryFactory.kt:149)
                                                                                                    	at com.kcpd.myfolder.data.repository.S3RepositoryInstance.$r8$lambda$wQNGFOXMup3XL7G4tv2wDT-3LdU(Unknown Source:0)
                                                                                                    	at com.kcpd.myfolder.data.repository.S3RepositoryInstance$$ExternalSyntheticLambda0.invoke(D8$$SyntheticClass:0)
                                                                                                    	at kotlin.SynchronizedLazyImpl.getValue(LazyJVM.kt:83)
                                                                                                    	at com.kcpd.myfolder.data.repository.S3RepositoryInstance.getMinioClient(RemoteRepositoryFactory.kt:142)
                                                                                                    	at com.kcpd.myfolder.data.repository.S3RepositoryInstance.access$getMinioClient(RemoteRepositoryFactory.kt:124)
                                                                                                    	at com.kcpd.myfolder.data.repository.S3RepositoryInstance$uploadFile$2.invokeSuspend(RemoteRepositoryFactory.kt:193)
                                                                                                    	at com.kcpd.myfolder.data.repository.S3RepositoryInstance$uploadFile$2.invoke(Unknown Source:8)
                                                                                                    	at com.kcpd.myfolder.data.repository.S3RepositoryInstance$uploadFile$2.invoke(Unknown Source:4)
                                                                                                    	at kotlinx.coroutines.intrinsics.UndispatchedKt.startUndispatchedOrReturn(Undispatched.kt:43)
                                                                                                    	at kotlinx.coroutines.BuildersKt__Builders_commonKt.withContext(Builders.common.kt:166)
                                                                                                    	at kotlinx.coroutines.BuildersKt.withContext(Unknown Source:1)
                                                                                                    	at com.kcpd.myfolder.data.repository.S3RepositoryInstance.uploadFile-gIAlu-s(RemoteRepositoryFactory.kt:163)
                                                                                                    	at com.kcpd.myfolder.domain.usecase.MultiRemoteUploadCoordinator.uploadToRemote(MultiRemoteUploadCoordinator.kt:228)
                                                                                                    	at com.kcpd.myfolder.domain.usecase.MultiRemoteUploadCoordinator.access$uploadToRemote(MultiRemoteUploadCoordinator.kt:31)
                                                                                                    	at com.kcpd.myfolder.domain.usecase.MultiRemoteUploadCoordinator$uploadFiles$2$uploadJobs$1$1.invokeSuspend(MultiRemoteUploadCoordinator.kt:91)
                                                                                                    	at kotlin.coroutines.jvm.internal.BaseContinuationImpl.resumeWith(ContinuationImpl.kt:33)
                                                                                                    	at kotlinx.coroutines.DispatchedTask.run(DispatchedTask.kt:100)
                                                                                                    	at kotlinx.coroutines.internal.LimitedDispatcher$Worker.run(LimitedDispatcher.kt:113)
                                                                                                    	at kotlinx.coroutines.scheduling.TaskImpl.run(Tasks.kt:89)
                                                                                                    	at kotlinx.coroutines.scheduling.CoroutineScheduler.runSafely(CoroutineScheduler.kt:586)
                                                                                                    	at kotlinx.coroutines.scheduling.CoroutineScheduler$Worker.executeTask(CoroutineScheduler.kt:820)
                                                                                                    	at kotlinx.coroutines.scheduling.CoroutineScheduler$Worker.runWorker(CoroutineScheduler.kt:717)
                                                                                                    	at kotlinx.coroutines.scheduling.CoroutineScheduler$Worker.run(CoroutineScheduler.kt:704)
2026-01-02 22:39:29.683 14104-14104 InsetsController        com.kcpd.myfolder                    I  onStateChanged: host=com.kcpd.myfolder/com.kcpd.myfolder.MainActivity, from=android.view.ViewRootImpl.onInsetsStateChanged:3026, state=InsetsState: {mDisplayFrame=Rect(0, 0 - 1080, 2316), mDisplayCutout=DisplayCutout{insets=Rect(0, 75 - 0, 0) waterfall=Insets{left=0, top=0, right=0, bottom=0} boundingRect={Bounds=[Rect(0, 0 - 0, 0), Rect(513, 0 - 567, 75), Rect(0, 0 - 0, 0), Rect(0, 0 - 0, 0)]} cutoutPathParserInfo={CutoutPathParserInfo{displayWidth=1080 displayHeight=2316 physicalDisplayWidth=1080 physicalDisplayHeight=2316 density={2.8125} cutoutSpec={M 0,0 H -9.466666666666667 V 26.66666666666667‬ H 9.466666666666667 V 0 H 0 Z @dp} rotation={0} scale={1.0} physicalPixelDisplaySizeRatio={1.0}}} sideOverrides={}}, mRoundedCorners=RoundedCorners{[RoundedCorner{position=TopLeft, radius=9, center=Point(9, 9)}, RoundedCorner{position=TopRight, radius=9, center=Point(1071, 9)}, RoundedCorner{position=BottomRight, radius=9, center=Point(1071, 2307)}, RoundedCorner{position=BottomLeft, radius=9, center=Point(9, 2307)}]}  mRoundedCornerFrame=Rect(0, 0 - 1080, 2316), mPrivacyIndicatorBounds=PrivacyIndicatorBounds {static bounds=Rect(977, 0 - 1080, 75) rotation=0}, mDisplayShape=DisplayShape{ spec=-311912193 displayWidth=1080 displayHeight=2316 physicalPixelDisplaySizeRatio=0.75 rotation=0 offsetX=0 offsetY=0 scale=1.0}, mSources= { InsetsSource: {c2d00000 mType=statusBars mFrame=[0,0][1080,75] mVisible=true mFlags= mSideHint=TOP mBoundingRects=null}, InsetsSource: {c2d00005 mType=mandatorySystemGestures mFrame=[0,0][1080,103] mVisible=true mFlags= mSideHint=TOP mBoundingRects=null}, InsetsSource: {c2d00006 mType=tappableElement mFrame=[0,0][1080,75] mVisible=true mFlags= mSideHint=TOP mBoundingRects=null}, InsetsSource: {3 mType=ime mFrame=[0,0][0,0] mVisible=false mFlags= mSideHint=NONE mBoundingRects=null}, InsetsSource: {27 mType=displayCutout mFrame=[0,0][1080,75] mVisible=true mFlags= mSideHint=TOP mBoundingRects=null}, InsetsSource: {63440001 mType=navigationBars mFrame=[0,2281][1080,2316] mVisible=true mFlags=SUPPRESS_SCRIM mSideHint=BOTTOM mBoundingRects=null}, InsetsSource: {63440004 mType=systemGestures mFrame=[0,0][70,2316] mVisible=true mFlags= mSideHint=LEFT mBoundingRects=null}, InsetsSource: {63440005 mType=mandatorySystemGestures mFrame=[0,2241][1080,2316] mVisible=true mFlags= mSideHint=BOTTOM mBoundingRects=null}, InsetsSource: {63440006 mType=tappableElement mFrame=[0,0][0,0] mVisible=true mFlags= mSideHint=NONE mBoundingRects=null}, InsetsSource: {63440024 mType=systemGestures mFrame=[1010,0][1080,2316] mVisible=true mFlags= mSideHint=RIGHT mBoundingRects=null} }
2026-01-02 22:39:29.683 14104-14171 S3RepositoryInstance    com.kcpd.myfolder                    D  MinIO client created in 42ms for myfolderprivatebucket
2026-01-02 22:39:29.684 14104-14104 VRI[MainAc...y]@ec3bd31 com.kcpd.myfolder                    I  synced displayState. AttachInfo displayState=2
2026-01-02 22:39:29.685 14104-14104 VRI[MainAc...y]@ec3bd31 com.kcpd.myfolder                    I  setView = com.android.internal.policy.DecorView@9e67cbb IsHRR=false mFlingFrameRateChange=0 TM=true
2026-01-02 22:39:29.712 14104-14112 InputTransport          com.kcpd.myfolder                    D  Input channel destroyed: 'ClientS', fd=157
2026-01-02 22:39:29.753 14104-14104 InsetsSourceConsumer    com.kcpd.myfolder                    I  applyRequestedVisibilityToControl: visible=true, type=navigationBars, host=com.kcpd.myfolder/com.kcpd.myfolder.MainActivity
2026-01-02 22:39:29.753 14104-14104 InsetsSourceConsumer    com.kcpd.myfolder                    I  applyRequestedVisibilityToControl: visible=true, type=statusBars, host=com.kcpd.myfolder/com.kcpd.myfolder.MainActivity
2026-01-02 22:39:29.754 14104-14104 libc                    com.kcpd.myfolder                    W  Access denied finding property "vendor.display.enable_optimal_refresh_rate"
2026-01-02 22:39:29.754 14104-14104 BufferQueueProducer     com.kcpd.myfolder                    I  [](id:371800000004,api:0,p:0,c:14104) setDequeueTimeout:2077252342
2026-01-02 22:39:29.754 14104-14104 BLASTBufferQueue_Java   com.kcpd.myfolder                    I  new BLASTBufferQueue, mName= VRI[MainActivity]@ec3bd31 mNativeObject= 0xb4000076814ac000 caller= android.view.ViewRootImpl.updateBlastSurfaceIfNeeded:3585 android.view.ViewRootImpl.relayoutWindow:11685 android.view.ViewRootImpl.performTraversals:4804 android.view.ViewRootImpl.doTraversal:3924 android.view.ViewRootImpl$TraversalRunnable.run:12903 android.view.Choreographer$CallbackRecord.run:1901 android.view.Choreographer$CallbackRecord.run:1910 android.view.Choreographer.doCallbacks:1367 android.view.Choreographer.doFrame:1292 android.view.Choreographer$FrameDisplayEventReceiver.run:1870 
2026-01-02 22:39:29.754 14104-14104 BLASTBufferQueue_Java   com.kcpd.myfolder                    I  update, w= 1080 h= 2316 mName = VRI[MainActivity]@ec3bd31 mNativeObject= 0xb4000076814ac000 sc.mNativeObject= 0xb400007681097800 format= -2 caller= android.view.ViewRootImpl.updateBlastSurfaceIfNeeded:3590 android.view.ViewRootImpl.relayoutWindow:11685 android.view.ViewRootImpl.performTraversals:4804 android.view.ViewRootImpl.doTraversal:3924 android.view.ViewRootImpl$TraversalRunnable.run:12903 android.view.Choreographer$CallbackRecord.run:1901 
2026-01-02 22:39:29.754 14104-14104 libc                    com.kcpd.myfolder                    W  Access denied finding property "vendor.display.enable_optimal_refresh_rate"
2026-01-02 22:39:29.754 14104-14104 VRI[MainAc...y]@ec3bd31 com.kcpd.myfolder                    I  Relayout returned: old=(0,0,1080,2316) new=(0,0,1080,2316) relayoutAsync=false req=(1080,2316)0 dur=5 res=0x3 s={true 0xb4000076812b2d00} ch=true seqId=0
2026-01-02 22:39:29.755 14104-14104 VRI[MainAc...y]@ec3bd31 com.kcpd.myfolder                    I  performConfigurationChange setNightDimText nightDimLevel=0
2026-01-02 22:39:29.755 14104-14104 VRI[MainAc...y]@ec3bd31 com.kcpd.myfolder                    D  mThreadedRenderer.initialize() mSurface={isValid=true 0xb4000076812b2d00} hwInitialized=true
2026-01-02 22:39:29.760 14104-14104 VRI[MainAc...y]@ec3bd31 com.kcpd.myfolder                    D  reportNextDraw android.view.ViewRootImpl.performTraversals:5443 android.view.ViewRootImpl.doTraversal:3924 android.view.ViewRootImpl$TraversalRunnable.run:12903 android.view.Choreographer$CallbackRecord.run:1901 android.view.Choreographer$CallbackRecord.run:1910 
2026-01-02 22:39:29.760 14104-14104 VRI[MainAc...y]@ec3bd31 com.kcpd.myfolder                    D  Setup new sync=wmsSync-VRI[MainActivity]@ec3bd31#7
2026-01-02 22:39:29.760 14104-14104 VRI[MainAc...y]@ec3bd31 com.kcpd.myfolder                    I  Creating new active sync group VRI[MainActivity]@ec3bd31#8
2026-01-02 22:39:29.760 14104-14104 VRI[MainAc...y]@ec3bd31 com.kcpd.myfolder                    D  registerCallbacksForSync syncBuffer=false
2026-01-02 22:39:29.766 14104-14125 VRI[MainAc...y]@ec3bd31 com.kcpd.myfolder                    D  Received frameDrawingCallback syncResult=0 frameNum=1.
2026-01-02 22:39:29.766 14104-14125 VRI[MainAc...y]@ec3bd31 com.kcpd.myfolder                    I  mWNT: t=0xb4000076820de680 mBlastBufferQueue=0xb4000076814ac000 fn= 1 HdrRenderState mRenderHdrSdrRatio=1.0 caller= android.view.ViewRootImpl$12.onFrameDraw:15441 android.view.ThreadedRenderer$1.onFrameDraw:718 <bottom of call stack> 
2026-01-02 22:39:29.766 14104-14125 VRI[MainAc...y]@ec3bd31 com.kcpd.myfolder                    I  Setting up sync and frameCommitCallback
2026-01-02 22:39:29.766 14104-14122 BLASTBufferQueue        com.kcpd.myfolder                    I  [VRI[MainActivity]@ec3bd31#3](f:0,a:0,s:0) onFrameAvailable the first frame is available
2026-01-02 22:39:29.766 14104-14122 SurfaceComposerClient   com.kcpd.myfolder                    I  apply transaction with the first frame. layerId: 68410, bufferData(ID: 60576218742805, frameNumber: 1)
2026-01-02 22:39:29.766 14104-14122 VRI[MainAc...y]@ec3bd31 com.kcpd.myfolder                    I  Received frameCommittedCallback lastAttemptedDrawFrameNum=1 didProduceBuffer=true
2026-01-02 22:39:29.767 14104-14122 HWUI                    com.kcpd.myfolder                    D  CFMS:: SetUp Pid : 14104    Tid : 14122
2026-01-02 22:39:29.767 14104-14104 VRI[MainAc...y]@ec3bd31 com.kcpd.myfolder                    D  reportDrawFinished seqId=0
2026-01-02 22:39:29.781 14104-14104 WindowManager           com.kcpd.myfolder                    I  WindowManagerGlobal#removeView, ty=1002, view=androidx.compose.ui.window.PopupLayout{2686e56 V.E...... ......ID 0,0-405,151 #1020002 android:id/content aid=1073741824}, caller=android.view.WindowManagerGlobal.removeView:654 android.view.WindowManagerImpl.removeViewImmediate:216 androidx.compose.ui.window.PopupLayout.dismiss:792 
2026-01-02 22:39:29.782 14104-14104 WindowOnBackDispatcher  com.kcpd.myfolder                    W  sendCancelIfRunning: isInProgress=false callback=androidx.compose.ui.window.Api33Impl$$ExternalSyntheticLambda0@f7c033a
2026-01-02 22:39:29.786 14104-14122 HWUI                    com.kcpd.myfolder                    D  endAllActiveAnimators on 0xb400007680def400 (UnprojectedRipple) with handle 0xb4000076deb1a1e0
2026-01-02 22:39:29.788 14104-14104 VRI[Pop-up...w]@4995ed7 com.kcpd.myfolder                    I  dispatchDetachedFromWindow
2026-01-02 22:39:29.793 14104-14104 InputTransport          com.kcpd.myfolder                    D  Input channel destroyed: 'f727117', fd=151
2026-01-02 22:39:29.799 14104-14104 BLASTBufferQueue_Java   com.kcpd.myfolder                    I  update, w= 1080 h= 2316 mName = VRI[MainActivity]@ec3bd31 mNativeObject= 0xb4000076814ac000 sc.mNativeObject= 0xb400007681097800 format= -2 caller= android.view.ViewRootImpl.updateBlastSurfaceIfNeeded:3574 android.view.ViewRootImpl.relayoutWindow:11685 android.view.ViewRootImpl.performTraversals:4804 android.view.ViewRootImpl.doTraversal:3924 android.view.ViewRootImpl$TraversalRunnable.run:12903 android.view.Choreographer$CallbackRecord.run:1901 
2026-01-02 22:39:29.799 14104-14104 VRI[MainAc...y]@ec3bd31 com.kcpd.myfolder                    I  Relayout returned: old=(0,0,1080,2316) new=(0,0,1080,2316) relayoutAsync=true req=(1080,2316)0 dur=0 res=0x0 s={true 0xb4000076812b2d00} ch=false seqId=0
2026-01-02 22:39:29.799 14104-14104 VRI[MainAc...y]@ec3bd31 com.kcpd.myfolder                    I  registerCallbackForPendingTransactions
2026-01-02 22:39:29.801 14104-14126 VRI[MainAc...y]@ec3bd31 com.kcpd.myfolder                    I  mWNT: t=0xb4000076820e9200 mBlastBufferQueue=0xb4000076814ac000 fn= 2 HdrRenderState mRenderHdrSdrRatio=1.0 caller= android.view.ViewRootImpl$10.onFrameDraw:6536 android.view.ViewRootImpl$4.onFrameDraw:2489 android.view.ThreadedRenderer$1.onFrameDraw:718 
2026-01-02 22:39:29.804 14104-14122 HWUI                    com.kcpd.myfolder                    D  HWUI - treat SMPTE_170M as sRGB
2026-01-02 22:39:29.811 14104-14104 VRI[MainAc...y]@ec3bd31 com.kcpd.myfolder                    D  mThreadedRenderer.initializeIfNeeded()#2 mSurface={isValid=true 0xb4000076812b2d00}
2026-01-02 22:39:29.812 14104-14104 InputMethodManagerUtils com.kcpd.myfolder                    D  startInputInner - Id : 0
2026-01-02 22:39:29.812 14104-14104 InputMethodManager      com.kcpd.myfolder                    I  startInputInner - IInputMethodManagerGlobalInvoker.startInputOrWindowGainedFocus
2026-01-02 22:39:29.813 14104-14116 InputTransport          com.kcpd.myfolder                    D  Input channel constructed: 'ClientS', fd=163
2026-01-02 22:39:29.813 14104-14104 InputMethodManager      com.kcpd.myfolder                    I  handleMessage: setImeVisibility visible=false
2026-01-02 22:39:29.813 14104-14104 InsetsController        com.kcpd.myfolder                    D  hide(ime(), fromIme=false)
2026-01-02 22:39:29.813 14104-14104 ImeTracker              com.kcpd.myfolder                    I  com.kcpd.myfolder:c1b94fee: onCancelled at PHASE_CLIENT_ALREADY_HIDDEN
2026-01-02 22:39:30.576 14104-14167 System.out              com.kcpd.myfolder                    I  Authenticating for response: Response{protocol=h2, code=401, message=, url=https://app.koofr.net/dav/Koofr/MyFolderPrivate/}
2026-01-02 22:39:30.577 14104-14167 System.out              com.kcpd.myfolder                    I  Challenges: [Basic authParams={realm=WebDAV}]
2026-01-02 22:39:31.517 14104-14167 WebDavRepository        com.kcpd.myfolder                    D  Folder check/create for https://app.koofr.net/dav/Koofr/MyFolderPrivate/: Error contacting https://app.koofr.net/dav/Koofr/MyFolderPrivate/ (405 )
2026-01-02 22:39:31.737 14104-14167 System.out              com.kcpd.myfolder                    I  Authenticating for response: Response{protocol=h2, code=401, message=, url=https://app.koofr.net/dav/Koofr/MyFolderPrivate/photos/}
2026-01-02 22:39:31.738 14104-14167 System.out              com.kcpd.myfolder                    I  Challenges: [Basic authParams={realm=WebDAV}]
2026-01-02 22:39:31.829 14104-14112 InputTransport          com.kcpd.myfolder                    D  Input channel destroyed: 'ClientS', fd=163
2026-01-02 22:39:32.125 14104-14167 WebDavRepository        com.kcpd.myfolder                    D  Folder check/create for https://app.koofr.net/dav/Koofr/MyFolderPrivate/photos/: Error contacting https://app.koofr.net/dav/Koofr/MyFolderPrivate/photos/ (405 )
2026-01-02 22:39:32.742 14104-14167 System.out              com.kcpd.myfolder                    I  Authenticating for response: Response{protocol=h2, code=401, message=, url=https://app.koofr.net/dav/Koofr/MyFolderPrivate/photos/275f0559-82b9-431d-aced-998e3d486ce6.enc}
2026-01-02 22:39:32.743 14104-14167 System.out              com.kcpd.myfolder                    I  Challenges: [Basic authParams={realm=WebDAV}]
2026-01-02 22:39:32.762 14104-14171 S3RepositoryInstance    com.kcpd.myfolder                    D  Upload successful: s3://myfolderprivatebucket/MyFolderPrivate/photos/275f0559-82b9-431d-aced-998e3d486ce6.enc
2026-01-02 22:39:32.762 14104-14171 MultiRemot...oordinator com.kcpd.myfolder                    D  Upload SUCCESS: MEDIA_20260102_223920.jpg -> B2
2026-01-02 22:39:33.911 14104-14170 GoogleDriveInstance     com.kcpd.myfolder                    D  Upload successful: drive://18ODJsBtcFTHTYW1Xkq71YfhK_UbjU9K0
2026-01-02 22:39:33.911 14104-14170 MultiRemot...oordinator com.kcpd.myfolder                    D  Upload SUCCESS: MEDIA_20260102_223920.jpg -> google1
2026-01-02 22:39:35.818 14104-14167 WebDavRepository        com.kcpd.myfolder                    D  Upload successful: webdav://koofr/MyFolderPrivate/photos/275f0559-82b9-431d-aced-998e3d486ce6.enc
2026-01-02 22:39:35.819 14104-14167 MultiRemot...oordinator com.kcpd.myfolder                    D  Upload SUCCESS: MEDIA_20260102_223920.jpg -> koofr
2026-01-02 22:39:39.064 14104-14104 VRI[MainAc...y]@ec3bd31 com.kcpd.myfolder                    I  ViewPostIme pointer 0
2026-01-02 22:39:39.069 14104-14104 VRI[MainAc...y]@ec3bd31 com.kcpd.myfolder                    I  call setFrameRateCategory for touch hint category=high hint, reason=touch, vri=VRI[MainActivity]@ec3bd31
2026-01-02 22:39:39.936 14104-14104 VRI[MainAc...y]@ec3bd31 com.kcpd.myfolder                    I  ViewPostIme pointer 1
2026-01-02 22:39:39.978 14104-14158 S3RepositoryInstance    com.kcpd.myfolder                    D  Upload successful: s3://myfolder/MyFolderPrivate/photos/275f0559-82b9-431d-aced-998e3d486ce6.enc
2026-01-02 22:39:39.978 14104-14158 MultiRemot...oordinator com.kcpd.myfolder                    D  Upload SUCCESS: MEDIA_20260102_223920.jpg -> R2 Bucket
2026-01-02 22:39:39.979 14104-14104 MultiRemot...oordinator com.kcpd.myfolder                    D  Completed file: MEDIA_20260102_223920.jpg - Moving to next file
2026-01-02 22:39:39.979 14104-14104 MultiRemot...oordinator com.kcpd.myfolder                    D  Processing file: MEDIA_20260102_223918.jpg
2026-01-02 22:39:39.979 14104-14158 MultiRemot...oordinator com.kcpd.myfolder                    D  Starting upload: MEDIA_20260102_223918.jpg -> google1
2026-01-02 22:39:39.979 14104-14167 MultiRemot...oordinator com.kcpd.myfolder                    D  Starting upload: MEDIA_20260102_223918.jpg -> R2 Bucket
2026-01-02 22:39:39.979 14104-14167 S3RepositoryInstance    com.kcpd.myfolder                    D  Using CACHED MinIO client for myfolder
2026-01-02 22:39:39.979 14104-14171 MultiRemot...oordinator com.kcpd.myfolder                    D  Starting upload: MEDIA_20260102_223918.jpg -> B2
2026-01-02 22:39:39.979 14104-14171 S3RepositoryInstance    com.kcpd.myfolder                    D  Using CACHED MinIO client for myfolderprivatebucket
2026-01-02 22:39:39.980 14104-14172 MultiRemot...oordinator com.kcpd.myfolder                    D  Starting upload: MEDIA_20260102_223918.jpg -> koofr
2026-01-02 22:39:39.980 14104-14172 WebDavRepository        com.kcpd.myfolder                    D  Using CACHED WebDAV client for koofr
2026-01-02 22:39:40.014 14104-14171 S3RepositoryInstance    com.kcpd.myfolder                    W  Upload attempt 1 failed (Ask Gemini)
                                                                                                    java.io.IOException: unexpected end of stream on https://s3.us-east-005.backblazeb2.com/...
                                                                                                    	at okhttp3.internal.http1.Http1ExchangeCodec.readResponseHeaders(Http1ExchangeCodec.kt:210)
                                                                                                    	at okhttp3.internal.connection.Exchange.readResponseHeaders(Exchange.kt:110)
                                                                                                    	at okhttp3.internal.http.CallServerInterceptor.intercept(CallServerInterceptor.kt:93)
                                                                                                    	at okhttp3.internal.http.RealInterceptorChain.proceed(RealInterceptorChain.kt:109)
                                                                                                    	at okhttp3.internal.connection.ConnectInterceptor.intercept(ConnectInterceptor.kt:34)
                                                                                                    	at okhttp3.internal.http.RealInterceptorChain.proceed(RealInterceptorChain.kt:109)
                                                                                                    	at okhttp3.internal.cache.CacheInterceptor.intercept(CacheInterceptor.kt:95)
                                                                                                    	at okhttp3.internal.http.RealInterceptorChain.proceed(RealInterceptorChain.kt:109)
                                                                                                    	at okhttp3.internal.http.BridgeInterceptor.intercept(BridgeInterceptor.kt:83)
                                                                                                    	at okhttp3.internal.http.RealInterceptorChain.proceed(RealInterceptorChain.kt:109)
                                                                                                    	at okhttp3.internal.http.RetryAndFollowUpInterceptor.intercept(RetryAndFollowUpInterceptor.kt:76)
                                                                                                    	at okhttp3.internal.http.RealInterceptorChain.proceed(RealInterceptorChain.kt:109)
                                                                                                    	at okhttp3.internal.connection.RealCall.getResponseWithInterceptorChain$okhttp(RealCall.kt:201)
                                                                                                    	at okhttp3.internal.connection.RealCall$AsyncCall.run(RealCall.kt:517)
                                                                                                    	at java.util.concurrent.ThreadPoolExecutor.runWorker(ThreadPoolExecutor.java:1156)
                                                                                                    	at java.util.concurrent.ThreadPoolExecutor$Worker.run(ThreadPoolExecutor.java:651)
                                                                                                    	at java.lang.Thread.run(Thread.java:1119)
                                                                                                    Caused by: java.io.EOFException: \n not found: limit=0 content=…
                                                                                                    	at okio.RealBufferedSource.readUtf8LineStrict(RealBufferedSource.kt:339)
                                                                                                    	at okhttp3.internal.http1.HeadersReader.readLine(HeadersReader.kt:29)
                                                                                                    	at okhttp3.internal.http1.Http1ExchangeCodec.readResponseHeaders(Http1ExchangeCodec.kt:180)
                                                                                                    	... 16 more
2026-01-02 22:39:40.197 14104-14172 System.out              com.kcpd.myfolder                    I  Authenticating for response: Response{protocol=h2, code=401, message=, url=https://app.koofr.net/dav/Koofr/MyFolderPrivate/}
2026-01-02 22:39:40.198 14104-14172 System.out              com.kcpd.myfolder                    I  Challenges: [Basic authParams={realm=WebDAV}]
2026-01-02 22:39:40.511 14104-14172 WebDavRepository        com.kcpd.myfolder                    D  Folder check/create for https://app.koofr.net/dav/Koofr/MyFolderPrivate/: Error contacting https://app.koofr.net/dav/Koofr/MyFolderPrivate/ (405 )
2026-01-02 22:39:40.729 14104-14172 System.out              com.kcpd.myfolder                    I  Authenticating for response: Response{protocol=h2, code=401, message=, url=https://app.koofr.net/dav/Koofr/MyFolderPrivate/photos/}
2026-01-02 22:39:40.729 14104-14172 System.out              com.kcpd.myfolder                    I  Challenges: [Basic authParams={realm=WebDAV}]
2026-01-02 22:39:41.018 14104-14172 WebDavRepository        com.kcpd.myfolder                    D  Folder check/create for https://app.koofr.net/dav/Koofr/MyFolderPrivate/photos/: Error contacting https://app.koofr.net/dav/Koofr/MyFolderPrivate/photos/ (405 )
2026-01-02 22:39:41.670 14104-14172 System.out              com.kcpd.myfolder                    I  Authenticating for response: Response{protocol=h2, code=401, message=, url=https://app.koofr.net/dav/Koofr/MyFolderPrivate/photos/39f79f2c-6ab0-48af-bd60-9b142d20b49a.enc}
2026-01-02 22:39:41.671 14104-14172 System.out              com.kcpd.myfolder                    I  Challenges: [Basic authParams={realm=WebDAV}]
2026-01-02 22:39:41.936 14104-14104 VRI[MainAc...y]@ec3bd31 com.kcpd.myfolder                    I  ViewPostIme pointer 0
2026-01-02 22:39:42.805 14104-14158 GoogleDriveInstance     com.kcpd.myfolder                    D  Upload successful: drive://1jz4KmxaLaGeNa7sxd8sD4QgLsmbvJAvc
2026-01-02 22:39:42.805 14104-14158 MultiRemot...oordinator com.kcpd.myfolder                    D  Upload SUCCESS: MEDIA_20260102_223918.jpg -> google1
2026-01-02 22:39:42.911 14104-14104 VRI[MainAc...y]@ec3bd31 com.kcpd.myfolder                    I  ViewPostIme pointer 1
2026-01-02 22:39:44.098 14104-14171 S3RepositoryInstance    com.kcpd.myfolder                    D  Upload successful: s3://myfolderprivatebucket/MyFolderPrivate/photos/39f79f2c-6ab0-48af-bd60-9b142d20b49a.enc
2026-01-02 22:39:44.098 14104-14171 MultiRemot...oordinator com.kcpd.myfolder                    D  Upload SUCCESS: MEDIA_20260102_223918.jpg -> B2
2026-01-02 22:39:45.911 14104-14104 VRI[MainAc...y]@ec3bd31 com.kcpd.myfolder                    I  call setFrameRateCategory for touch hint category=no preference, reason=boost timeout, vri=VRI[MainActivity]@ec3bd31
2026-01-02 22:39:48.308 14104-14167 S3RepositoryInstance    com.kcpd.myfolder                    D  Upload successful: s3://myfolder/MyFolderPrivate/photos/39f79f2c-6ab0-48af-bd60-9b142d20b49a.enc
2026-01-02 22:39:48.308 14104-14167 MultiRemot...oordinator com.kcpd.myfolder                    D  Upload SUCCESS: MEDIA_20260102_223918.jpg -> R2 Bucket
2026-01-02 22:40:01.895 14104-14172 WebDavRepository        com.kcpd.myfolder                    D  Upload successful: webdav://koofr/MyFolderPrivate/photos/39f79f2c-6ab0-48af-bd60-9b142d20b49a.enc
2026-01-02 22:40:01.896 14104-14172 MultiRemot...oordinator com.kcpd.myfolder                    D  Upload SUCCESS: MEDIA_20260102_223918.jpg -> koofr
2026-01-02 22:40:01.897 14104-14104 MultiRemot...oordinator com.kcpd.myfolder                    D  Completed file: MEDIA_20260102_223918.jpg - Moving to next file
2026-01-02 22:40:01.897 14104-14104 MultiRemot...oordinator com.kcpd.myfolder                    D  Processing file: MEDIA_20260102_223917.jpg
2026-01-02 22:40:01.899 14104-14172 MultiRemot...oordinator com.kcpd.myfolder                    D  Starting upload: MEDIA_20260102_223917.jpg -> google1
2026-01-02 22:40:01.899 14104-14167 MultiRemot...oordinator com.kcpd.myfolder                    D  Starting upload: MEDIA_20260102_223917.jpg -> R2 Bucket
2026-01-02 22:40:01.899 14104-14167 S3RepositoryInstance    com.kcpd.myfolder                    D  Using CACHED MinIO client for myfolder
2026-01-02 22:40:01.899 14104-14164 MultiRemot...oordinator com.kcpd.myfolder                    D  Starting upload: MEDIA_20260102_223917.jpg -> B2
2026-01-02 22:40:01.899 14104-14164 S3RepositoryInstance    com.kcpd.myfolder                    D  Using CACHED MinIO client for myfolderprivatebucket
2026-01-02 22:40:01.901 14104-14166 MultiRemot...oordinator com.kcpd.myfolder                    D  Starting upload: MEDIA_20260102_223917.jpg -> koofr
2026-01-02 22:40:01.901 14104-14166 WebDavRepository        com.kcpd.myfolder                    D  Using CACHED WebDAV client for koofr
2026-01-02 22:40:02.122 14104-14166 System.out              com.kcpd.myfolder                    I  Authenticating for response: Response{protocol=h2, code=401, message=, url=https://app.koofr.net/dav/Koofr/MyFolderPrivate/}
2026-01-02 22:40:02.122 14104-14166 System.out              com.kcpd.myfolder                    I  Challenges: [Basic authParams={realm=WebDAV}]
2026-01-02 22:40:02.484 14104-14166 WebDavRepository        com.kcpd.myfolder                    D  Folder check/create for https://app.koofr.net/dav/Koofr/MyFolderPrivate/: Error contacting https://app.koofr.net/dav/Koofr/MyFolderPrivate/ (405 )
2026-01-02 22:40:02.709 14104-14166 System.out              com.kcpd.myfolder                    I  Authenticating for response: Response{protocol=h2, code=401, message=, url=https://app.koofr.net/dav/Koofr/MyFolderPrivate/photos/}
2026-01-02 22:40:02.709 14104-14166 System.out              com.kcpd.myfolder                    I  Challenges: [Basic authParams={realm=WebDAV}]
2026-01-02 22:40:03.023 14104-14166 WebDavRepository        com.kcpd.myfolder                    D  Folder check/create for https://app.koofr.net/dav/Koofr/MyFolderPrivate/photos/: Error contacting https://app.koofr.net/dav/Koofr/MyFolderPrivate/photos/ (405 )
2026-01-02 22:40:04.353 14104-14166 System.out              com.kcpd.myfolder                    I  Authenticating for response: Response{protocol=h2, code=401, message=, url=https://app.koofr.net/dav/Koofr/MyFolderPrivate/photos/21152714-9eaf-4fa0-bc32-8c163a029afc.enc}
2026-01-02 22:40:04.354 14104-14166 System.out              com.kcpd.myfolder                    I  Challenges: [Basic authParams={realm=WebDAV}]
2026-01-02 22:40:04.451 14104-14172 GoogleDriveInstance     com.kcpd.myfolder                    D  Upload successful: drive://1C20uFnSfonocHTZYhNTEydQE_dqjyUCl
2026-01-02 22:40:04.451 14104-14172 MultiRemot...oordinator com.kcpd.myfolder                    D  Upload SUCCESS: MEDIA_20260102_223917.jpg -> google1
2026-01-02 22:40:04.789 14104-14623 okhttp.OkHttpClient     com.kcpd.myfolder                    W  A connection to https://app.koofr.net/ was leaked. Did you forget to close a response body? To see where this was allocated, set the OkHttpClient logger level to FINE: Logger.getLogger(OkHttpClient.class.getName()).setLevel(Level.FINE);
2026-01-02 22:40:04.789 14104-14623 okhttp.OkHttpClient     com.kcpd.myfolder                    W  A connection to https://app.koofr.net/ was leaked. Did you forget to close a response body? To see where this was allocated, set the OkHttpClient logger level to FINE: Logger.getLogger(OkHttpClient.class.getName()).setLevel(Level.FINE);
2026-01-02 22:40:05.273 14104-14167 S3RepositoryInstance    com.kcpd.myfolder                    D  Upload successful: s3://myfolder/MyFolderPrivate/photos/21152714-9eaf-4fa0-bc32-8c163a029afc.enc
2026-01-02 22:40:05.274 14104-14167 MultiRemot...oordinator com.kcpd.myfolder                    D  Upload SUCCESS: MEDIA_20260102_223917.jpg -> R2 Bucket
2026-01-02 22:40:07.419 14104-14166 WebDavRepository        com.kcpd.myfolder                    D  Upload successful: webdav://koofr/MyFolderPrivate/photos/21152714-9eaf-4fa0-bc32-8c163a029afc.enc
2026-01-02 22:40:07.419 14104-14166 MultiRemot...oordinator com.kcpd.myfolder                    D  Upload SUCCESS: MEDIA_20260102_223917.jpg -> koofr
2026-01-02 22:40:08.352 14104-14164 S3RepositoryInstance    com.kcpd.myfolder                    D  Upload successful: s3://myfolderprivatebucket/MyFolderPrivate/photos/21152714-9eaf-4fa0-bc32-8c163a029afc.enc
2026-01-02 22:40:08.353 14104-14164 MultiRemot...oordinator com.kcpd.myfolder                    D  Upload SUCCESS: MEDIA_20260102_223917.jpg -> B2
2026-01-02 22:40:08.354 14104-14104 MultiRemot...oordinator com.kcpd.myfolder                    D  Completed file: MEDIA_20260102_223917.jpg - Moving to next file
2026-01-02 22:40:08.354 14104-14104 MultiRemot...oordinator com.kcpd.myfolder                    D  Processing file: MEDIA_20260102_223916.jpg
2026-01-02 22:40:08.355 14104-14164 MultiRemot...oordinator com.kcpd.myfolder                    D  Starting upload: MEDIA_20260102_223916.jpg -> google1
2026-01-02 22:40:08.356 14104-14166 MultiRemot...oordinator com.kcpd.myfolder                    D  Starting upload: MEDIA_20260102_223916.jpg -> R2 Bucket
2026-01-02 22:40:08.356 14104-14166 S3RepositoryInstance    com.kcpd.myfolder                    D  Using CACHED MinIO client for myfolder
2026-01-02 22:40:08.356 14104-14172 MultiRemot...oordinator com.kcpd.myfolder                    D  Starting upload: MEDIA_20260102_223916.jpg -> B2
2026-01-02 22:40:08.357 14104-14172 S3RepositoryInstance    com.kcpd.myfolder                    D  Using CACHED MinIO client for myfolderprivatebucket
2026-01-02 22:40:08.358 14104-14167 MultiRemot...oordinator com.kcpd.myfolder                    D  Starting upload: MEDIA_20260102_223916.jpg -> koofr
2026-01-02 22:40:08.359 14104-14167 WebDavRepository        com.kcpd.myfolder                    D  Using CACHED WebDAV client for koofr
2026-01-02 22:40:08.572 14104-14167 System.out              com.kcpd.myfolder                    I  Authenticating for response: Response{protocol=h2, code=401, message=, url=https://app.koofr.net/dav/Koofr/MyFolderPrivate/}
2026-01-02 22:40:08.572 14104-14167 System.out              com.kcpd.myfolder                    I  Challenges: [Basic authParams={realm=WebDAV}]
2026-01-02 22:40:09.097 14104-14167 WebDavRepository        com.kcpd.myfolder                    D  Folder check/create for https://app.koofr.net/dav/Koofr/MyFolderPrivate/: Error contacting https://app.koofr.net/dav/Koofr/MyFolderPrivate/ (405 )
2026-01-02 22:40:09.315 14104-14167 System.out              com.kcpd.myfolder                    I  Authenticating for response: Response{protocol=h2, code=401, message=, url=https://app.koofr.net/dav/Koofr/MyFolderPrivate/photos/}
2026-01-02 22:40:09.316 14104-14167 System.out              com.kcpd.myfolder                    I  Challenges: [Basic authParams={realm=WebDAV}]
2026-01-02 22:40:09.629 14104-14167 WebDavRepository        com.kcpd.myfolder                    D  Folder check/create for https://app.koofr.net/dav/Koofr/MyFolderPrivate/photos/: Error contacting https://app.koofr.net/dav/Koofr/MyFolderPrivate/photos/ (405 )
2026-01-02 22:40:09.719 14104-14172 S3RepositoryInstance    com.kcpd.myfolder                    D  Upload successful: s3://myfolderprivatebucket/MyFolderPrivate/photos/2b8fe1c7-6bfa-4bfa-b7aa-831cbea711b6.enc
2026-01-02 22:40:09.720 14104-14172 MultiRemot...oordinator com.kcpd.myfolder                    D  Upload SUCCESS: MEDIA_20260102_223916.jpg -> B2
2026-01-02 22:40:10.283 14104-14167 System.out              com.kcpd.myfolder                    I  Authenticating for response: Response{protocol=h2, code=401, message=, url=https://app.koofr.net/dav/Koofr/MyFolderPrivate/photos/2b8fe1c7-6bfa-4bfa-b7aa-831cbea711b6.enc}
2026-01-02 22:40:10.284 14104-14167 System.out              com.kcpd.myfolder                    I  Challenges: [Basic authParams={realm=WebDAV}]
2026-01-02 22:40:11.010 14104-14164 GoogleDriveInstance     com.kcpd.myfolder                    D  Upload successful: drive://1r2E1-Vx4FEhxdY2tK6-Y03vszaP3xHep
2026-01-02 22:40:11.010 14104-14164 MultiRemot...oordinator com.kcpd.myfolder                    D  Upload SUCCESS: MEDIA_20260102_223916.jpg -> google1
2026-01-02 22:40:13.371 14104-14167 WebDavRepository        com.kcpd.myfolder                    D  Upload successful: webdav://koofr/MyFolderPrivate/photos/2b8fe1c7-6bfa-4bfa-b7aa-831cbea711b6.enc
2026-01-02 22:40:13.371 14104-14167 MultiRemot...oordinator com.kcpd.myfolder                    D  Upload SUCCESS: MEDIA_20260102_223916.jpg -> koofr
