2025-12-29 01:46:06.061  9061-9061  SecurityManager         com.kcpd.myfolder                    D  Decrypting DB key: IV=12 bytes, Encrypted=48 bytes
2025-12-29 01:46:06.061  9061-9061  SecurityManager         com.kcpd.myfolder                    D  ✅ Database key decrypted successfully: 32 bytes
2025-12-29 01:46:06.157  9061-9061  ActivityThread          com.kcpd.myfolder                    D  com.kcpd.myfolder will use render engine as VK
2025-12-29 01:46:06.157  9061-9061  HWUI                    com.kcpd.myfolder                    D  HWUI - treat SMPTE_170M as sRGB
2025-12-29 01:46:06.158  9061-9083  DisplayManager          com.kcpd.myfolder                    I  Choreographer implicitly registered for the refresh rate.
2025-12-29 01:46:06.158  9061-9083  HWUI                    com.kcpd.myfolder                    D  CacheManager constructor. deviceInfo=(1080, 1920)
2025-12-29 01:46:06.159  9061-9083  AdrenoGLES-0            com.kcpd.myfolder                    I  QUALCOMM build                   : dc3d4da3a2, Idd45c2c082
                                                                                                    Build Date                       : 05/30/25
                                                                                                    OpenGL ES Shader Compiler Version: E031.41.03.62
                                                                                                    Local Branch                     : 
                                                                                                    Remote Branch                    : refs/tags/AU_LINUX_ANDROID_LA.VENDOR.13.2.0.11.00.00.856.062
                                                                                                    Remote Branch                    : NONE
                                                                                                    Reconstruct Branch               : NOTHING
2025-12-29 01:46:06.159  9061-9083  AdrenoGLES-0            com.kcpd.myfolder                    I  Build Config                     : S P 14.1.4 AArch64
2025-12-29 01:46:06.159  9061-9083  AdrenoGLES-0            com.kcpd.myfolder                    I  Driver Path                      : /vendor/lib64/egl/libGLESv2_adreno.so
2025-12-29 01:46:06.159  9061-9083  AdrenoGLES-0            com.kcpd.myfolder                    I  Driver Version                   : 0676.73
2025-12-29 01:46:06.162  9061-9083  AdrenoGLES-0            com.kcpd.myfolder                    I  PFP: 0x01740181, ME: 0x00000000
2025-12-29 01:46:06.164  9061-9083  Adreno-AppProfiles      com.kcpd.myfolder                    W  Could not find QSPM HAL service. Skipping adreno profile processing.
2025-12-29 01:46:06.166  9061-9083  AdrenoUtils             com.kcpd.myfolder                    I  <ReadGpuID:407>: Reading chip ID through GSL
2025-12-29 01:46:06.168  9061-9061  ashmem                  com.kcpd.myfolder                    E  Pinning is deprecated since Android Q. Please use trim or other methods.
2025-12-29 01:46:06.221  9061-9061  CompatChangeReporter    com.kcpd.myfolder                    D  Compat change id reported: 309578419; UID 10916; state: ENABLED
2025-12-29 01:46:06.222  9061-9061  DesktopModeFlags        com.kcpd.myfolder                    D  Toggle override initialized to: OVERRIDE_UNSET
2025-12-29 01:46:06.223  9061-9061  DecorView               com.kcpd.myfolder                    I  setWindowBackground: isPopOver=false color=fffafafa d=android.graphics.drawable.ColorDrawable@8c6a15c
2025-12-29 01:46:06.234  9061-9061  CompatChangeReporter    com.kcpd.myfolder                    D  Compat change id reported: 352594277; UID 10916; state: ENABLED
2025-12-29 01:46:06.236  9061-9061  ViewRootImpl            com.kcpd.myfolder                    D  desktopMode is false
2025-12-29 01:46:06.237  9061-9061  CompatChangeReporter    com.kcpd.myfolder                    D  Compat change id reported: 349153669; UID 10916; state: ENABLED
2025-12-29 01:46:06.237  9061-9061  ViewRootImpl            com.kcpd.myfolder                    I  dVRR is disabled
2025-12-29 01:46:06.237  9061-9061  HardwareRenderer        com.kcpd.myfolder                    D  onDisplayChanged. displayId=0 current wxh=1080x2316 mLargest wxh=0x0
2025-12-29 01:46:06.237  9061-9061  HardwareRenderer        com.kcpd.myfolder                    D  Set largestWidth and largestHeight as logical resolution. (1080x2316)
2025-12-29 01:46:06.238  9061-9083  HWUI                    com.kcpd.myfolder                    D  setMaxSurfaceArea requested wxh=(1080,2316) requestedSurfaceArea(2501280) mMaxSurfaceArea(2073600)
2025-12-29 01:46:06.238  9061-9083  NativeCust...ncyManager com.kcpd.myfolder                    D  [NativeCFMS] BpCustomFrequencyManager::BpCustomFrequencyManager()
2025-12-29 01:46:06.241  9061-9061  InputTransport          com.kcpd.myfolder                    D  Input channel constructed: '358d260', fd=121
2025-12-29 01:46:06.242  9061-9061  InsetsController        com.kcpd.myfolder                    I  onStateChanged: host=com.kcpd.myfolder/com.kcpd.myfolder.MainActivity, from=android.view.ViewRootImpl.onInsetsStateChanged:3026, state=InsetsState: {mDisplayFrame=Rect(0, 0 - 1080, 2316), mDisplayCutout=DisplayCutout{insets=Rect(0, 75 - 0, 0) waterfall=Insets{left=0, top=0, right=0, bottom=0} boundingRect={Bounds=[Rect(0, 0 - 0, 0), Rect(513, 0 - 567, 75), Rect(0, 0 - 0, 0), Rect(0, 0 - 0, 0)]} cutoutPathParserInfo={CutoutPathParserInfo{displayWidth=1080 displayHeight=2316 physicalDisplayWidth=1080 physicalDisplayHeight=2316 density={2.8125} cutoutSpec={M 0,0 H -9.466666666666667 V 26.66666666666667‬ H 9.466666666666667 V 0 H 0 Z @dp} rotation={0} scale={1.0} physicalPixelDisplaySizeRatio={1.0}}} sideOverrides={}}, mRoundedCorners=RoundedCorners{[RoundedCorner{position=TopLeft, radius=9, center=Point(9, 9)}, RoundedCorner{position=TopRight, radius=9, center=Point(1071, 9)}, RoundedCorner{position=BottomRight, radius=9, center=Point(1071, 2307)}, RoundedCorner{position=BottomLeft, radius=9, center=Point(9, 2307)}]}  mRoundedCornerFrame=Rect(0, 0 - 1080, 2316), mPrivacyIndicatorBounds=PrivacyIndicatorBounds {static bounds=Rect(977, 0 - 1080, 75) rotation=0}, mDisplayShape=DisplayShape{ spec=-311912193 displayWidth=1080 displayHeight=2316 physicalPixelDisplaySizeRatio=0.75 rotation=0 offsetX=0 offsetY=0 scale=1.0}, mSources= { InsetsSource: {c2d00000 mType=statusBars mFrame=[0,0][1080,75] mVisible=true mFlags= mSideHint=TOP mBoundingRects=null}, InsetsSource: {c2d00005 mType=mandatorySystemGestures mFrame=[0,0][1080,103] mVisible=true mFlags= mSideHint=TOP mBoundingRects=null}, InsetsSource: {c2d00006 mType=tappableElement mFrame=[0,0][1080,75] mVisible=true mFlags= mSideHint=TOP mBoundingRects=null}, InsetsSource: {3 mType=ime mFrame=[0,0][0,0] mVisible=false mFlags= mSideHint=NONE mBoundingRects=null}, InsetsSource: {27 mType=displayCutout mFrame=[0,0][1080,75] mVisible=true mFlags= mSideHint=TOP mBoundingRects=null}, InsetsSource: {63440001 mType=navigationBars mFrame=[0,2281][1080,2316] mVisible=true mFlags=SUPPRESS_SCRIM mSideHint=BOTTOM mBoundingRects=null}, InsetsSource: {63440004 mType=systemGestures mFrame=[0,0][70,2316] mVisible=true mFlags= mSideHint=LEFT mBoundingRects=null}, InsetsSource: {63440005 mType=mandatorySystemGestures mFrame=[0,2241][1080,2316] mVisible=true mFlags= mSideHint=BOTTOM mBoundingRects=null}, InsetsSource: {63440006 mType=tappableElement mFrame=[0,0][0,0] mVisible=true mFlags= mSideHint=NONE mBoundingRects=null}, InsetsSource: {63440024 mType=systemGestures mFrame=[1010,0][1080,2316] mVisible=true mFlags= mSideHint=RIGHT mBoundingRects=null} }
2025-12-29 01:46:06.242  9061-9061  VRI[MainAc...y]@937c8ea com.kcpd.myfolder                    I  synced displayState. AttachInfo displayState=2
2025-12-29 01:46:06.243  9061-9061  VRI[MainAc...y]@937c8ea com.kcpd.myfolder                    I  setView = com.android.internal.policy.DecorView@14189b6 IsHRR=false mFlingFrameRateChange=0 TM=true
2025-12-29 01:46:06.243  9061-9061  IDS_TAG                 com.kcpd.myfolder                    I  Starting IDS observe window
2025-12-29 01:46:06.243  9061-9061  IDS_TAG                 com.kcpd.myfolder                    I  Getting Shared Preference for com.kcpd.myfolder.MyFolderApplication@2c4f00f uid = 10916
2025-12-29 01:46:06.244  9061-9061  IDS_TAG                 com.kcpd.myfolder                    I  App com.kcpd.myfolder.MyFolderApplication@2c4f00f has not finished training
2025-12-29 01:46:06.244  9061-9083  HWUI                    com.kcpd.myfolder                    D  HWUI - treat SMPTE_170M as sRGB
2025-12-29 01:46:06.244  9061-9061  IDS_TAG                 com.kcpd.myfolder                    I  Closing IDS observe window
2025-12-29 01:46:06.244  9061-9061  IDS_TAG                 com.kcpd.myfolder                    I  Getting Shared Preference for com.kcpd.myfolder.MyFolderApplication@2c4f00f uid = 10916
2025-12-29 01:46:06.245  9061-9061  IDS_TAG                 com.kcpd.myfolder                    I  IDS count updated to 2 for com.kcpd.myfolder.MyFolderApplication@2c4f00f
2025-12-29 01:46:06.327  9061-9061  BufferQueueProducer     com.kcpd.myfolder                    E  Unable to open libpenguin.so: dlopen failed: library "libpenguin.so" not found.
2025-12-29 01:46:06.327  9061-9061  m.kcpd.myfolder         com.kcpd.myfolder                    E  Unable to open libpenguin.so: dlopen failed: library "libpenguin.so" not found.
2025-12-29 01:46:06.327  9061-9061  libc                    com.kcpd.myfolder                    W  Access denied finding property "vendor.display.enable_optimal_refresh_rate"
2025-12-29 01:46:06.327  9061-9061  BufferQueueProducer     com.kcpd.myfolder                    I  [](id:236500000000,api:0,p:-559959408,c:9061) setDequeueTimeout:2077252342
2025-12-29 01:46:06.328  9061-9061  BLASTBufferQueue_Java   com.kcpd.myfolder                    I  new BLASTBufferQueue, mName= VRI[MainActivity]@937c8ea mNativeObject= 0xb4000076dedac000 caller= android.view.ViewRootImpl.updateBlastSurfaceIfNeeded:3585 android.view.ViewRootImpl.relayoutWindow:11685 android.view.ViewRootImpl.performTraversals:4804 android.view.ViewRootImpl.doTraversal:3924 android.view.ViewRootImpl$TraversalRunnable.run:12903 android.view.Choreographer$CallbackRecord.run:1901 android.view.Choreographer$CallbackRecord.run:1910 android.view.Choreographer.doCallbacks:1367 android.view.Choreographer.doFrame:1292 android.view.Choreographer$FrameDisplayEventReceiver.run:1870 
2025-12-29 01:46:06.328  9061-9061  BLASTBufferQueue_Java   com.kcpd.myfolder                    I  update, w= 1080 h= 2316 mName = VRI[MainActivity]@937c8ea mNativeObject= 0xb4000076dedac000 sc.mNativeObject= 0xb4000077247a9bc0 format= -1 caller= android.view.ViewRootImpl.updateBlastSurfaceIfNeeded:3590 android.view.ViewRootImpl.relayoutWindow:11685 android.view.ViewRootImpl.performTraversals:4804 android.view.ViewRootImpl.doTraversal:3924 android.view.ViewRootImpl$TraversalRunnable.run:12903 android.view.Choreographer$CallbackRecord.run:1901 
2025-12-29 01:46:06.328  9061-9061  libc                    com.kcpd.myfolder                    W  Access denied finding property "vendor.display.enable_optimal_refresh_rate"
2025-12-29 01:46:06.328  9061-9061  VRI[MainAc...y]@937c8ea com.kcpd.myfolder                    I  Relayout returned: old=(0,0,1080,2316) new=(0,0,1080,2316) relayoutAsync=false req=(1080,2316)0 dur=4 res=0x3 s={true 0xb4000076e5e4ca00} ch=true seqId=0
2025-12-29 01:46:06.329  9061-9061  VRI[MainAc...y]@937c8ea com.kcpd.myfolder                    I  performConfigurationChange setNightDimText nightDimLevel=0
2025-12-29 01:46:06.329  9061-9061  VRI[MainAc...y]@937c8ea com.kcpd.myfolder                    D  mThreadedRenderer.initialize() mSurface={isValid=true 0xb4000076e5e4ca00} hwInitialized=true
2025-12-29 01:46:06.330  9061-9061  VRI[MainAc...y]@937c8ea com.kcpd.myfolder                    D  reportNextDraw android.view.ViewRootImpl.performTraversals:5443 android.view.ViewRootImpl.doTraversal:3924 android.view.ViewRootImpl$TraversalRunnable.run:12903 android.view.Choreographer$CallbackRecord.run:1901 android.view.Choreographer$CallbackRecord.run:1910 
2025-12-29 01:46:06.330  9061-9061  VRI[MainAc...y]@937c8ea com.kcpd.myfolder                    D  Setup new sync=wmsSync-VRI[MainActivity]@937c8ea#0
2025-12-29 01:46:06.330  9061-9061  VRI[MainAc...y]@937c8ea com.kcpd.myfolder                    I  Creating new active sync group VRI[MainActivity]@937c8ea#1
2025-12-29 01:46:06.331  9061-9061  VRI[MainAc...y]@937c8ea com.kcpd.myfolder                    D  registerCallbacksForSync syncBuffer=false
2025-12-29 01:46:06.331  9061-9088  VRI[MainAc...y]@937c8ea com.kcpd.myfolder                    D  Received frameDrawingCallback syncResult=0 frameNum=1.
2025-12-29 01:46:06.332  9061-9088  VRI[MainAc...y]@937c8ea com.kcpd.myfolder                    I  mWNT: t=0xb4000076e5dd3c00 mBlastBufferQueue=0xb4000076dedac000 fn= 1 HdrRenderState mRenderHdrSdrRatio=1.0 caller= android.view.ViewRootImpl$12.onFrameDraw:15441 android.view.ThreadedRenderer$1.onFrameDraw:718 <bottom of call stack> 
2025-12-29 01:46:06.332  9061-9088  VRI[MainAc...y]@937c8ea com.kcpd.myfolder                    I  Setting up sync and frameCommitCallback
2025-12-29 01:46:06.333  9061-9083  BLASTBufferQueue        com.kcpd.myfolder                    I  [VRI[MainActivity]@937c8ea#0](f:0,a:0,s:0) onFrameAvailable the first frame is available
2025-12-29 01:46:06.333  9061-9083  SurfaceComposerClient   com.kcpd.myfolder                    I  apply transaction with the first frame. layerId: 12503, bufferData(ID: 38916698669059, frameNumber: 1)
2025-12-29 01:46:06.333  9061-9083  VRI[MainAc...y]@937c8ea com.kcpd.myfolder                    I  Received frameCommittedCallback lastAttemptedDrawFrameNum=1 didProduceBuffer=true
2025-12-29 01:46:06.334  9061-9083  HWUI                    com.kcpd.myfolder                    D  CFMS:: SetUp Pid : 9061    Tid : 9083
2025-12-29 01:46:06.334  9061-9061  VRI[MainAc...y]@937c8ea com.kcpd.myfolder                    D  reportDrawFinished seqId=0
2025-12-29 01:46:06.383  9061-9061  m.kcpd.myfolder         com.kcpd.myfolder                    W  Method boolean androidx.compose.runtime.snapshots.SnapshotStateList.conditionalUpdate(boolean, kotlin.jvm.functions.Function1) failed lock verification and will run slower.
                                                                                                    Common causes for lock verification issues are non-optimized dex code
                                                                                                    and incorrect proguard optimizations.
2025-12-29 01:46:06.383  9061-9061  m.kcpd.myfolder         com.kcpd.myfolder                    W  Method boolean androidx.compose.runtime.snapshots.SnapshotStateList.conditionalUpdate$default(androidx.compose.runtime.snapshots.SnapshotStateList, boolean, kotlin.jvm.functions.Function1, int, java.lang.Object) failed lock verification and will run slower.
2025-12-29 01:46:06.383  9061-9061  m.kcpd.myfolder         com.kcpd.myfolder                    W  Method java.lang.Object androidx.compose.runtime.snapshots.SnapshotStateList.mutate(kotlin.jvm.functions.Function1) failed lock verification and will run slower.
2025-12-29 01:46:06.383  9061-9061  m.kcpd.myfolder         com.kcpd.myfolder                    W  Method void androidx.compose.runtime.snapshots.SnapshotStateList.update(boolean, kotlin.jvm.functions.Function1) failed lock verification and will run slower.
2025-12-29 01:46:06.383  9061-9061  m.kcpd.myfolder         com.kcpd.myfolder                    W  Method void androidx.compose.runtime.snapshots.SnapshotStateList.update$default(androidx.compose.runtime.snapshots.SnapshotStateList, boolean, kotlin.jvm.functions.Function1, int, java.lang.Object) failed lock verification and will run slower.
2025-12-29 01:46:06.397  9061-9061  VaultUnlockViewModel    com.kcpd.myfolder                    D  Biometric check: vaultEnabled=false, canUse=true
2025-12-29 01:46:06.406  9061-9067  m.kcpd.myfolder         com.kcpd.myfolder                    I  Compiler allocated 5101KB to compile void android.view.ViewRootImpl.performTraversals()
2025-12-29 01:46:06.520  9061-9061  VaultUnlockScreen       com.kcpd.myfolder                    D  Screen launched, isBiometricEnabled=false
2025-12-29 01:46:06.520  9061-9061  VaultUnlockScreen       com.kcpd.myfolder                    D  Requesting focus on password field
2025-12-29 01:46:06.525  9061-9061  VaultUnlockScreen       com.kcpd.myfolder                    D  Auto-biometric effect triggered: enabled=false, activity=com.kcpd.myfolder.MainActivity@1311cfe
2025-12-29 01:46:06.525  9061-9061  VaultUnlockScreen       com.kcpd.myfolder                    D  Biometric not enabled, skipping auto-unlock
2025-12-29 01:46:06.562  9061-9061  InsetsSourceConsumer    com.kcpd.myfolder                    I  applyRequestedVisibilityToControl: visible=true, type=navigationBars, host=com.kcpd.myfolder/com.kcpd.myfolder.MainActivity
2025-12-29 01:46:06.562  9061-9061  InsetsSourceConsumer    com.kcpd.myfolder                    I  applyRequestedVisibilityToControl: visible=true, type=statusBars, host=com.kcpd.myfolder/com.kcpd.myfolder.MainActivity
2025-12-29 01:46:06.563  9061-9061  VRI[MainAc...y]@937c8ea com.kcpd.myfolder                    D  mThreadedRenderer.initializeIfNeeded()#2 mSurface={isValid=true 0xb4000076e5e4ca00}
2025-12-29 01:46:06.565  9061-9061  InputMethodManagerUtils com.kcpd.myfolder                    D  startInputInner - Id : 0
2025-12-29 01:46:06.565  9061-9061  InputMethodManager      com.kcpd.myfolder                    I  startInputInner - IInputMethodManagerGlobalInvoker.startInputOrWindowGainedFocus
2025-12-29 01:46:06.568  9061-9075  InputTransport          com.kcpd.myfolder                    D  Input channel constructed: 'ClientS', fd=142
2025-12-29 01:46:06.577  9061-9061  InputMethodManagerUtils com.kcpd.myfolder                    D  startInputInner - Id : 0
2025-12-29 01:46:06.577  9061-9061  InputMethodManager      com.kcpd.myfolder                    I  startInputInner - IInputMethodManagerGlobalInvoker.startInputOrWindowGainedFocus
2025-12-29 01:46:06.578  9061-9061  InsetsController        com.kcpd.myfolder                    D  show(ime(), fromIme=false)
2025-12-29 01:46:06.579  9061-9061  ImeTracker              com.kcpd.myfolder                    I  com.kcpd.myfolder:809ad76e: onRequestShow at ORIGIN_CLIENT reason SHOW_SOFT_INPUT_BY_INSETS_API fromUser false
2025-12-29 01:46:06.579  9061-9074  InputTransport          com.kcpd.myfolder                    D  Input channel constructed: 'ClientS', fd=143
2025-12-29 01:46:06.579  9061-9061  InsetsController        com.kcpd.myfolder                    D  Setting requestedVisibleTypes to -1 (was -9)
2025-12-29 01:46:06.580  9061-9061  InsetsController        com.kcpd.myfolder                    I  setRequestedVisibleTypes: visible=true, mask=ime, host=com.kcpd.myfolder/com.kcpd.myfolder.MainActivity, from=android.view.InsetsController.controlAnimationUnchecked:1604 android.view.InsetsController.applyAnimation:2416 android.view.InsetsController.applyAnimation:2343 android.view.InsetsController.show:1422 android.view.InsetsController.show:1335 androidx.core.view.SoftwareKeyboardControllerCompat$Impl30.show:194 androidx.core.view.SoftwareKeyboardControllerCompat.show:71 androidx.compose.ui.text.input.InputMethodManagerImpl.showSoftInput:84 androidx.compose.ui.text.input.TextInputServiceAndroid.setKeyboardVisibleImmediately:457 androidx.compose.ui.text.input.TextInputServiceAndroid.processInputCommands:345 
2025-12-29 01:46:06.597  9061-9061  RemoteInpu...ectionImpl com.kcpd.myfolder                    W  getExtractedText on inactive InputConnection
2025-12-29 01:46:06.598  9061-9061  InputMethodManager_LC   com.kcpd.myfolder                    I  showSoftInput(View,I)
2025-12-29 01:46:06.598  9061-9061  ImeTracker              com.kcpd.myfolder                    I  com.kcpd.myfolder:fcb11b76: onRequestShow at ORIGIN_CLIENT reason SHOW_SOFT_INPUT fromUser false
2025-12-29 01:46:06.598  9061-9061  InputMethodManager_LC   com.kcpd.myfolder                    I  ssi(): flags=0 view=com.kcpd.myfolder reason=SHOW_SOFT_INPUT
2025-12-29 01:46:06.598  9061-9061  InputMethodManager_LC   com.kcpd.myfolder                    I  ssi() view is not EditText
2025-12-29 01:46:06.599  9061-9061  InsetsController        com.kcpd.myfolder                    D  show(ime(), fromIme=false)
2025-12-29 01:46:06.599  9061-9061  ImeTracker              com.kcpd.myfolder                    I  com.kcpd.myfolder:fcb11b76: onCancelled at PHASE_CLIENT_REPORT_REQUESTED_VISIBLE_TYPES
2025-12-29 01:46:06.600  9061-9061  VRI[MainAc...y]@937c8ea com.kcpd.myfolder                    I  handleResized, frames=ClientWindowFrames{frame=[0,0][1080,2316] display=[0,0][1080,2316] parentFrame=[0,0][0,0]} displayId=0 dragResizing=false compatScale=1.0 frameChanged=false attachedFrameChanged=false configChanged=false displayChanged=false compatScaleChanged=false dragResizingChanged=false
2025-12-29 01:46:06.671  9061-9061  RemoteInpu...ectionImpl com.kcpd.myfolder                    W  requestCursorUpdates on inactive InputConnection
2025-12-29 01:46:06.731  9061-9061  InsetsController        com.kcpd.myfolder                    I  onStateChanged: host=com.kcpd.myfolder/com.kcpd.myfolder.MainActivity, from=android.view.ViewRootImpl.onInsetsStateChanged:3026, state=InsetsState: {mDisplayFrame=Rect(0, 0 - 1080, 2316), mDisplayCutout=DisplayCutout{insets=Rect(0, 75 - 0, 0) waterfall=Insets{left=0, top=0, right=0, bottom=0} boundingRect={Bounds=[Rect(0, 0 - 0, 0), Rect(513, 0 - 567, 75), Rect(0, 0 - 0, 0), Rect(0, 0 - 0, 0)]} cutoutPathParserInfo={CutoutPathParserInfo{displayWidth=1080 displayHeight=2316 physicalDisplayWidth=1080 physicalDisplayHeight=2316 density={2.8125} cutoutSpec={M 0,0 H -9.466666666666667 V 26.66666666666667‬ H 9.466666666666667 V 0 H 0 Z @dp} rotation={0} scale={1.0} physicalPixelDisplaySizeRatio={1.0}}} sideOverrides={}}, mRoundedCorners=RoundedCorners{[RoundedCorner{position=TopLeft, radius=9, center=Point(9, 9)}, RoundedCorner{position=TopRight, radius=9, center=Point(1071, 9)}, RoundedCorner{position=BottomRight, radius=9, center=Point(1071, 2307)}, RoundedCorner{position=BottomLeft, radius=9, center=Point(9, 2307)}]}  mRoundedCornerFrame=Rect(0, 0 - 1080, 2316), mPrivacyIndicatorBounds=PrivacyIndicatorBounds {static bounds=Rect(977, 0 - 1080, 75) rotation=0}, mDisplayShape=DisplayShape{ spec=-311912193 displayWidth=1080 displayHeight=2316 physicalPixelDisplaySizeRatio=0.75 rotation=0 offsetX=0 offsetY=0 scale=1.0}, mSources= { InsetsSource: {c2d00000 mType=statusBars mFrame=[0,0][1080,75] mVisible=true mFlags= mSideHint=TOP mBoundingRects=null}, InsetsSource: {c2d00005 mType=mandatorySystemGestures mFrame=[0,0][1080,103] mVisible=true mFlags= mSideHint=TOP mBoundingRects=null}, InsetsSource: {c2d00006 mType=tappableElement mFrame=[0,0][1080,75] mVisible=true mFlags= mSideHint=TOP mBoundingRects=null}, InsetsSource: {3 mType=ime mFrame=[0,1350][1080,2316] mVisible=true mFlags= mSideHint=BOTTOM mBoundingRects=null}, InsetsSource: {27 mType=displayCutout mFrame=[0,0][1080,75] mVisible=true mFlags= mSideHint=TOP mBoundingRects=null}, InsetsSource: {63440001 mType=navigationBars mFrame=[0,2281][1080,2316] mVisible=true mFlags=SUPPRESS_SCRIM mSideHint=BOTTOM mBoundingRects=null}, InsetsSource: {63440004 mType=systemGestures mFrame=[0,0][70,2316] mVisible=true mFlags= mSideHint=LEFT mBoundingRects=null}, InsetsSource: {63440005 mType=mandatorySystemGestures mFrame=[0,2241][1080,2316] mVisible=true mFlags= mSideHint=BOTTOM mBoundingRects=null}, InsetsSource: {63440006 mType=tappableElement mFrame=[0,0][0,0] mVisible=true mFlags= mSideHint=NONE mBoundingRects=null}, InsetsSource: {63440024 mType=systemGestures mFrame=[1010,0][1080,2316] mVisible=true mFlags= mSideHint=RIGHT mBoundingRects=null} }
2025-12-29 01:46:06.731  9061-9061  VRI[MainAc...y]@937c8ea com.kcpd.myfolder                    I  handleResized, frames=ClientWindowFrames{frame=[0,0][1080,2316] display=[0,0][1080,2316] parentFrame=[0,0][0,0]} displayId=0 dragResizing=false compatScale=1.0 frameChanged=false attachedFrameChanged=false configChanged=false displayChanged=false compatScaleChanged=false dragResizingChanged=false
2025-12-29 01:46:06.731  9061-9061  InsetsController        com.kcpd.myfolder                    I  onStateChanged: host=com.kcpd.myfolder/com.kcpd.myfolder.MainActivity, from=android.view.ViewRootImpl.onInsetsStateChanged:3026, state=InsetsState: {mDisplayFrame=Rect(0, 0 - 1080, 2316), mDisplayCutout=DisplayCutout{insets=Rect(0, 75 - 0, 0) waterfall=Insets{left=0, top=0, right=0, bottom=0} boundingRect={Bounds=[Rect(0, 0 - 0, 0), Rect(513, 0 - 567, 75), Rect(0, 0 - 0, 0), Rect(0, 0 - 0, 0)]} cutoutPathParserInfo={CutoutPathParserInfo{displayWidth=1080 displayHeight=2316 physicalDisplayWidth=1080 physicalDisplayHeight=2316 density={2.8125} cutoutSpec={M 0,0 H -9.466666666666667 V 26.66666666666667‬ H 9.466666666666667 V 0 H 0 Z @dp} rotation={0} scale={1.0} physicalPixelDisplaySizeRatio={1.0}}} sideOverrides={}}, mRoundedCorners=RoundedCorners{[RoundedCorner{position=TopLeft, radius=9, center=Point(9, 9)}, RoundedCorner{position=TopRight, radius=9, center=Point(1071, 9)}, RoundedCorner{position=BottomRight, radius=9, center=Point(1071, 2307)}, RoundedCorner{position=BottomLeft, radius=9, center=Point(9, 2307)}]}  mRoundedCornerFrame=Rect(0, 0 - 1080, 2316), mPrivacyIndicatorBounds=PrivacyIndicatorBounds {static bounds=Rect(977, 0 - 1080, 75) rotation=0}, mDisplayShape=DisplayShape{ spec=-311912193 displayWidth=1080 displayHeight=2316 physicalPixelDisplaySizeRatio=0.75 rotation=0 offsetX=0 offsetY=0 scale=1.0}, mSources= { InsetsSource: {c2d00000 mType=statusBars mFrame=[0,0][1080,75] mVisible=true mFlags= mSideHint=TOP mBoundingRects=null}, InsetsSource: {c2d00005 mType=mandatorySystemGestures mFrame=[0,0][1080,103] mVisible=true mFlags= mSideHint=TOP mBoundingRects=null}, InsetsSource: {c2d00006 mType=tappableElement mFrame=[0,0][1080,75] mVisible=true mFlags= mSideHint=TOP mBoundingRects=null}, InsetsSource: {3 mType=ime mFrame=[0,1350][1080,2316] mVisible=true mFlags= mSideHint=BOTTOM mBoundingRects=null}, InsetsSource: {27 mType=displayCutout mFrame=[0,0][1080,75] mVisible=true mFlags= mSideHint=TOP mBoundingRects=null}, InsetsSource: {63440001 mType=navigationBars mFrame=[0,2281][1080,2316] mVisible=true mFlags=SUPPRESS_SCRIM mSideHint=BOTTOM mBoundingRects=null}, InsetsSource: {63440004 mType=systemGestures mFrame=[0,0][70,2316] mVisible=true mFlags= mSideHint=LEFT mBoundingRects=null}, InsetsSource: {63440005 mType=mandatorySystemGestures mFrame=[0,2241][1080,2316] mVisible=true mFlags= mSideHint=BOTTOM mBoundingRects=null}, InsetsSource: {63440006 mType=tappableElement mFrame=[0,0][0,0] mVisible=true mFlags= mSideHint=NONE mBoundingRects=null}, InsetsSource: {63440024 mType=systemGestures mFrame=[1010,0][1080,2316] mVisible=true mFlags= mSideHint=RIGHT mBoundingRects=null} }
2025-12-29 01:46:06.731  9061-9061  InsetsController        com.kcpd.myfolder                    I  controlAnimationUncheckedInner: Added types=ime, animType=0, host=com.kcpd.myfolder/com.kcpd.myfolder.MainActivity, from=android.view.InsetsController.controlAnimationUnchecked:1608 android.view.InsetsController.applyAnimation:2416 android.view.InsetsController.applyAnimation:2343 
2025-12-29 01:46:06.750  9061-9061  BLASTBufferQueue_Java   com.kcpd.myfolder                    I  update, w= 1080 h= 2316 mName = VRI[MainActivity]@937c8ea mNativeObject= 0xb4000076dedac000 sc.mNativeObject= 0xb4000077247a9bc0 format= -1 caller= android.view.ViewRootImpl.updateBlastSurfaceIfNeeded:3574 android.view.ViewRootImpl.relayoutWindow:11685 android.view.ViewRootImpl.performTraversals:4804 android.view.ViewRootImpl.doTraversal:3924 android.view.ViewRootImpl$TraversalRunnable.run:12903 android.view.Choreographer$CallbackRecord.run:1901 
2025-12-29 01:46:06.750  9061-9061  VRI[MainAc...y]@937c8ea com.kcpd.myfolder                    I  Relayout returned: old=(0,0,1080,2316) new=(0,0,1080,2316) relayoutAsync=true req=(1080,2316)0 dur=0 res=0x0 s={true 0xb4000076e5e4ca00} ch=false seqId=0
2025-12-29 01:46:06.751  9061-9061  InteractionJankMonitor  com.kcpd.myfolder                    W  Initializing without READ_DEVICE_CONFIG permission. enabled=false, interval=1, missedFrameThreshold=3, frameTimeThreshold=64, package=com.kcpd.myfolder
2025-12-29 01:46:06.752  9061-9061  VRI[MainAc...y]@937c8ea com.kcpd.myfolder                    I  registerCallbackForPendingTransactions
2025-12-29 01:46:06.757  9061-9087  VRI[MainAc...y]@937c8ea com.kcpd.myfolder                    I  mWNT: t=0xb4000076deaa3900 mBlastBufferQueue=0xb4000076dedac000 fn= 11 HdrRenderState mRenderHdrSdrRatio=1.0 caller= android.view.SyncRtSurfaceTransactionApplier.applyTransaction:100 android.view.SyncRtSurfaceTransactionApplier.lambda$scheduleApply$0:73 android.view.SyncRtSurfaceTransactionApplier.$r8$lambda$afI4fXg3U3-nBZQEDQMiNy-B06s:0 
2025-12-29 01:46:06.757  9061-9087  VRI[MainAc...y]@937c8ea com.kcpd.myfolder                    I  mWNT: t=0xb4000076deaa3a80 mBlastBufferQueue=0xb4000076dedac000 fn= 11 HdrRenderState mRenderHdrSdrRatio=1.0 caller= android.view.ViewRootImpl$10.onFrameDraw:6536 android.view.ViewRootImpl$4.onFrameDraw:2489 android.view.ThreadedRenderer$1.onFrameDraw:718 
2025-12-29 01:46:06.776  9061-9088  VRI[MainAc...y]@937c8ea com.kcpd.myfolder                    I  mWNT: t=0xb4000076deaa3180 mBlastBufferQueue=0xb4000076dedac000 fn= 12 HdrRenderState mRenderHdrSdrRatio=1.0 caller= android.view.SyncRtSurfaceTransactionApplier.applyTransaction:100 android.view.SyncRtSurfaceTransactionApplier.lambda$scheduleApply$0:73 android.view.SyncRtSurfaceTransactionApplier.$r8$lambda$afI4fXg3U3-nBZQEDQMiNy-B06s:0 
2025-12-29 01:46:06.781  9061-9087  VRI[MainAc...y]@937c8ea com.kcpd.myfolder                    I  mWNT: t=0xb4000076deaa3480 mBlastBufferQueue=0xb4000076dedac000 fn= 13 HdrRenderState mRenderHdrSdrRatio=1.0 caller= android.view.SyncRtSurfaceTransactionApplier.applyTransaction:100 android.view.SyncRtSurfaceTransactionApplier.lambda$scheduleApply$0:73 android.view.SyncRtSurfaceTransactionApplier.$r8$lambda$afI4fXg3U3-nBZQEDQMiNy-B06s:0 
2025-12-29 01:46:06.798  9061-9088  VRI[MainAc...y]@937c8ea com.kcpd.myfolder                    I  mWNT: t=0xb4000076deaa3600 mBlastBufferQueue=0xb4000076dedac000 fn= 14 HdrRenderState mRenderHdrSdrRatio=1.0 caller= android.view.SyncRtSurfaceTransactionApplier.applyTransaction:100 android.view.SyncRtSurfaceTransactionApplier.lambda$scheduleApply$0:73 android.view.SyncRtSurfaceTransactionApplier.$r8$lambda$afI4fXg3U3-nBZQEDQMiNy-B06s:0 
2025-12-29 01:46:06.814  9061-9087  VRI[MainAc...y]@937c8ea com.kcpd.myfolder                    I  mWNT: t=0xb4000076deaa3780 mBlastBufferQueue=0xb4000076dedac000 fn= 15 HdrRenderState mRenderHdrSdrRatio=1.0 caller= android.view.SyncRtSurfaceTransactionApplier.applyTransaction:100 android.view.SyncRtSurfaceTransactionApplier.lambda$scheduleApply$0:73 android.view.SyncRtSurfaceTransactionApplier.$r8$lambda$afI4fXg3U3-nBZQEDQMiNy-B06s:0 
2025-12-29 01:46:06.830  9061-9088  VRI[MainAc...y]@937c8ea com.kcpd.myfolder                    I  mWNT: t=0xb4000076deaa3c00 mBlastBufferQueue=0xb4000076dedac000 fn= 16 HdrRenderState mRenderHdrSdrRatio=1.0 caller= android.view.SyncRtSurfaceTransactionApplier.applyTransaction:100 android.view.SyncRtSurfaceTransactionApplier.lambda$scheduleApply$0:73 android.view.SyncRtSurfaceTransactionApplier.$r8$lambda$afI4fXg3U3-nBZQEDQMiNy-B06s:0 
2025-12-29 01:46:06.857  9061-9087  VRI[MainAc...y]@937c8ea com.kcpd.myfolder                    I  mWNT: t=0xb4000076deaa3d80 mBlastBufferQueue=0xb4000076dedac000 fn= 17 HdrRenderState mRenderHdrSdrRatio=1.0 caller= android.view.SyncRtSurfaceTransactionApplier.applyTransaction:100 android.view.SyncRtSurfaceTransactionApplier.lambda$scheduleApply$0:73 android.view.SyncRtSurfaceTransactionApplier.$r8$lambda$afI4fXg3U3-nBZQEDQMiNy-B06s:0 
2025-12-29 01:46:06.868  9061-9088  VRI[MainAc...y]@937c8ea com.kcpd.myfolder                    I  mWNT: t=0xb4000076deaa4080 mBlastBufferQueue=0xb4000076dedac000 fn= 18 HdrRenderState mRenderHdrSdrRatio=1.0 caller= android.view.SyncRtSurfaceTransactionApplier.applyTransaction:100 android.view.SyncRtSurfaceTransactionApplier.lambda$scheduleApply$0:73 android.view.SyncRtSurfaceTransactionApplier.$r8$lambda$afI4fXg3U3-nBZQEDQMiNy-B06s:0 
2025-12-29 01:46:06.880  9061-9087  VRI[MainAc...y]@937c8ea com.kcpd.myfolder                    I  mWNT: t=0xb4000076deaa4200 mBlastBufferQueue=0xb4000076dedac000 fn= 19 HdrRenderState mRenderHdrSdrRatio=1.0 caller= android.view.SyncRtSurfaceTransactionApplier.applyTransaction:100 android.view.SyncRtSurfaceTransactionApplier.lambda$scheduleApply$0:73 android.view.SyncRtSurfaceTransactionApplier.$r8$lambda$afI4fXg3U3-nBZQEDQMiNy-B06s:0 
2025-12-29 01:46:06.898  9061-9088  VRI[MainAc...y]@937c8ea com.kcpd.myfolder                    I  mWNT: t=0xb4000076deaa4380 mBlastBufferQueue=0xb4000076dedac000 fn= 20 HdrRenderState mRenderHdrSdrRatio=1.0 caller= android.view.SyncRtSurfaceTransactionApplier.applyTransaction:100 android.view.SyncRtSurfaceTransactionApplier.lambda$scheduleApply$0:73 android.view.SyncRtSurfaceTransactionApplier.$r8$lambda$afI4fXg3U3-nBZQEDQMiNy-B06s:0 
2025-12-29 01:46:06.914  9061-9087  VRI[MainAc...y]@937c8ea com.kcpd.myfolder                    I  mWNT: t=0xb4000076deaa4500 mBlastBufferQueue=0xb4000076dedac000 fn= 21 HdrRenderState mRenderHdrSdrRatio=1.0 caller= android.view.SyncRtSurfaceTransactionApplier.applyTransaction:100 android.view.SyncRtSurfaceTransactionApplier.lambda$scheduleApply$0:73 android.view.SyncRtSurfaceTransactionApplier.$r8$lambda$afI4fXg3U3-nBZQEDQMiNy-B06s:0 
2025-12-29 01:46:06.930  9061-9088  VRI[MainAc...y]@937c8ea com.kcpd.myfolder                    I  mWNT: t=0xb4000076deaa4680 mBlastBufferQueue=0xb4000076dedac000 fn= 22 HdrRenderState mRenderHdrSdrRatio=1.0 caller= android.view.SyncRtSurfaceTransactionApplier.applyTransaction:100 android.view.SyncRtSurfaceTransactionApplier.lambda$scheduleApply$0:73 android.view.SyncRtSurfaceTransactionApplier.$r8$lambda$afI4fXg3U3-nBZQEDQMiNy-B06s:0 
2025-12-29 01:46:06.947  9061-9087  VRI[MainAc...y]@937c8ea com.kcpd.myfolder                    I  mWNT: t=0xb4000076deaa4800 mBlastBufferQueue=0xb4000076dedac000 fn= 23 HdrRenderState mRenderHdrSdrRatio=1.0 caller= android.view.SyncRtSurfaceTransactionApplier.applyTransaction:100 android.view.SyncRtSurfaceTransactionApplier.lambda$scheduleApply$0:73 android.view.SyncRtSurfaceTransactionApplier.$r8$lambda$afI4fXg3U3-nBZQEDQMiNy-B06s:0 
2025-12-29 01:46:06.964  9061-9088  VRI[MainAc...y]@937c8ea com.kcpd.myfolder                    I  mWNT: t=0xb4000076deaa3180 mBlastBufferQueue=0xb4000076dedac000 fn= 24 HdrRenderState mRenderHdrSdrRatio=1.0 caller= android.view.SyncRtSurfaceTransactionApplier.applyTransaction:100 android.view.SyncRtSurfaceTransactionApplier.lambda$scheduleApply$0:73 android.view.SyncRtSurfaceTransactionApplier.$r8$lambda$afI4fXg3U3-nBZQEDQMiNy-B06s:0 
2025-12-29 01:46:06.981  9061-9087  VRI[MainAc...y]@937c8ea com.kcpd.myfolder                    I  mWNT: t=0xb4000076deaa4980 mBlastBufferQueue=0xb4000076dedac000 fn= 25 HdrRenderState mRenderHdrSdrRatio=1.0 caller= android.view.SyncRtSurfaceTransactionApplier.applyTransaction:100 android.view.SyncRtSurfaceTransactionApplier.lambda$scheduleApply$0:73 android.view.SyncRtSurfaceTransactionApplier.$r8$lambda$afI4fXg3U3-nBZQEDQMiNy-B06s:0 
2025-12-29 01:46:06.997  9061-9088  VRI[MainAc...y]@937c8ea com.kcpd.myfolder                    I  mWNT: t=0xb4000076deaa4b00 mBlastBufferQueue=0xb4000076dedac000 fn= 26 HdrRenderState mRenderHdrSdrRatio=1.0 caller= android.view.SyncRtSurfaceTransactionApplier.applyTransaction:100 android.view.SyncRtSurfaceTransactionApplier.lambda$scheduleApply$0:73 android.view.SyncRtSurfaceTransactionApplier.$r8$lambda$afI4fXg3U3-nBZQEDQMiNy-B06s:0 
2025-12-29 01:46:07.014  9061-9087  VRI[MainAc...y]@937c8ea com.kcpd.myfolder                    I  mWNT: t=0xb4000076deaa3480 mBlastBufferQueue=0xb4000076dedac000 fn= 27 HdrRenderState mRenderHdrSdrRatio=1.0 caller= android.view.SyncRtSurfaceTransactionApplier.applyTransaction:100 android.view.SyncRtSurfaceTransactionApplier.lambda$scheduleApply$0:73 android.view.SyncRtSurfaceTransactionApplier.$r8$lambda$afI4fXg3U3-nBZQEDQMiNy-B06s:0 
2025-12-29 01:46:07.030  9061-9088  VRI[MainAc...y]@937c8ea com.kcpd.myfolder                    I  mWNT: t=0xb4000076deaa3780 mBlastBufferQueue=0xb4000076dedac000 fn= 28 HdrRenderState mRenderHdrSdrRatio=1.0 caller= android.view.SyncRtSurfaceTransactionApplier.applyTransaction:100 android.view.SyncRtSurfaceTransactionApplier.lambda$scheduleApply$0:73 android.view.SyncRtSurfaceTransactionApplier.$r8$lambda$afI4fXg3U3-nBZQEDQMiNy-B06s:0 
2025-12-29 01:46:07.047  9061-9087  VRI[MainAc...y]@937c8ea com.kcpd.myfolder                    I  mWNT: t=0xb4000076deaa3900 mBlastBufferQueue=0xb4000076dedac000 fn= 29 HdrRenderState mRenderHdrSdrRatio=1.0 caller= android.view.SyncRtSurfaceTransactionApplier.applyTransaction:100 android.view.SyncRtSurfaceTransactionApplier.lambda$scheduleApply$0:73 android.view.SyncRtSurfaceTransactionApplier.$r8$lambda$afI4fXg3U3-nBZQEDQMiNy-B06s:0 
2025-12-29 01:46:07.064  9061-9088  VRI[MainAc...y]@937c8ea com.kcpd.myfolder                    I  mWNT: t=0xb4000076deaa4c80 mBlastBufferQueue=0xb4000076dedac000 fn= 30 HdrRenderState mRenderHdrSdrRatio=1.0 caller= android.view.SyncRtSurfaceTransactionApplier.applyTransaction:100 android.view.SyncRtSurfaceTransactionApplier.lambda$scheduleApply$0:73 android.view.SyncRtSurfaceTransactionApplier.$r8$lambda$afI4fXg3U3-nBZQEDQMiNy-B06s:0 
2025-12-29 01:46:07.081  9061-9087  VRI[MainAc...y]@937c8ea com.kcpd.myfolder                    I  mWNT: t=0xb4000076deaa4e00 mBlastBufferQueue=0xb4000076dedac000 fn= 31 HdrRenderState mRenderHdrSdrRatio=1.0 caller= android.view.SyncRtSurfaceTransactionApplier.applyTransaction:100 android.view.SyncRtSurfaceTransactionApplier.lambda$scheduleApply$0:73 android.view.SyncRtSurfaceTransactionApplier.$r8$lambda$afI4fXg3U3-nBZQEDQMiNy-B06s:0 
2025-12-29 01:46:07.097  9061-9088  VRI[MainAc...y]@937c8ea com.kcpd.myfolder                    I  mWNT: t=0xb4000076deaa4f80 mBlastBufferQueue=0xb4000076dedac000 fn= 32 HdrRenderState mRenderHdrSdrRatio=1.0 caller= android.view.SyncRtSurfaceTransactionApplier.applyTransaction:100 android.view.SyncRtSurfaceTransactionApplier.lambda$scheduleApply$0:73 android.view.SyncRtSurfaceTransactionApplier.$r8$lambda$afI4fXg3U3-nBZQEDQMiNy-B06s:0 
2025-12-29 01:46:07.113  9061-9061  InsetsController        com.kcpd.myfolder                    I  cancelAnimation: types=ime, animType=0, host=com.kcpd.myfolder/com.kcpd.myfolder.MainActivity, from=android.view.InsetsController.notifyFinished:2006 android.view.InsetsAnimationControlImpl.applyChangeInsets:335 android.view.InsetsController.lambda$new$3:957 
2025-12-29 01:46:07.113  9061-9061  ImeTracker              com.kcpd.myfolder                    I  com.kcpd.myfolder:809ad76e: onShown
2025-12-29 01:46:07.117  9061-9087  VRI[MainAc...y]@937c8ea com.kcpd.myfolder                    I  mWNT: t=0xb4000076deaa3600 mBlastBufferQueue=0xb4000076dedac000 fn= 33 HdrRenderState mRenderHdrSdrRatio=1.0 caller= android.view.SyncRtSurfaceTransactionApplier.applyTransaction:100 android.view.SyncRtSurfaceTransactionApplier.lambda$scheduleApply$0:73 android.view.SyncRtSurfaceTransactionApplier.$r8$lambda$afI4fXg3U3-nBZQEDQMiNy-B06s:0 
2025-12-29 01:46:07.832  9061-9061  VaultUnlockViewModel    com.kcpd.myfolder                    D  Biometric check: vaultEnabled=false, canUse=true
2025-12-29 01:46:08.838  9061-9061  VRI[MainAc...y]@937c8ea com.kcpd.myfolder                    I  ViewPostIme key 0
2025-12-29 01:46:08.846  9061-9061  VRI[MainAc...y]@937c8ea com.kcpd.myfolder                    I  ViewPostIme key 1
2025-12-29 01:46:08.850  9061-9061  VaultUnlockViewModel    com.kcpd.myfolder                    D  Biometric check: vaultEnabled=false, canUse=true
2025-12-29 01:46:09.315  9061-9061  VaultUnlockViewModel    com.kcpd.myfolder                    D  Biometric check: vaultEnabled=false, canUse=true
2025-12-29 01:46:09.599  9061-9061  VaultUnlockViewModel    com.kcpd.myfolder                    D  Biometric check: vaultEnabled=false, canUse=true
2025-12-29 01:46:09.916  9061-9061  VaultUnlockViewModel    com.kcpd.myfolder                    D  Biometric check: vaultEnabled=false, canUse=true
2025-12-29 01:46:10.301  9061-9061  VaultUnlockViewModel    com.kcpd.myfolder                    D  Biometric check: vaultEnabled=false, canUse=true
2025-12-29 01:46:10.551  9061-9061  VaultUnlockViewModel    com.kcpd.myfolder                    D  Biometric check: vaultEnabled=false, canUse=true
2025-12-29 01:46:11.186  9061-9153  ProfileInstaller        com.kcpd.myfolder                    D  Installing profile for com.kcpd.myfolder
2025-12-29 01:46:11.331  9061-9061  VaultUnlockViewModel    com.kcpd.myfolder                    D  Biometric check: vaultEnabled=false, canUse=true
2025-12-29 01:46:11.650  9061-9061  VaultUnlockViewModel    com.kcpd.myfolder                    D  Biometric check: vaultEnabled=false, canUse=true
2025-12-29 01:46:12.102  9061-9061  VaultUnlockViewModel    com.kcpd.myfolder                    D  Biometric check: vaultEnabled=false, canUse=true
2025-12-29 01:46:12.596  9061-9061  InsetsController        com.kcpd.myfolder                    D  hide(ime(), fromIme=false)
2025-12-29 01:46:12.597  9061-9061  ImeTracker              com.kcpd.myfolder                    I  com.kcpd.myfolder:306931b4: onRequestHide at ORIGIN_CLIENT reason HIDE_SOFT_INPUT_BY_INSETS_API fromUser false
2025-12-29 01:46:12.597  9061-9061  WindowOnBackDispatcher  com.kcpd.myfolder                    W  sendCancelIfRunning: isInProgress=false callback=android.view.ImeBackAnimationController@e27f1b0
2025-12-29 01:46:12.599  9061-9061  InsetsController        com.kcpd.myfolder                    D  Setting requestedVisibleTypes to -9 (was -1)
2025-12-29 01:46:12.599  9061-9061  InsetsController        com.kcpd.myfolder                    I  setRequestedVisibleTypes: visible=false, mask=ime, host=com.kcpd.myfolder/com.kcpd.myfolder.MainActivity, from=android.view.InsetsController.controlAnimationUnchecked:1604 android.view.InsetsController.applyAnimation:2416 android.view.InsetsController.applyAnimation:2343 android.view.InsetsController.hide:1540 android.view.InsetsController.hide:1450 androidx.core.view.SoftwareKeyboardControllerCompat$Impl30.hide:227 androidx.core.view.SoftwareKeyboardControllerCompat.hide:81 androidx.compose.ui.text.input.InputMethodManagerImpl.hideSoftInput:88 androidx.compose.ui.text.input.TextInputServiceAndroid.setKeyboardVisibleImmediately:459 androidx.compose.ui.text.input.TextInputServiceAndroid.processInputCommands:345 
2025-12-29 01:46:12.599  9061-9061  InsetsController        com.kcpd.myfolder                    I  controlAnimationUncheckedInner: Added types=ime, animType=1, host=com.kcpd.myfolder/com.kcpd.myfolder.MainActivity, from=android.view.InsetsController.controlAnimationUnchecked:1608 android.view.InsetsController.applyAnimation:2416 android.view.InsetsController.applyAnimation:2343 
2025-12-29 01:46:12.601  9061-9061  VaultUnlockViewModel    com.kcpd.myfolder                    D  Biometric check: vaultEnabled=false, canUse=true
2025-12-29 01:46:12.628  9061-9061  BLASTBufferQueue_Java   com.kcpd.myfolder                    I  update, w= 1080 h= 2316 mName = VRI[MainActivity]@937c8ea mNativeObject= 0xb4000076dedac000 sc.mNativeObject= 0xb4000077247a9bc0 format= -1 caller= android.view.ViewRootImpl.updateBlastSurfaceIfNeeded:3574 android.view.ViewRootImpl.relayoutWindow:11685 android.view.ViewRootImpl.performTraversals:4804 android.view.ViewRootImpl.doTraversal:3924 android.view.ViewRootImpl$TraversalRunnable.run:12903 android.view.Choreographer$CallbackRecord.run:1901 
2025-12-29 01:46:12.628  9061-9061  VRI[MainAc...y]@937c8ea com.kcpd.myfolder                    I  Relayout returned: old=(0,0,1080,2316) new=(0,0,1080,2316) relayoutAsync=true req=(1080,2316)0 dur=0 res=0x0 s={true 0xb4000076e5e4ca00} ch=false seqId=0
2025-12-29 01:46:12.628  9061-9061  VRI[MainAc...y]@937c8ea com.kcpd.myfolder                    I  registerCallbackForPendingTransactions
2025-12-29 01:46:12.633  9061-9088  VRI[MainAc...y]@937c8ea com.kcpd.myfolder                    I  mWNT: t=0xb4000076deaa3c00 mBlastBufferQueue=0xb4000076dedac000 fn= 65 HdrRenderState mRenderHdrSdrRatio=1.0 caller= android.view.SyncRtSurfaceTransactionApplier.applyTransaction:100 android.view.SyncRtSurfaceTransactionApplier.lambda$scheduleApply$0:73 android.view.SyncRtSurfaceTransactionApplier.$r8$lambda$afI4fXg3U3-nBZQEDQMiNy-B06s:0 
2025-12-29 01:46:12.633  9061-9088  VRI[MainAc...y]@937c8ea com.kcpd.myfolder                    I  mWNT: t=0xb4000076deaa3d80 mBlastBufferQueue=0xb4000076dedac000 fn= 65 HdrRenderState mRenderHdrSdrRatio=1.0 caller= android.view.ViewRootImpl$10.onFrameDraw:6536 android.view.ViewRootImpl$4.onFrameDraw:2489 android.view.ThreadedRenderer$1.onFrameDraw:718 
2025-12-29 01:46:12.650  9061-9061  InsetsController        com.kcpd.myfolder                    D  hide(ime(), fromIme=false)
2025-12-29 01:46:12.650  9061-9061  ImeTracker              com.kcpd.myfolder                    I  com.kcpd.myfolder:49d8664e: onRequestHide at ORIGIN_CLIENT reason HIDE_SOFT_INPUT_BY_INSETS_API fromUser false
2025-12-29 01:46:12.651  9061-9061  ImeTracker              com.kcpd.myfolder                    I  com.kcpd.myfolder:49d8664e: onCancelled at PHASE_CLIENT_ALREADY_HIDDEN
2025-12-29 01:46:12.651  9061-9061  InputMethodManagerUtils com.kcpd.myfolder                    D  startInputInner - Id : 0
2025-12-29 01:46:12.651  9061-9061  InputMethodManager      com.kcpd.myfolder                    I  startInputInner - IInputMethodManagerGlobalInvoker.startInputOrWindowGainedFocus
2025-12-29 01:46:12.655  9061-9087  VRI[MainAc...y]@937c8ea com.kcpd.myfolder                    I  mWNT: t=0xb4000076deaa4080 mBlastBufferQueue=0xb4000076dedac000 fn= 66 HdrRenderState mRenderHdrSdrRatio=1.0 caller= android.view.SyncRtSurfaceTransactionApplier.applyTransaction:100 android.view.SyncRtSurfaceTransactionApplier.lambda$scheduleApply$0:73 android.view.SyncRtSurfaceTransactionApplier.$r8$lambda$afI4fXg3U3-nBZQEDQMiNy-B06s:0 
2025-12-29 01:46:12.655  9061-9097  InputTransport          com.kcpd.myfolder                    D  Input channel constructed: 'ClientS', fd=165
2025-12-29 01:46:12.661  9061-9088  VRI[MainAc...y]@937c8ea com.kcpd.myfolder                    I  mWNT: t=0xb4000076deaa4200 mBlastBufferQueue=0xb4000076dedac000 fn= 67 HdrRenderState mRenderHdrSdrRatio=1.0 caller= android.view.SyncRtSurfaceTransactionApplier.applyTransaction:100 android.view.SyncRtSurfaceTransactionApplier.lambda$scheduleApply$0:73 android.view.SyncRtSurfaceTransactionApplier.$r8$lambda$afI4fXg3U3-nBZQEDQMiNy-B06s:0 
2025-12-29 01:46:12.667  9061-9087  VRI[MainAc...y]@937c8ea com.kcpd.myfolder                    I  mWNT: t=0xb4000076deaa4380 mBlastBufferQueue=0xb4000076dedac000 fn= 68 HdrRenderState mRenderHdrSdrRatio=1.0 caller= android.view.SyncRtSurfaceTransactionApplier.applyTransaction:100 android.view.SyncRtSurfaceTransactionApplier.lambda$scheduleApply$0:73 android.view.SyncRtSurfaceTransactionApplier.$r8$lambda$afI4fXg3U3-nBZQEDQMiNy-B06s:0 
2025-12-29 01:46:12.684  9061-9088  VRI[MainAc...y]@937c8ea com.kcpd.myfolder                    I  mWNT: t=0xb4000076deaa4500 mBlastBufferQueue=0xb4000076dedac000 fn= 69 HdrRenderState mRenderHdrSdrRatio=1.0 caller= android.view.SyncRtSurfaceTransactionApplier.applyTransaction:100 android.view.SyncRtSurfaceTransactionApplier.lambda$scheduleApply$0:73 android.view.SyncRtSurfaceTransactionApplier.$r8$lambda$afI4fXg3U3-nBZQEDQMiNy-B06s:0 
2025-12-29 01:46:12.698  9061-9061  VaultUnlockViewModel    com.kcpd.myfolder                    D  Biometric check: vaultEnabled=false, canUse=true
2025-12-29 01:46:12.720  9061-9087  VRI[MainAc...y]@937c8ea com.kcpd.myfolder                    I  mWNT: t=0xb4000076deaa3180 mBlastBufferQueue=0xb4000076dedac000 fn= 70 HdrRenderState mRenderHdrSdrRatio=1.0 caller= android.view.SyncRtSurfaceTransactionApplier.applyTransaction:100 android.view.SyncRtSurfaceTransactionApplier.lambda$scheduleApply$0:73 android.view.SyncRtSurfaceTransactionApplier.$r8$lambda$afI4fXg3U3-nBZQEDQMiNy-B06s:0 
2025-12-29 01:46:12.736  9061-9088  VRI[MainAc...y]@937c8ea com.kcpd.myfolder                    I  mWNT: t=0xb4000076e5f16880 mBlastBufferQueue=0xb4000076dedac000 fn= 71 HdrRenderState mRenderHdrSdrRatio=1.0 caller= android.view.SyncRtSurfaceTransactionApplier.applyTransaction:100 android.view.SyncRtSurfaceTransactionApplier.lambda$scheduleApply$0:73 android.view.SyncRtSurfaceTransactionApplier.$r8$lambda$afI4fXg3U3-nBZQEDQMiNy-B06s:0 
2025-12-29 01:46:12.751  9061-9061  SecurityManager         com.kcpd.myfolder                    D  getDatabaseKey() called
2025-12-29 01:46:12.752  9061-9061  SecurityManager         com.kcpd.myfolder                    D  Master key available: 32 bytes
2025-12-29 01:46:12.752  9061-9061  SecurityManager         com.kcpd.myfolder                    D  Encrypted DB key blob found: 80 chars
2025-12-29 01:46:12.752  9061-9061  SecurityManager         com.kcpd.myfolder                    D  Decrypting DB key: IV=12 bytes, Encrypted=48 bytes
2025-12-29 01:46:12.752  9061-9061  SecurityManager         com.kcpd.myfolder                    D  ✅ Database key decrypted successfully: 32 bytes
