2026-01-04 11:45:31.030 13043-13043 VRI[MainAc...y]@af407db com.kcpd.myfolder                    I  call setFrameRateCategory for touch hint category=no preference, reason=boost timeout, vri=VRI[MainActivity]@af407db
2026-01-04 11:45:32.205 13043-13043 VRI[MainAc...y]@af407db com.kcpd.myfolder                    I  ViewPostIme pointer 0
2026-01-04 11:45:32.213 13043-13043 VRI[MainAc...y]@af407db com.kcpd.myfolder                    I  call setFrameRateCategory for touch hint category=high hint, reason=touch, vri=VRI[MainActivity]@af407db
2026-01-04 11:45:32.281 13043-13043 VRI[MainAc...y]@af407db com.kcpd.myfolder                    I  ViewPostIme pointer 1
2026-01-04 11:45:32.283 13043-13043 FolderViewModel         com.kcpd.myfolder                    D  Category: Photos, FolderId: null, Query: 
2026-01-04 11:45:32.283 13043-13043 FolderViewModel         com.kcpd.myfolder                    D  Total files for category: 21, Filtered: 2
2026-01-04 11:45:32.294 13043-13043 FolderScreen            com.kcpd.myfolder                    D  Category: PHOTOS
2026-01-04 11:45:32.294 13043-13043 FolderScreen            com.kcpd.myfolder                    D  MediaFiles count: 2
2026-01-04 11:45:32.294 13043-13043 FolderScreen            com.kcpd.myfolder                    D  Uploading files: 0 files: []
2026-01-04 11:45:32.294 13043-13043 FolderScreen            com.kcpd.myfolder                    D  [0] File: Studio Ghibli inspired artwork with dreamy lighting and whimsical nature, Type: PHOTO, Path: /data/user/0/com.kcpd.myfolder/files/secure_media/photos/a72009df-13cc-4795-ac9d-b383718fd66b.enc
2026-01-04 11:45:32.294 13043-13043 FolderScreen            com.kcpd.myfolder                    D  [1] File: Studio Ghibli inspired artwork with dreamy lighting and whimsical nature, Type: PHOTO, Path: /data/user/0/com.kcpd.myfolder/files/secure_media/photos/c9412788-badb-4bdb-b8e9-57fd5d55a29f.enc
2026-01-04 11:45:32.335 13043-13043 FolderScreen_List       com.kcpd.myfolder                    D  Rendering list item [0]: Studio Ghibli inspired artwork with dreamy lighting and whimsical nature
2026-01-04 11:45:32.341 13043-13165 Kumiho-Kumiho           com.kcpd.myfolder                    I  getPackageName: com.kcpd.myfolder
2026-01-04 11:45:32.342 13043-13165 MemoryEfficientDecoder  com.kcpd.myfolder                    D  Original image size: 64x96
2026-01-04 11:45:32.342 13043-13165 MemoryEfficientDecoder  com.kcpd.myfolder                    D  Target size: 113x113, Sample size: 1
2026-01-04 11:45:32.342 13043-13165 Kumiho-Kumiho           com.kcpd.myfolder                    I  getPackageName: com.kcpd.myfolder
2026-01-04 11:45:32.342 13043-13165 Kumiho-Kumiho           com.kcpd.myfolder                    I  getPackageName: com.kcpd.myfolder
2026-01-04 11:45:32.343 13043-13165 MemoryEfficientDecoder  com.kcpd.myfolder                    D  Decoded to 64x96 (12KB) in 2ms
2026-01-04 11:45:32.343 13043-13043 FolderScreen_List       com.kcpd.myfolder                    D  Rendering list item [1]: Studio Ghibli inspired artwork with dreamy lighting and whimsical nature
2026-01-04 11:45:32.349 13043-13165 Kumiho-Kumiho           com.kcpd.myfolder                    I  getPackageName: com.kcpd.myfolder
2026-01-04 11:45:32.349 13043-13165 MemoryEfficientDecoder  com.kcpd.myfolder                    D  Original image size: 64x96
2026-01-04 11:45:32.349 13043-13165 MemoryEfficientDecoder  com.kcpd.myfolder                    D  Target size: 113x113, Sample size: 1
2026-01-04 11:45:32.350 13043-13165 Kumiho-Kumiho           com.kcpd.myfolder                    I  getPackageName: com.kcpd.myfolder
2026-01-04 11:45:32.350 13043-13165 Kumiho-Kumiho           com.kcpd.myfolder                    I  getPackageName: com.kcpd.myfolder
2026-01-04 11:45:32.350 13043-13165 MemoryEfficientDecoder  com.kcpd.myfolder                    D  Decoded to 64x96 (12KB) in 1ms
2026-01-04 11:45:33.125 13043-13043 VRI[MainAc...y]@af407db com.kcpd.myfolder                    I  ViewPostIme pointer 0
2026-01-04 11:45:33.643 13043-13043 FolderScreen            com.kcpd.myfolder                    D  Category: PHOTOS
2026-01-04 11:45:33.644 13043-13043 FolderScreen            com.kcpd.myfolder                    D  MediaFiles count: 2
2026-01-04 11:45:33.644 13043-13043 FolderScreen            com.kcpd.myfolder                    D  Uploading files: 0 files: []
2026-01-04 11:45:33.644 13043-13043 FolderScreen            com.kcpd.myfolder                    D  [0] File: Studio Ghibli inspired artwork with dreamy lighting and whimsical nature, Type: PHOTO, Path: /data/user/0/com.kcpd.myfolder/files/secure_media/photos/a72009df-13cc-4795-ac9d-b383718fd66b.enc
2026-01-04 11:45:33.644 13043-13043 FolderScreen            com.kcpd.myfolder                    D  [1] File: Studio Ghibli inspired artwork with dreamy lighting and whimsical nature, Type: PHOTO, Path: /data/user/0/com.kcpd.myfolder/files/secure_media/photos/c9412788-badb-4bdb-b8e9-57fd5d55a29f.enc
2026-01-04 11:45:33.661 13043-13043 FolderScreen_List       com.kcpd.myfolder                    D  Rendering list item [0]: Studio Ghibli inspired artwork with dreamy lighting and whimsical nature
2026-01-04 11:45:33.663 13043-13043 FolderScreen_List       com.kcpd.myfolder                    D  Rendering list item [1]: Studio Ghibli inspired artwork with dreamy lighting and whimsical nature
2026-01-04 11:45:34.080 13043-13043 VRI[MainAc...y]@af407db com.kcpd.myfolder                    I  ViewPostIme pointer 1
2026-01-04 11:45:36.906 13043-13043 VRI[MainAc...y]@af407db com.kcpd.myfolder                    I  ViewPostIme pointer 0
2026-01-04 11:45:36.973 13043-13043 VRI[MainAc...y]@af407db com.kcpd.myfolder                    I  ViewPostIme pointer 1
2026-01-04 11:45:36.979 13043-13043 FolderViewModel         com.kcpd.myfolder                    D  Folder 5978c78e-fc66-440b-815b-9a9fde70e56c: Found 19 files
2026-01-04 11:45:36.979 13043-13043 FolderViewModel         com.kcpd.myfolder                    D  Folder 5978c78e-fc66-440b-815b-9a9fde70e56c: Found 0 subfolders
2026-01-04 11:45:36.979 13043-13043 FolderViewModel         com.kcpd.myfolder                    D  getFilesFromFolders: Collected 19 files from 1 folders (including 1 subfolders)
2026-01-04 11:45:36.979 13043-13043 FolderViewModel         com.kcpd.myfolder                    D  Starting RELIABLE multi-remote upload for 19 files to 2 remotes
2026-01-04 11:45:36.986 13043-13043 FolderScreen            com.kcpd.myfolder                    D  Category: PHOTOS
2026-01-04 11:45:36.986 13043-13043 FolderScreen            com.kcpd.myfolder                    D  MediaFiles count: 2
2026-01-04 11:45:36.986 13043-13043 FolderScreen            com.kcpd.myfolder                    D  Uploading files: 0 files: []
2026-01-04 11:45:36.986 13043-13043 FolderScreen            com.kcpd.myfolder                    D  [0] File: Studio Ghibli inspired artwork with dreamy lighting and whimsical nature, Type: PHOTO, Path: /data/user/0/com.kcpd.myfolder/files/secure_media/photos/a72009df-13cc-4795-ac9d-b383718fd66b.enc
2026-01-04 11:45:36.986 13043-13043 FolderScreen            com.kcpd.myfolder                    D  [1] File: Studio Ghibli inspired artwork with dreamy lighting and whimsical nature, Type: PHOTO, Path: /data/user/0/com.kcpd.myfolder/files/secure_media/photos/c9412788-badb-4bdb-b8e9-57fd5d55a29f.enc
2026-01-04 11:45:36.995 13043-13043 FolderScreen_List       com.kcpd.myfolder                    D  Rendering list item [0]: Studio Ghibli inspired artwork with dreamy lighting and whimsical nature
2026-01-04 11:45:36.998 13043-13043 FolderScreen_List       com.kcpd.myfolder                    D  Rendering list item [1]: Studio Ghibli inspired artwork with dreamy lighting and whimsical nature
2026-01-04 11:45:37.034 13043-13043 MultiRemot...oordinator com.kcpd.myfolder                    D  Queueing 19 files for reliable upload to 2 remotes
2026-01-04 11:45:37.043 13043-13043 UploadManager           com.kcpd.myfolder                    D  Queued 38 uploads (19 files x 2 remotes)
2026-01-04 11:45:37.043 13043-13043 UploadManager           com.kcpd.myfolder                    D  Upload work scheduled
2026-01-04 11:45:37.050 13043-13093 JobInfo                 com.kcpd.myfolder                    W  Requested important-while-foreground flag for job21 is ignored and takes no effect
2026-01-04 11:45:37.050 13043-13093 WM-SystemJobScheduler   com.kcpd.myfolder                    D  Scheduling work ID 582ca658-c30d-4e3a-99d7-c625517d0c55Job ID 21
2026-01-04 11:45:37.054 13043-13093 WM-GreedyScheduler      com.kcpd.myfolder                    D  Starting tracking for 582ca658-c30d-4e3a-99d7-c625517d0c55
2026-01-04 11:45:37.057 13043-13043 Dialog                  com.kcpd.myfolder                    I  mIsDeviceDefault = false, mIsSamsungBasicInteraction = false, isMetaDataInActivity = false
2026-01-04 11:45:37.058 13043-13093 WM-ConstraintTracker    com.kcpd.myfolder                    D  NetworkStateTracker24: initial state = NetworkState(isConnected=true, isValidated=true, isMetered=false, isNotRoaming=true)
2026-01-04 11:45:37.058 13043-13093 WM-NetworkStateTracker  com.kcpd.myfolder                    D  Registering network callback
2026-01-04 11:45:37.058 13043-13093 ConnectivityManager     com.kcpd.myfolder                    D  StackLog: [android.net.ConnectivityManager.sendRequestForNetwork(ConnectivityManager.java:4736)] [android.net.ConnectivityManager.registerDefaultNetworkCallbackForUid(ConnectivityManager.java:5461)] [android.net.ConnectivityManager.registerDefaultNetworkCallback(ConnectivityManager.java:5428)] [android.net.ConnectivityManager.registerDefaultNetworkCallback(ConnectivityManager.java:5402)] [androidx.work.impl.utils.NetworkApi24.registerDefaultNetworkCallbackCompat(NetworkApi24.kt:26)] [androidx.work.impl.constraints.trackers.NetworkStateTracker24.startTracking(NetworkStateTracker.kt:165)] [androidx.work.impl.constraints.trackers.ConstraintTracker.addListener(ConstraintTracker.kt:52)] [androidx.work.impl.constraints.controllers.BaseConstraintController$track$1.invokeSuspend(ContraintControllers.kt:62)] [androidx.work.impl.constraints.controllers.BaseConstraintController$track$1.invoke(Unknown Source:8)] [androidx.work.impl.constraints.controllers.BaseConstraintController$track$1.invoke(Unknown Source:4)] [kotlinx.coroutines.flow.ChannelFlowBuilder.collectTo$suspendImpl(Builders.kt:316)] [kotlinx.coroutines.flow.ChannelFlowBuilder.collectTo(Unknown Source:0)] [kotlinx.coroutines.flow.CallbackFlowBuilder.collectTo(Builders.kt:330)] [kotlinx.coroutines.flow.internal.ChannelFlow$collectToFun$1.invokeSuspend(ChannelFlow.kt:56)] [kotlin.coroutines.jvm.internal.BaseContinuationImpl.resumeWith(ContinuationImpl.kt:33)] [kotlinx.coroutines.DispatchedTask.run(DispatchedTask.kt:100)] [androidx.work.impl.utils.SerialExecutorImpl$Task.run(SerialExecutorImpl.java:96)] [java.util.concurrent.ThreadPoolExecutor.runWorker(ThreadPoolExecutor.java:1156)] [java.util.concurrent.ThreadPoolExecutor$Worker.run(ThreadPoolExecutor.java:651)] [java.lang.Thread.run(Thread.java:1119)]
2026-01-04 11:45:37.059 13043-13043 DecorView               com.kcpd.myfolder                    I  setWindowBackground: isPopOver=false color=0 d=android.graphics.drawable.ColorDrawable@5060ee6
2026-01-04 11:45:37.060 13043-13093 WM-GreedyScheduler      com.kcpd.myfolder                    D  Constraints met: Scheduling work ID WorkGenerationalId(workSpecId=582ca658-c30d-4e3a-99d7-c625517d0c55, generation=0)
2026-01-04 11:45:37.061 13043-13195 WM-NetworkStateTracker  com.kcpd.myfolder                    D  Network capabilities changed: [ Transports: WIFI Capabilities: NOT_METERED&INTERNET&NOT_RESTRICTED&TRUSTED&NOT_VPN&VALIDATED&NOT_ROAMING&FOREGROUND&NOT_CONGESTED&NOT_SUSPENDED&NOT_VCN_MANAGED&NOT_BANDWIDTH_CONSTRAINED LinkUpBandwidth>=79711Kbps LinkDnBandwidth>=74415Kbps TransportInfo: <SSID: <unknown ssid>, BSSID: 02:00:00:00:00:00, MAC: 02:00:00:00:00:00, IP: /192.168.1.4, Security type: 2, Supplicant state: COMPLETED, Wi-Fi standard: 11ax, RSSI: -52, Link speed: 576Mbps, Tx Link speed: 576Mbps, Max Supported Tx Link speed: 1200Mbps, Rx Link speed: 144Mbps, Max Supported Rx Link speed: 1200Mbps, Frequency: 5180MHz, Net ID: -1, Metered hint: false, score: 60, isUsable: true, CarrierMerged: false, SubscriptionId: -1, IsPrimary: -1, Trusted: true, Restricted: false, Ephemeral: false, OEM paid: false, OEM private: false, OSU AP: false, FQDN: <none>, Provider friendly name: <none>, Requesting package name: <none><none>MLO Information: , Is TID-To-Link negotiation supported by the AP: false, AP MLD Address: <none>, AP MLO Link Id: <none>, AP MLO Affiliated links: <none>, Vendor Data: <none>> SignalStrength: -52 UnderlyingNetworks: Null]
2026-01-04 11:45:37.062 13043-13093 WM-Processor            com.kcpd.myfolder                    D  Processor: processing WorkGenerationalId(workSpecId=582ca658-c30d-4e3a-99d7-c625517d0c55, generation=0)
2026-01-04 11:45:37.063 13043-13043 WindowManager           com.kcpd.myfolder                    I  WindowManagerGlobal#addView, ty=2, view=com.android.internal.policy.DecorView{1e0580f V.E...... R.....I. 0,0-0,0}[MainActivity], caller=android.view.WindowManagerImpl.addView:158 android.app.Dialog.show:540 androidx.compose.material3.ModalBottomSheet_androidKt$ModalBottomSheetDialog$1$1.invoke:307 
2026-01-04 11:45:37.064 13043-13043 ViewRootImpl            com.kcpd.myfolder                    D  desktopMode is false
2026-01-04 11:45:37.064 13043-13043 ViewRootImpl            com.kcpd.myfolder                    I  dVRR is disabled
2026-01-04 11:45:37.064 13043-13063 NativeCust...ncyManager com.kcpd.myfolder                    D  [NativeCFMS] BpCustomFrequencyManager::BpCustomFrequencyManager()
2026-01-04 11:45:37.070 13043-13043 InputTransport          com.kcpd.myfolder                    D  Input channel constructed: '975314d', fd=149
2026-01-04 11:45:37.070 13043-13043 InsetsController        com.kcpd.myfolder                    I  onStateChanged: host=com.kcpd.myfolder/com.kcpd.myfolder.MainActivity, from=android.view.ViewRootImpl.onInsetsStateChanged:3026, state=InsetsState: {mDisplayFrame=Rect(0, 0 - 1080, 2316), mDisplayCutout=DisplayCutout{insets=Rect(0, 75 - 0, 0) waterfall=Insets{left=0, top=0, right=0, bottom=0} boundingRect={Bounds=[Rect(0, 0 - 0, 0), Rect(513, 0 - 567, 75), Rect(0, 0 - 0, 0), Rect(0, 0 - 0, 0)]} cutoutPathParserInfo={CutoutPathParserInfo{displayWidth=1080 displayHeight=2316 physicalDisplayWidth=1080 physicalDisplayHeight=2316 density={2.8125} cutoutSpec={M 0,0 H -9.466666666666667 V 26.66666666666667‬ H 9.466666666666667 V 0 H 0 Z @dp} rotation={0} scale={1.0} physicalPixelDisplaySizeRatio={1.0}}} sideOverrides={}}, mRoundedCorners=RoundedCorners{[RoundedCorner{position=TopLeft, radius=9, center=Point(9, 9)}, RoundedCorner{position=TopRight, radius=9, center=Point(1071, 9)}, RoundedCorner{position=BottomRight, radius=9, center=Point(1071, 2307)}, RoundedCorner{position=BottomLeft, radius=9, center=Point(9, 2307)}]}  mRoundedCornerFrame=Rect(0, 0 - 1080, 2316), mPrivacyIndicatorBounds=PrivacyIndicatorBounds {static bounds=Rect(977, 0 - 1080, 75) rotation=0}, mDisplayShape=DisplayShape{ spec=-311912193 displayWidth=1080 displayHeight=2316 physicalPixelDisplaySizeRatio=0.75 rotation=0 offsetX=0 offsetY=0 scale=1.0}, mSources= { InsetsSource: {c2d00000 mType=statusBars mFrame=[0,0][1080,75] mVisible=true mFlags= mSideHint=TOP mBoundingRects=null}, InsetsSource: {c2d00005 mType=mandatorySystemGestures mFrame=[0,0][1080,103] mVisible=true mFlags= mSideHint=TOP mBoundingRects=null}, InsetsSource: {c2d00006 mType=tappableElement mFrame=[0,0][1080,75] mVisible=true mFlags= mSideHint=TOP mBoundingRects=null}, InsetsSource: {3 mType=ime mFrame=[0,0][0,0] mVisible=false mFlags= mSideHint=NONE mBoundingRects=null}, InsetsSource: {27 mType=displayCutout mFrame=[0,0][1080,75] mVisible=true mFlags= mSideHint=TOP mBoundingRects=null}, InsetsSource: {63440001 mType=navigationBars mFrame=[0,2281][1080,2316] mVisible=true mFlags=SUPPRESS_SCRIM mSideHint=BOTTOM mBoundingRects=null}, InsetsSource: {63440004 mType=systemGestures mFrame=[0,0][70,2316] mVisible=true mFlags= mSideHint=LEFT mBoundingRects=null}, InsetsSource: {63440005 mType=mandatorySystemGestures mFrame=[0,2241][1080,2316] mVisible=true mFlags= mSideHint=BOTTOM mBoundingRects=null}, InsetsSource: {63440006 mType=tappableElement mFrame=[0,0][0,0] mVisible=true mFlags= mSideHint=NONE mBoundingRects=null}, InsetsSource: {63440024 mType=systemGestures mFrame=[1010,0][1080,2316] mVisible=true mFlags= mSideHint=RIGHT mBoundingRects=null} }
2026-01-04 11:45:37.070 13043-13043 VRI[MainAc...y]@1f4409c com.kcpd.myfolder                    I  synced displayState. AttachInfo displayState=2
2026-01-04 11:45:37.072 13043-13043 VRI[MainAc...y]@1f4409c com.kcpd.myfolder                    I  setView = com.android.internal.policy.DecorView@1e0580f IsHRR=false mFlingFrameRateChange=0 TM=true
2026-01-04 11:45:37.136 13043-13043 InsetsSourceConsumer    com.kcpd.myfolder                    I  applyRequestedVisibilityToControl: visible=true, type=navigationBars, host=com.kcpd.myfolder/com.kcpd.myfolder.MainActivity
2026-01-04 11:45:37.136 13043-13043 InsetsSourceConsumer    com.kcpd.myfolder                    I  applyRequestedVisibilityToControl: visible=true, type=statusBars, host=com.kcpd.myfolder/com.kcpd.myfolder.MainActivity
2026-01-04 11:45:37.137 13043-13043 libc                    com.kcpd.myfolder                    W  Access denied finding property "vendor.display.enable_optimal_refresh_rate"
2026-01-04 11:45:37.137 13043-13043 BufferQueueProducer     com.kcpd.myfolder                    I  [](id:32f300000001,api:0,p:0,c:13043) setDequeueTimeout:2077252342
2026-01-04 11:45:37.138 13043-13043 BLASTBufferQueue_Java   com.kcpd.myfolder                    I  new BLASTBufferQueue, mName= VRI[MainActivity]@1f4409c mNativeObject= 0xb400007680dcb000 caller= android.view.ViewRootImpl.updateBlastSurfaceIfNeeded:3585 android.view.ViewRootImpl.relayoutWindow:11685 android.view.ViewRootImpl.performTraversals:4804 android.view.ViewRootImpl.doTraversal:3924 android.view.ViewRootImpl$TraversalRunnable.run:12903 android.view.Choreographer$CallbackRecord.run:1901 android.view.Choreographer$CallbackRecord.run:1910 android.view.Choreographer.doCallbacks:1367 android.view.Choreographer.doFrame:1292 android.view.Choreographer$FrameDisplayEventReceiver.run:1870 
2026-01-04 11:45:37.138 13043-13043 BLASTBufferQueue_Java   com.kcpd.myfolder                    I  update, w= 1080 h= 2316 mName = VRI[MainActivity]@1f4409c mNativeObject= 0xb400007680dcb000 sc.mNativeObject= 0xb400007680e3afc0 format= -2 caller= android.view.ViewRootImpl.updateBlastSurfaceIfNeeded:3590 android.view.ViewRootImpl.relayoutWindow:11685 android.view.ViewRootImpl.performTraversals:4804 android.view.ViewRootImpl.doTraversal:3924 android.view.ViewRootImpl$TraversalRunnable.run:12903 android.view.Choreographer$CallbackRecord.run:1901 
2026-01-04 11:45:37.138 13043-13043 libc                    com.kcpd.myfolder                    W  Access denied finding property "vendor.display.enable_optimal_refresh_rate"
2026-01-04 11:45:37.138 13043-13043 VRI[MainAc...y]@1f4409c com.kcpd.myfolder                    I  Relayout returned: old=(0,0,1080,2316) new=(0,0,1080,2316) relayoutAsync=false req=(1080,2316)0 dur=6 res=0x3 s={true 0xb400007680e53000} ch=true seqId=0
2026-01-04 11:45:37.139 13043-13043 VRI[MainAc...y]@1f4409c com.kcpd.myfolder                    I  performConfigurationChange setNightDimText nightDimLevel=0
2026-01-04 11:45:37.139 13043-13043 VRI[MainAc...y]@1f4409c com.kcpd.myfolder                    D  mThreadedRenderer.initialize() mSurface={isValid=true 0xb400007680e53000} hwInitialized=true
2026-01-04 11:45:37.149 13043-13043 VRI[MainAc...y]@1f4409c com.kcpd.myfolder                    D  reportNextDraw android.view.ViewRootImpl.performTraversals:5443 android.view.ViewRootImpl.doTraversal:3924 android.view.ViewRootImpl$TraversalRunnable.run:12903 android.view.Choreographer$CallbackRecord.run:1901 android.view.Choreographer$CallbackRecord.run:1910 
2026-01-04 11:45:37.149 13043-13043 VRI[MainAc...y]@1f4409c com.kcpd.myfolder                    D  Setup new sync=wmsSync-VRI[MainActivity]@1f4409c#2
2026-01-04 11:45:37.149 13043-13043 VRI[MainAc...y]@1f4409c com.kcpd.myfolder                    I  Creating new active sync group VRI[MainActivity]@1f4409c#3
2026-01-04 11:45:37.149 13043-13043 VRI[MainAc...y]@1f4409c com.kcpd.myfolder                    D  registerCallbacksForSync syncBuffer=false
2026-01-04 11:45:37.160 13043-13068 VRI[MainAc...y]@1f4409c com.kcpd.myfolder                    D  Received frameDrawingCallback syncResult=0 frameNum=1.
2026-01-04 11:45:37.160 13043-13068 VRI[MainAc...y]@1f4409c com.kcpd.myfolder                    I  mWNT: t=0xb4000076e5ef1780 mBlastBufferQueue=0xb400007680dcb000 fn= 1 HdrRenderState mRenderHdrSdrRatio=1.0 caller= android.view.ViewRootImpl$12.onFrameDraw:15441 android.view.ThreadedRenderer$1.onFrameDraw:718 <bottom of call stack> 
2026-01-04 11:45:37.160 13043-13068 VRI[MainAc...y]@1f4409c com.kcpd.myfolder                    I  Setting up sync and frameCommitCallback
2026-01-04 11:45:37.160 13043-13063 BLASTBufferQueue        com.kcpd.myfolder                    I  [VRI[MainActivity]@1f4409c#1](f:0,a:0,s:0) onFrameAvailable the first frame is available
2026-01-04 11:45:37.161 13043-13063 SurfaceComposerClient   com.kcpd.myfolder                    I  apply transaction with the first frame. layerId: 92738, bufferData(ID: 56019258441735, frameNumber: 1)
2026-01-04 11:45:37.161 13043-13063 VRI[MainAc...y]@1f4409c com.kcpd.myfolder                    I  Received frameCommittedCallback lastAttemptedDrawFrameNum=1 didProduceBuffer=true
2026-01-04 11:45:37.161 13043-13063 HWUI                    com.kcpd.myfolder                    D  CFMS:: SetUp Pid : 13043    Tid : 13063
2026-01-04 11:45:37.161 13043-13043 VRI[MainAc...y]@1f4409c com.kcpd.myfolder                    D  reportDrawFinished seqId=0
2026-01-04 11:45:37.162 13043-13043 WM-SystemJobService     com.kcpd.myfolder                    D  onStartJob for WorkGenerationalId(workSpecId=582ca658-c30d-4e3a-99d7-c625517d0c55, generation=0)
2026-01-04 11:45:37.162 13043-13087 WM-Processor            com.kcpd.myfolder                    D  Work WorkGenerationalId(workSpecId=582ca658-c30d-4e3a-99d7-c625517d0c55, generation=0) is already enqueued for processing
2026-01-04 11:45:37.177 13043-13043 BLASTBufferQueue_Java   com.kcpd.myfolder                    I  update, w= 1080 h= 2316 mName = VRI[MainActivity]@1f4409c mNativeObject= 0xb400007680dcb000 sc.mNativeObject= 0xb400007680e3afc0 format= -2 caller= android.view.ViewRootImpl.updateBlastSurfaceIfNeeded:3574 android.view.ViewRootImpl.relayoutWindow:11685 android.view.ViewRootImpl.performTraversals:4804 android.view.ViewRootImpl.doTraversal:3924 android.view.ViewRootImpl$TraversalRunnable.run:12903 android.view.Choreographer$CallbackRecord.run:1901 
2026-01-04 11:45:37.178 13043-13043 VRI[MainAc...y]@1f4409c com.kcpd.myfolder                    I  Relayout returned: old=(0,0,1080,2316) new=(0,0,1080,2316) relayoutAsync=true req=(1080,2316)0 dur=0 res=0x0 s={true 0xb400007680e53000} ch=false seqId=0
2026-01-04 11:45:37.178 13043-13043 VRI[MainAc...y]@1f4409c com.kcpd.myfolder                    I  registerCallbackForPendingTransactions
2026-01-04 11:45:37.179 13043-13067 VRI[MainAc...y]@1f4409c com.kcpd.myfolder                    I  mWNT: t=0xb4000076e5ea6400 mBlastBufferQueue=0xb400007680dcb000 fn= 2 HdrRenderState mRenderHdrSdrRatio=1.0 caller= android.view.ViewRootImpl$10.onFrameDraw:6536 android.view.ViewRootImpl$4.onFrameDraw:2489 android.view.ThreadedRenderer$1.onFrameDraw:718 
2026-01-04 11:45:37.180 13043-13063 HWUI                    com.kcpd.myfolder                    D  HWUI - treat SMPTE_170M as sRGB
2026-01-04 11:45:37.181 13043-13043 WM-WorkerWrapper        com.kcpd.myfolder                    D  Starting work for com.kcpd.myfolder.worker.UploadWorker
2026-01-04 11:45:37.181 13043-13156 UploadWorker            com.kcpd.myfolder                    D  UploadWorker started (attempt: 1)
2026-01-04 11:45:37.182 13043-13043 ImeFocusController      com.kcpd.myfolder                    I  onPreWindowFocus: skipped hasWindowFocus=false mHasImeFocus=true
2026-01-04 11:45:37.182 13043-13043 ImeFocusController      com.kcpd.myfolder                    I  onPostWindowFocus: skipped hasWindowFocus=false mHasImeFocus=true
2026-01-04 11:45:37.184 13043-13156 UploadWorker            com.kcpd.myfolder                    D  Found 38 pending uploads
2026-01-04 11:45:37.187 13043-13094 WM-Processor            com.kcpd.myfolder                    I  Moving WorkSpec (582ca658-c30d-4e3a-99d7-c625517d0c55) to the foreground
2026-01-04 11:45:37.196 13043-13156 UploadWorker            com.kcpd.myfolder                    D  Processing upload: MEDIA_20260104_111101.jpg -> google1
2026-01-04 11:45:37.198 13043-13043 VRI[MainAc...y]@1f4409c com.kcpd.myfolder                    D  mThreadedRenderer.initializeIfNeeded()#2 mSurface={isValid=true 0xb400007680e53000}
2026-01-04 11:45:37.198 13043-13043 InputMethodManagerUtils com.kcpd.myfolder                    D  startInputInner - Id : 0
2026-01-04 11:45:37.198 13043-13043 InputMethodManager      com.kcpd.myfolder                    I  startInputInner - IInputMethodManagerGlobalInvoker.startInputOrWindowGainedFocus
2026-01-04 11:45:37.200 13043-13062 InputTransport          com.kcpd.myfolder                    D  Input channel constructed: 'ClientS', fd=195
2026-01-04 11:45:37.200 13043-13156 GoogleDriveInstance     com.kcpd.myfolder                    D  Drive service initialized for: khemchandkumar@gmail.com
2026-01-04 11:45:37.200 13043-13043 WM-SystemFgDispatcher   com.kcpd.myfolder                    I  Started foreground service Intent { act=ACTION_START_FOREGROUND xflg=0x4 cmp=com.kcpd.myfolder/androidx.work.impl.foreground.SystemForegroundService (has extras) }
2026-01-04 11:45:37.201 13043-13043 WM-SystemFgDispatcher   com.kcpd.myfolder                    D  Notifying with (id:1001, workSpecId: 582ca658-c30d-4e3a-99d7-c625517d0c55, notificationType :1)
2026-01-04 11:45:37.203 13043-13043 WM-SystemFgDispatcher   com.kcpd.myfolder                    D  Notifying with (id:1001, workSpecId: 582ca658-c30d-4e3a-99d7-c625517d0c55, notificationType :1)
2026-01-04 11:45:37.203 13043-13043 NotificationManager     com.kcpd.myfolder                    I  com.kcpd.myfolder: notify(1001, null, Notification(channel=upload_channel shortcut=null contentView=null vibrate=null sound=null defaults=0 flags=ONGOING_EVENT color=0x00000000 category=progress vis=PRIVATE semFlags=0x0 semPriority=0 semMissedCount=0)) as user
2026-01-04 11:45:37.203 13043-13043 NotificationManager     com.kcpd.myfolder                    D  BOOTING pkg =com.kcpd.myfolder mBlockedChannelsForOverflowNoti=[]
2026-01-04 11:45:37.208 13043-13043 InputMethodManager      com.kcpd.myfolder                    I  handleMessage: setImeVisibility visible=false
2026-01-04 11:45:37.208 13043-13043 InsetsController        com.kcpd.myfolder                    D  hide(ime(), fromIme=false)
2026-01-04 11:45:37.208 13043-13043 ImeTracker              com.kcpd.myfolder                    I  com.kcpd.myfolder:2303428e: onCancelled at PHASE_CLIENT_ALREADY_HIDDEN
2026-01-04 11:45:37.291 13043-13053 InputTransport          com.kcpd.myfolder                    D  Input channel destroyed: 'ClientS', fd=195
2026-01-04 11:45:39.478 13043-13043 VRI[MainAc...y]@1f4409c com.kcpd.myfolder                    I  ViewPostIme pointer 0
2026-01-04 11:45:39.487 13043-13043 VRI[MainAc...y]@1f4409c com.kcpd.myfolder                    I  call setFrameRateCategory for touch hint category=high hint, reason=touch, vri=VRI[MainActivity]@1f4409c
2026-01-04 11:45:39.978 13043-13043 VRI[MainAc...y]@af407db com.kcpd.myfolder                    I  call setFrameRateCategory for touch hint category=no preference, reason=boost timeout, vri=VRI[MainActivity]@af407db
2026-01-04 11:45:40.708 13043-13043 VRI[MainAc...y]@1f4409c com.kcpd.myfolder                    I  ViewPostIme pointer 1
2026-01-04 11:45:41.351 13043-13043 VRI[MainAc...y]@1f4409c com.kcpd.myfolder                    I  ViewPostIme pointer 0
2026-01-04 11:45:41.589 13043-13043 VRI[MainAc...y]@1f4409c com.kcpd.myfolder                    I  ViewPostIme pointer 1
2026-01-04 11:45:41.932 13043-13043 VRI[MainAc...y]@1f4409c com.kcpd.myfolder                    I  ViewPostIme pointer 0
2026-01-04 11:45:41.993 13043-13043 VRI[MainAc...y]@1f4409c com.kcpd.myfolder                    I  ViewPostIme pointer 1
2026-01-04 11:45:42.617 13043-13043 VRI[MainAc...y]@1f4409c com.kcpd.myfolder                    I  ViewPostIme pointer 0
2026-01-04 11:45:42.716 13043-13043 VRI[MainAc...y]@1f4409c com.kcpd.myfolder                    I  ViewPostIme pointer 1
2026-01-04 11:45:43.496 13043-13043 VRI[MainAc...y]@1f4409c com.kcpd.myfolder                    I  ViewPostIme pointer 0
2026-01-04 11:45:43.566 13043-13043 VRI[MainAc...y]@1f4409c com.kcpd.myfolder                    I  ViewPostIme pointer 1
2026-01-04 11:45:43.783 13043-13156 GoogleDriveInstance     com.kcpd.myfolder                    D  Upload successful: drive://1bbfpjyZGYwQEGkKVSwIQukHtIReZY6Yl
2026-01-04 11:45:43.789 13043-13156 UploadWorker            com.kcpd.myfolder                    D  Upload SUCCESS: MEDIA_20260104_111101.jpg -> google1
2026-01-04 11:45:43.790 13043-13093 WM-Processor            com.kcpd.myfolder                    I  Moving WorkSpec (582ca658-c30d-4e3a-99d7-c625517d0c55) to the foreground
2026-01-04 11:45:43.794 13043-13156 UploadWorker            com.kcpd.myfolder                    D  Processing upload: MEDIA_20260104_111101.jpg -> B2
2026-01-04 11:45:43.797 13043-13156 S3RepositoryInstance    com.kcpd.myfolder                    D  First upload - will initialize MinIO client for myfolderprivatebucket
2026-01-04 11:45:43.799 13043-13156 S3RepositoryInstance    com.kcpd.myfolder                    D  Creating MinIO client for endpoint: s3.us-east-005.backblazeb2.com (bucket: myfolderprivatebucket)
2026-01-04 11:45:43.808 13043-13043 WM-SystemFgDispatcher   com.kcpd.myfolder                    D  Notifying with (id:1001, workSpecId: 582ca658-c30d-4e3a-99d7-c625517d0c55, notificationType :1)
2026-01-04 11:45:43.808 13043-13043 NotificationManager     com.kcpd.myfolder                    I  com.kcpd.myfolder: notify(1001, null, Notification(channel=upload_channel shortcut=null contentView=null vibrate=null sound=null defaults=0 flags=ONGOING_EVENT color=0x00000000 category=progress vis=PRIVATE semFlags=0x0 semPriority=0 semMissedCount=0)) as user
2026-01-04 11:45:43.835 13043-13156 MinioProperties         com.kcpd.myfolder                    E  IOException occurred (Ask Gemini)
                                                                                                    java.io.IOException: invalid header field (line 3)
                                                                                                    	at java.util.jar.Attributes.read(Attributes.java:406)
                                                                                                    	at java.util.jar.Manifest.read(Manifest.java:291)
                                                                                                    	at java.util.jar.Manifest.<init>(Manifest.java:101)
                                                                                                    	at java.util.jar.Manifest.<init>(Manifest.java:77)
                                                                                                    	at io.minio.MinioProperties.setVersion(MinioProperties.java:60)
                                                                                                    	at io.minio.MinioProperties.getVersion(MinioProperties.java:42)
                                                                                                    	at io.minio.MinioProperties.getDefaultUserAgent(MinioProperties.java:79)
                                                                                                    	at io.minio.S3Base.<init>(S3Base.java:129)
                                                                                                    	at io.minio.MinioAsyncClient.<init>(MinioAsyncClient.java:144)
                                                                                                    	at io.minio.MinioAsyncClient.<init>(MinioAsyncClient.java:133)
                                                                                                    	at io.minio.MinioAsyncClient$Builder.build(MinioAsyncClient.java:3358)
                                                                                                    	at io.minio.MinioClient$Builder.build(MinioClient.java:2518)
                                                                                                    	at com.kcpd.myfolder.data.repository.S3RepositoryInstance.minioClient_delegate$lambda$1(RemoteRepositoryFactory.kt:172)
                                                                                                    	at com.kcpd.myfolder.data.repository.S3RepositoryInstance.$r8$lambda$3UmgODVI8HZ8Cv7BDRGMaCLxV6o(Unknown Source:0)
                                                                                                    	at com.kcpd.myfolder.data.repository.S3RepositoryInstance$$ExternalSyntheticLambda1.invoke(D8$$SyntheticClass:0)
                                                                                                    	at kotlin.SynchronizedLazyImpl.getValue(LazyJVM.kt:83)
                                                                                                    	at com.kcpd.myfolder.data.repository.S3RepositoryInstance.getMinioClient(RemoteRepositoryFactory.kt:164)
                                                                                                    	at com.kcpd.myfolder.data.repository.S3RepositoryInstance.access$getMinioClient(RemoteRepositoryFactory.kt:129)
                                                                                                    	at com.kcpd.myfolder.data.repository.S3RepositoryInstance$uploadFile$2.invokeSuspend(RemoteRepositoryFactory.kt:219)
                                                                                                    	at com.kcpd.myfolder.data.repository.S3RepositoryInstance$uploadFile$2.invoke(Unknown Source:8)
                                                                                                    	at com.kcpd.myfolder.data.repository.S3RepositoryInstance$uploadFile$2.invoke(Unknown Source:4)
                                                                                                    	at kotlinx.coroutines.intrinsics.UndispatchedKt.startUndispatchedOrReturn(Undispatched.kt:43)
                                                                                                    	at kotlinx.coroutines.BuildersKt__Builders_commonKt.withContext(Builders.common.kt:166)
                                                                                                    	at kotlinx.coroutines.BuildersKt.withContext(Unknown Source:1)
                                                                                                    	at com.kcpd.myfolder.data.repository.S3RepositoryInstance.uploadFile-gIAlu-s(RemoteRepositoryFactory.kt:189)
                                                                                                    	at com.kcpd.myfolder.worker.UploadWorker.processUpload(UploadWorker.kt:166)
                                                                                                    	at com.kcpd.myfolder.worker.UploadWorker.access$processUpload(UploadWorker.kt:38)
                                                                                                    	at com.kcpd.myfolder.worker.UploadWorker$processUpload$1.invokeSuspend(Unknown Source:15)
                                                                                                    	at kotlin.coroutines.jvm.internal.BaseContinuationImpl.resumeWith(ContinuationImpl.kt:33)
                                                                                                    	at kotlinx.coroutines.DispatchedTask.run(DispatchedTask.kt:100)
                                                                                                    	at kotlinx.coroutines.internal.LimitedDispatcher$Worker.run(LimitedDispatcher.kt:113)
                                                                                                    	at kotlinx.coroutines.scheduling.TaskImpl.run(Tasks.kt:89)
                                                                                                    	at kotlinx.coroutines.scheduling.CoroutineScheduler.runSafely(CoroutineScheduler.kt:586)
                                                                                                    	at kotlinx.coroutines.scheduling.CoroutineScheduler$Worker.executeTask(CoroutineScheduler.kt:820)
                                                                                                    	at kotlinx.coroutines.scheduling.CoroutineScheduler$Worker.runWorker(CoroutineScheduler.kt:717)
                                                                                                    	at kotlinx.coroutines.scheduling.CoroutineScheduler$Worker.run(CoroutineScheduler.kt:704)
2026-01-04 11:45:43.835 13043-13156 S3RepositoryInstance    com.kcpd.myfolder                    D  MinIO client created in 36ms for myfolderprivatebucket
2026-01-04 11:45:44.344 13043-13043 VRI[MainAc...y]@1f4409c com.kcpd.myfolder                    I  ViewPostIme pointer 0
2026-01-04 11:45:44.559 13043-13043 ImeFocusController      com.kcpd.myfolder                    I  onPreWindowFocus: skipped hasWindowFocus=false mHasImeFocus=true
2026-01-04 11:45:44.559 13043-13043 ImeFocusController      com.kcpd.myfolder                    I  onPostWindowFocus: skipped hasWindowFocus=false mHasImeFocus=true
2026-01-04 11:45:45.534 13043-13043 VRI[MainAc...y]@1f4409c com.kcpd.myfolder                    I  handleAppVisibility mAppVisible = true visible = false
2026-01-04 11:45:45.534 13043-13043 VRI[MainAc...y]@1f4409c com.kcpd.myfolder                    D  visibilityChanged oldVisibility=true newVisibility=false
2026-01-04 11:45:45.535 13043-13043 VRI[MainAc...y]@af407db com.kcpd.myfolder                    I  handleAppVisibility mAppVisible = true visible = false
2026-01-04 11:45:45.535 13043-13043 VRI[MainAc...y]@af407db com.kcpd.myfolder                    D  visibilityChanged oldVisibility=true newVisibility=false
2026-01-04 11:45:45.546 13043-13043 VRI[MainAc...y]@1f4409c com.kcpd.myfolder                    I  Relayout returned: old=(0,0,1080,2316) new=(0,0,1080,2316) relayoutAsync=false req=(1080,2316)8 dur=5 res=0x2 s={false 0x0} ch=true seqId=0
2026-01-04 11:45:45.546 13043-13043 VRI[MainAc...y]@1f4409c com.kcpd.myfolder                    D  Not drawing due to not visible. Reason=!mAppVisible && !mForceDecorViewVisibility
2026-01-04 11:45:45.549 13043-13063 HWUI                    com.kcpd.myfolder                    D  CacheManager::trimMemory(20)
2026-01-04 11:45:45.552 13043-13043 VRI[MainAc...y]@af407db com.kcpd.myfolder                    I  Relayout returned: old=(0,0,1080,2316) new=(0,0,1080,2316) relayoutAsync=false req=(1080,2316)8 dur=2 res=0x2 s={false 0x0} ch=true seqId=0
2026-01-04 11:45:45.552 13043-13043 VRI[MainAc...y]@af407db com.kcpd.myfolder                    D  Not drawing due to not visible. Reason=!mAppVisible && !mForceDecorViewVisibility
2026-01-04 11:45:45.554 13043-13043 WindowOnBackDispatcher  com.kcpd.myfolder                    W  sendCancelIfRunning: isInProgress=false callback=androidx.activity.OnBackPressedDispatcher$Api34Impl$createOnBackAnimationCallback$1@da96880
2026-01-04 11:45:45.556 13043-13043 VRI[MainAc...y]@1f4409c com.kcpd.myfolder                    I  stopped(true) old = false
2026-01-04 11:45:45.556 13043-13043 VRI[MainAc...y]@1f4409c com.kcpd.myfolder                    D  WindowStopped on com.kcpd.myfolder/com.kcpd.myfolder.MainActivity set to true
2026-01-04 11:45:45.557 13043-13063 HWUI                    com.kcpd.myfolder                    D  CacheManager::trimMemory(20)
2026-01-04 11:45:45.557 13043-13043 VRI[MainAc...y]@af407db com.kcpd.myfolder                    I  stopped(true) old = false
2026-01-04 11:45:45.557 13043-13043 VRI[MainAc...y]@af407db com.kcpd.myfolder                    D  WindowStopped on com.kcpd.myfolder/com.kcpd.myfolder.MainActivity set to true
2026-01-04 11:45:45.557 13043-13063 HWUI                    com.kcpd.myfolder                    D  CacheManager::trimMemory(20)
2026-01-04 11:45:45.571 13043-13043 BBA2                    com.kcpd.myfolder                    D  setIsFg isFg = false; delayValue 3999ms
2026-01-04 11:45:45.576 13043-13043 InputTransport          com.kcpd.myfolder                    D  Input channel destroyed: 'ClientS', fd=163
2026-01-04 11:45:45.889 13043-13043 WindowManager           com.kcpd.myfolder                    I  WindowManagerGlobal#removeView, ty=2, view=com.android.internal.policy.DecorView{1e0580f V.E...... R.....ID 0,0-1080,2316 aid=1073741824}[MainActivity], caller=android.view.WindowManagerGlobal.removeView:654 android.view.WindowManagerImpl.removeViewImmediate:216 android.app.Dialog.dismissDialog:850 
2026-01-04 11:45:45.889 13043-13043 WindowOnBackDispatcher  com.kcpd.myfolder                    W  sendCancelIfRunning: isInProgress=false callback=androidx.compose.material3.ModalBottomSheetDialogLayout$Api34Impl$createBackCallback$1@b198793
2026-01-04 11:45:45.891 13043-13063 HWUI                    com.kcpd.myfolder                    D  CacheManager::trimMemory(20)
2026-01-04 11:45:45.891 13043-13043 ViewRootImpl            com.kcpd.myfolder                    D  Skipping stats log for color mode
2026-01-04 11:45:45.891 13043-13043 VRI[MainAc...y]@1f4409c com.kcpd.myfolder                    I  dispatchDetachedFromWindow
2026-01-04 11:45:45.893 13043-13043 InputTransport          com.kcpd.myfolder                    D  Input channel destroyed: '975314d', fd=149
2026-01-04 11:45:45.911 13043-13043 WindowOnBackDispatcher  com.kcpd.myfolder                    W  sendCancelIfRunning: isInProgress=false callback=android.app.Activity$$ExternalSyntheticLambda0@6799753
2026-01-04 11:45:45.914 13043-13063 HWUI                    com.kcpd.myfolder                    D  CacheManager::trimMemory(20)
2026-01-04 11:45:45.914 13043-13043 ViewRootImpl            com.kcpd.myfolder                    D  Skipping stats log for color mode
2026-01-04 11:45:45.914 13043-13043 VRI[MainAc...y]@af407db com.kcpd.myfolder                    I  dispatchDetachedFromWindow
2026-01-04 11:45:45.915 13043-13043 InputTransport          com.kcpd.myfolder                    D  Input channel destroyed: '7924c8 ', fd=121
2026-01-04 11:45:46.112 13043-13043 S3SessionManager        com.kcpd.myfolder                    D  App backgrounded - session preserved for background uploads
2026-01-04 11:45:46.996 13043-13156 S3RepositoryInstance    com.kcpd.myfolder                    D  Upload successful: s3://myfolderprivatebucket/MyFolderPrivate/photos/kcpd/44713067-5f4c-4d1a-bd9c-35295e4e0d53.enc
2026-01-04 11:45:47.002 13043-13156 UploadWorker            com.kcpd.myfolder                    D  Upload SUCCESS: MEDIA_20260104_111101.jpg -> B2
2026-01-04 11:45:47.004 13043-13100 WM-Processor            com.kcpd.myfolder                    I  Moving WorkSpec (582ca658-c30d-4e3a-99d7-c625517d0c55) to the foreground
2026-01-04 11:45:47.007 13043-13156 UploadWorker            com.kcpd.myfolder                    D  Processing upload: MEDIA_20260104_111101.jpg -> google1
2026-01-04 11:45:47.007 13043-13043 WM-SystemFgDispatcher   com.kcpd.myfolder                    D  Notifying with (id:1001, workSpecId: 582ca658-c30d-4e3a-99d7-c625517d0c55, notificationType :1)
2026-01-04 11:45:47.008 13043-13043 NotificationManager     com.kcpd.myfolder                    I  com.kcpd.myfolder: notify(1001, null, Notification(channel=upload_channel shortcut=null contentView=null vibrate=null sound=null defaults=0 flags=ONGOING_EVENT color=0x00000000 category=progress vis=PRIVATE semFlags=0x0 semPriority=0 semMissedCount=0)) as user
2026-01-04 11:45:50.035 13043-13156 GoogleDriveInstance     com.kcpd.myfolder                    D  Upload successful: drive://15pRupoJl4ppfhU34ECrhXnKDaYcDb-wW
2026-01-04 11:45:50.040 13043-13156 UploadWorker            com.kcpd.myfolder                    D  Upload SUCCESS: MEDIA_20260104_111101.jpg -> google1
2026-01-04 11:45:50.042 13043-13087 WM-Processor            com.kcpd.myfolder                    I  Moving WorkSpec (582ca658-c30d-4e3a-99d7-c625517d0c55) to the foreground
2026-01-04 11:45:50.045 13043-13156 UploadWorker            com.kcpd.myfolder                    D  Processing upload: MEDIA_20260104_111101.jpg -> B2
2026-01-04 11:45:50.045 13043-13043 WM-SystemFgDispatcher   com.kcpd.myfolder                    D  Notifying with (id:1001, workSpecId: 582ca658-c30d-4e3a-99d7-c625517d0c55, notificationType :1)
2026-01-04 11:45:50.045 13043-13043 NotificationManager     com.kcpd.myfolder                    I  com.kcpd.myfolder: notify(1001, null, Notification(channel=upload_channel shortcut=null contentView=null vibrate=null sound=null defaults=0 flags=ONGOING_EVENT color=0x00000000 category=progress vis=PRIVATE semFlags=0x0 semPriority=0 semMissedCount=0)) as user
2026-01-04 11:45:50.047 13043-13156 S3RepositoryInstance    com.kcpd.myfolder                    D  Using CACHED MinIO client for myfolderprivatebucket
2026-01-04 11:45:53.823 13043-13156 S3RepositoryInstance    com.kcpd.myfolder                    D  Upload successful: s3://myfolderprivatebucket/MyFolderPrivate/photos/kcpd/3773fabf-ef45-42fc-a95a-1bf12f8d77f6.enc
2026-01-04 11:45:53.829 13043-13156 UploadWorker            com.kcpd.myfolder                    D  Upload SUCCESS: MEDIA_20260104_111101.jpg -> B2
2026-01-04 11:45:53.831 13043-13094 WM-Processor            com.kcpd.myfolder                    I  Moving WorkSpec (582ca658-c30d-4e3a-99d7-c625517d0c55) to the foreground
2026-01-04 11:45:53.834 13043-13156 UploadWorker            com.kcpd.myfolder                    D  Processing upload: MEDIA_20260104_111100.jpg -> google1
2026-01-04 11:45:53.835 13043-13043 WM-SystemFgDispatcher   com.kcpd.myfolder                    D  Notifying with (id:1001, workSpecId: 582ca658-c30d-4e3a-99d7-c625517d0c55, notificationType :1)
2026-01-04 11:45:53.836 13043-13043 NotificationManager     com.kcpd.myfolder                    I  com.kcpd.myfolder: notify(1001, null, Notification(channel=upload_channel shortcut=null contentView=null vibrate=null sound=null defaults=0 flags=ONGOING_EVENT color=0x00000000 category=progress vis=PRIVATE semFlags=0x0 semPriority=0 semMissedCount=0)) as user
2026-01-04 11:45:54.482 13043-13093 WM-WorkerWrapper        com.kcpd.myfolder                    I  Worker result SUCCESS for Work [ id=a4fb6d69-c224-4cbf-bcca-27f90329ad78, tags={ androidx.glance.session.SessionWorker } ]
2026-01-04 11:45:54.485 13043-13043 WM-Processor            com.kcpd.myfolder                    D  Processor a4fb6d69-c224-4cbf-bcca-27f90329ad78 executed; reschedule = false
2026-01-04 11:45:54.485 13043-13043 WM-SystemJobService     com.kcpd.myfolder                    D  a4fb6d69-c224-4cbf-bcca-27f90329ad78 executed on JobScheduler
2026-01-04 11:45:54.486 13043-13093 WM-GreedyScheduler      com.kcpd.myfolder                    D  Cancelling work ID a4fb6d69-c224-4cbf-bcca-27f90329ad78
2026-01-04 11:45:54.784 13043-13052 m.kcpd.myfolder         com.kcpd.myfolder                    W  Cleared Reference was only reachable from finalizer (only reported once)
2026-01-04 11:45:54.801 13043-13063 HWUI                    com.kcpd.myfolder                    D  CacheManager::trimMemory(20)
2026-01-04 11:45:54.801 13043-13063 HWUI                    com.kcpd.myfolder                    D  CacheManager::trimMemory(20)
2026-01-04 11:45:54.802 13043-13063 HWUI                    com.kcpd.myfolder                    D  CacheManager::trimMemory(20)
2026-01-04 11:45:54.802 13043-13063 HWUI                    com.kcpd.myfolder                    D  CacheManager::trimMemory(20)
2026-01-04 11:45:56.805 13043-13161 GoogleDriveInstance     com.kcpd.myfolder                    D  Upload successful: drive://1dLAqx0rCY8XwvQVPgPoWQ49rmgCqXLtH
2026-01-04 11:45:56.814 13043-13161 UploadWorker            com.kcpd.myfolder                    D  Upload SUCCESS: MEDIA_20260104_111100.jpg -> google1
2026-01-04 11:45:56.817 13043-13100 WM-Processor            com.kcpd.myfolder                    I  Moving WorkSpec (582ca658-c30d-4e3a-99d7-c625517d0c55) to the foreground
2026-01-04 11:45:56.824 13043-13043 WM-SystemFgDispatcher   com.kcpd.myfolder                    D  Notifying with (id:1001, workSpecId: 582ca658-c30d-4e3a-99d7-c625517d0c55, notificationType :1)
2026-01-04 11:45:56.824 13043-13161 UploadWorker            com.kcpd.myfolder                    D  Processing upload: MEDIA_20260104_111100.jpg -> B2
2026-01-04 11:45:56.825 13043-13043 NotificationManager     com.kcpd.myfolder                    I  com.kcpd.myfolder: notify(1001, null, Notification(channel=upload_channel shortcut=null contentView=null vibrate=null sound=null defaults=0 flags=ONGOING_EVENT color=0x00000000 category=progress vis=PRIVATE semFlags=0x0 semPriority=0 semMissedCount=0)) as user
2026-01-04 11:45:56.828 13043-13161 S3RepositoryInstance    com.kcpd.myfolder                    D  Using CACHED MinIO client for myfolderprivatebucket
