2026-01-02 23:53:30.982  2059-2136  MultiRemot...oordinator com.kcpd.myfolder                    D  Upload SUCCESS: MEDIA_20260102_235110.mp4 -> R2 Bucket
2026-01-02 23:53:31.164  2059-2128  S3RepositoryInstance    com.kcpd.myfolder                    D  Upload successful: s3://myfolderprivatebucket/MyFolderPrivate/videos/c91087c3-58fe-4296-9f14-cd183b70cd8a.enc
2026-01-02 23:53:31.165  2059-2128  MultiRemot...oordinator com.kcpd.myfolder                    D  Upload SUCCESS: MEDIA_20260102_235110.mp4 -> B2
2026-01-02 23:53:31.541  2059-2059  VRI[MainAc...y]@e85f54d com.kcpd.myfolder                    I  call setFrameRateCategory for touch hint category=no preference, reason=boost timeout, vri=VRI[MainActivity]@e85f54d
2026-01-02 23:53:32.510  2059-2059  VRI[MainAc...y]@e85f54d com.kcpd.myfolder                    I  ViewPostIme pointer 0
2026-01-02 23:53:32.515  2059-2059  VRI[MainAc...y]@e85f54d com.kcpd.myfolder                    I  call setFrameRateCategory for touch hint category=high hint, reason=touch, vri=VRI[MainActivity]@e85f54d
2026-01-02 23:53:32.854  2059-2059  VRI[MainAc...y]@e85f54d com.kcpd.myfolder                    I  ViewPostIme pointer 1
2026-01-02 23:53:33.904  2059-2059  VRI[MainAc...y]@e85f54d com.kcpd.myfolder                    I  ViewPostIme pointer 0
2026-01-02 23:53:34.226  2059-2059  VRI[MainAc...y]@e85f54d com.kcpd.myfolder                    I  ViewPostIme pointer 1
2026-01-02 23:53:37.227  2059-2059  VRI[MainAc...y]@e85f54d com.kcpd.myfolder                    I  call setFrameRateCategory for touch hint category=no preference, reason=boost timeout, vri=VRI[MainActivity]@e85f54d
2026-01-02 23:53:39.993  2059-2059  VRI[MainAc...y]@e85f54d com.kcpd.myfolder                    I  ViewPostIme pointer 0
2026-01-02 23:53:39.999  2059-2059  VRI[MainAc...y]@e85f54d com.kcpd.myfolder                    I  call setFrameRateCategory for touch hint category=high hint, reason=touch, vri=VRI[MainActivity]@e85f54d
2026-01-02 23:53:40.278  2059-2059  VRI[MainAc...y]@e85f54d com.kcpd.myfolder                    I  ViewPostIme pointer 1
2026-01-02 23:53:43.279  2059-2059  VRI[MainAc...y]@e85f54d com.kcpd.myfolder                    I  call setFrameRateCategory for touch hint category=no preference, reason=boost timeout, vri=VRI[MainActivity]@e85f54d
2026-01-02 23:53:57.673  2059-2127  WebDavRepository        com.kcpd.myfolder                    D  Upload successful: webdav://koofr/MyFolderPrivate/videos/c91087c3-58fe-4296-9f14-cd183b70cd8a.enc
2026-01-02 23:53:57.674  2059-2127  MultiRemot...oordinator com.kcpd.myfolder                    D  Upload SUCCESS: MEDIA_20260102_235110.mp4 -> koofr
2026-01-02 23:53:57.674  2059-2127  MultiRemot...oordinator com.kcpd.myfolder                    D  Completed file: MEDIA_20260102_235110.mp4 - Moving to next file
2026-01-02 23:53:57.674  2059-2127  MultiRemot...oordinator com.kcpd.myfolder                    D  Processing file: MEDIA_20260102_235104.mp4
2026-01-02 23:53:57.675  2059-2128  MultiRemot...oordinator com.kcpd.myfolder                    D  Starting upload: MEDIA_20260102_235104.mp4 -> google1
2026-01-02 23:53:57.675  2059-2138  MultiRemot...oordinator com.kcpd.myfolder                    D  Starting upload: MEDIA_20260102_235104.mp4 -> R2 Bucket
2026-01-02 23:53:57.676  2059-2138  S3RepositoryInstance    com.kcpd.myfolder                    D  Using CACHED MinIO client for myfolder
2026-01-02 23:53:57.676  2059-2136  MultiRemot...oordinator com.kcpd.myfolder                    D  Starting upload: MEDIA_20260102_235104.mp4 -> B2
2026-01-02 23:53:57.676  2059-2136  S3RepositoryInstance    com.kcpd.myfolder                    D  Using CACHED MinIO client for myfolderprivatebucket
2026-01-02 23:53:57.677  2059-2127  MultiRemot...oordinator com.kcpd.myfolder                    D  Starting upload: MEDIA_20260102_235104.mp4 -> koofr
2026-01-02 23:53:57.677  2059-2127  WebDavRepository        com.kcpd.myfolder                    D  Using CACHED WebDAV client for koofr
2026-01-02 23:54:00.437  2059-2128  GoogleDriveInstance     com.kcpd.myfolder                    D  Upload successful: drive://1rjRRgze4rvKjuBdful1ct-YKe4pCScwu
2026-01-02 23:54:00.438  2059-2128  MultiRemot...oordinator com.kcpd.myfolder                    D  Upload SUCCESS: MEDIA_20260102_235104.mp4 -> google1
2026-01-02 23:54:01.139  2059-2138  S3RepositoryInstance    com.kcpd.myfolder                    D  Upload successful: s3://myfolder/MyFolderPrivate/videos/a101f02f-943c-4128-835d-150a8b4ee9ef.enc
2026-01-02 23:54:01.139  2059-2138  MultiRemot...oordinator com.kcpd.myfolder                    D  Upload SUCCESS: MEDIA_20260102_235104.mp4 -> R2 Bucket
2026-01-02 23:54:01.710  2059-2136  S3RepositoryInstance    com.kcpd.myfolder                    D  Upload successful: s3://myfolderprivatebucket/MyFolderPrivate/videos/a101f02f-943c-4128-835d-150a8b4ee9ef.enc
2026-01-02 23:54:01.710  2059-2136  MultiRemot...oordinator com.kcpd.myfolder                    D  Upload SUCCESS: MEDIA_20260102_235104.mp4 -> B2
2026-01-02 23:54:12.017  2059-2127  WebDavRepository        com.kcpd.myfolder                    D  Upload successful: webdav://koofr/MyFolderPrivate/videos/a101f02f-943c-4128-835d-150a8b4ee9ef.enc
2026-01-02 23:54:12.018  2059-2127  MultiRemot...oordinator com.kcpd.myfolder                    D  Upload SUCCESS: MEDIA_20260102_235104.mp4 -> koofr
2026-01-02 23:54:12.019  2059-2127  MultiRemot...oordinator com.kcpd.myfolder                    D  Completed file: MEDIA_20260102_235104.mp4 - Moving to next file
2026-01-02 23:54:12.019  2059-2127  MultiRemot...oordinator com.kcpd.myfolder                    D  Processing file: MEDIA_20260102_205825.mp4
2026-01-02 23:54:12.020  2059-2138  MultiRemot...oordinator com.kcpd.myfolder                    D  Starting upload: MEDIA_20260102_205825.mp4 -> google1
2026-01-02 23:54:12.021  2059-2154  MultiRemot...oordinator com.kcpd.myfolder                    D  Starting upload: MEDIA_20260102_205825.mp4 -> R2 Bucket
2026-01-02 23:54:12.021  2059-2154  S3RepositoryInstance    com.kcpd.myfolder                    D  Using CACHED MinIO client for myfolder
2026-01-02 23:54:12.022  2059-2480  MultiRemot...oordinator com.kcpd.myfolder                    D  Starting upload: MEDIA_20260102_205825.mp4 -> B2
2026-01-02 23:54:12.022  2059-2480  S3RepositoryInstance    com.kcpd.myfolder                    D  Using CACHED MinIO client for myfolderprivatebucket
2026-01-02 23:54:12.024  2059-2128  MultiRemot...oordinator com.kcpd.myfolder                    D  Starting upload: MEDIA_20260102_205825.mp4 -> koofr
2026-01-02 23:54:12.024  2059-2128  WebDavRepository        com.kcpd.myfolder                    D  Using CACHED WebDAV client for koofr
2026-01-02 23:54:16.662  2059-2138  GoogleDriveInstance     com.kcpd.myfolder                    D  Upload successful: drive://1JieS2rBXGGvgxBWRjpu5hd6hPGbY5Vgq
2026-01-02 23:54:16.662  2059-2138  MultiRemot...oordinator com.kcpd.myfolder                    D  Upload SUCCESS: MEDIA_20260102_205825.mp4 -> google1
2026-01-02 23:54:18.337  2059-2059  VRI[MainAc...y]@e85f54d com.kcpd.myfolder                    I  ViewPostIme pointer 0
2026-01-02 23:54:18.344  2059-2059  VRI[MainAc...y]@e85f54d com.kcpd.myfolder                    I  call setFrameRateCategory for touch hint category=high hint, reason=touch, vri=VRI[MainActivity]@e85f54d
2026-01-02 23:54:18.956  2059-2059  VRI[MainAc...y]@e85f54d com.kcpd.myfolder                    I  ViewPostIme pointer 1
2026-01-02 23:54:20.911  2059-2154  S3RepositoryInstance    com.kcpd.myfolder                    D  Upload successful: s3://myfolder/MyFolderPrivate/videos/d4501483-0d58-4b9a-be9d-ac227038731e.enc
2026-01-02 23:54:20.911  2059-2154  MultiRemot...oordinator com.kcpd.myfolder                    D  Upload SUCCESS: MEDIA_20260102_205825.mp4 -> R2 Bucket
2026-01-02 23:54:21.958  2059-2059  VRI[MainAc...y]@e85f54d com.kcpd.myfolder                    I  call setFrameRateCategory for touch hint category=no preference, reason=boost timeout, vri=VRI[MainActivity]@e85f54d
2026-01-02 23:54:22.138  2059-2059  VRI[MainAc...y]@e85f54d com.kcpd.myfolder                    I  ViewPostIme pointer 0
2026-01-02 23:54:22.142  2059-2059  VRI[MainAc...y]@e85f54d com.kcpd.myfolder                    I  call setFrameRateCategory for touch hint category=high hint, reason=touch, vri=VRI[MainActivity]@e85f54d
2026-01-02 23:54:22.354  2059-2059  VRI[MainAc...y]@e85f54d com.kcpd.myfolder                    I  ViewPostIme pointer 1
2026-01-02 23:54:24.526  2059-2480  S3RepositoryInstance    com.kcpd.myfolder                    D  Upload successful: s3://myfolderprivatebucket/MyFolderPrivate/videos/d4501483-0d58-4b9a-be9d-ac227038731e.enc
2026-01-02 23:54:24.527  2059-2480  MultiRemot...oordinator com.kcpd.myfolder                    D  Upload SUCCESS: MEDIA_20260102_205825.mp4 -> B2
2026-01-02 23:54:25.354  2059-2059  VRI[MainAc...y]@e85f54d com.kcpd.myfolder                    I  call setFrameRateCategory for touch hint category=no preference, reason=boost timeout, vri=VRI[MainActivity]@e85f54d
2026-01-02 23:54:41.247  2059-2059  VRI[MainAc...y]@e85f54d com.kcpd.myfolder                    I  ViewPostIme pointer 0
2026-01-02 23:54:41.253  2059-2059  VRI[MainAc...y]@e85f54d com.kcpd.myfolder                    I  call setFrameRateCategory for touch hint category=high hint, reason=touch, vri=VRI[MainActivity]@e85f54d
2026-01-02 23:54:41.610  2059-2059  VRI[MainAc...y]@e85f54d com.kcpd.myfolder                    I  ViewPostIme pointer 1
2026-01-02 23:54:42.210  2059-2059  VRI[MainAc...y]@e85f54d com.kcpd.myfolder                    I  ViewPostIme pointer 0
2026-01-02 23:54:42.372  2059-2059  VRI[MainAc...y]@e85f54d com.kcpd.myfolder                    I  ViewPostIme pointer 1
2026-01-02 23:54:42.965  2059-2059  VRI[MainAc...y]@e85f54d com.kcpd.myfolder                    I  ViewPostIme pointer 0
2026-01-02 23:54:43.128  2059-2059  VRI[MainAc...y]@e85f54d com.kcpd.myfolder                    I  ViewPostIme pointer 1
2026-01-02 23:54:43.460  2059-2059  WindowManager           com.kcpd.myfolder                    I  WindowManagerGlobal#removeView, ty=2, view=com.android.internal.policy.DecorView{b5fe3c6 V.E...... R......D 0,0-1080,2316 aid=1073741825}[MainActivity], caller=android.view.WindowManagerGlobal.removeView:654 android.view.WindowManagerImpl.removeViewImmediate:216 android.app.Dialog.dismissDialog:850 
2026-01-02 23:54:43.461  2059-2059  WindowOnBackDispatcher  com.kcpd.myfolder                    W  sendCancelIfRunning: isInProgress=false callback=androidx.compose.material3.ModalBottomSheetDialogLayout$Api34Impl$createBackCallback$1@6c875e8
2026-01-02 23:54:43.481  2059-2059  VRI[MainAc...y]@e85f54d com.kcpd.myfolder                    I  dispatchDetachedFromWindow
2026-01-02 23:54:43.486  2059-2059  InputTransport          com.kcpd.myfolder                    D  Input channel destroyed: '7ccbb2f', fd=200
2026-01-02 23:54:43.503  2059-2059  InsetsController        com.kcpd.myfolder                    I  onStateChanged: host=com.kcpd.myfolder/com.kcpd.myfolder.MainActivity, from=android.view.ViewRootImpl.onInsetsStateChanged:3026, state=InsetsState: {mDisplayFrame=Rect(0, 0 - 1080, 2316), mDisplayCutout=DisplayCutout{insets=Rect(0, 75 - 0, 0) waterfall=Insets{left=0, top=0, right=0, bottom=0} boundingRect={Bounds=[Rect(0, 0 - 0, 0), Rect(513, 0 - 567, 75), Rect(0, 0 - 0, 0), Rect(0, 0 - 0, 0)]} cutoutPathParserInfo={CutoutPathParserInfo{displayWidth=1080 displayHeight=2316 physicalDisplayWidth=1080 physicalDisplayHeight=2316 density={2.8125} cutoutSpec={M 0,0 H -9.466666666666667 V 26.66666666666667‬ H 9.466666666666667 V 0 H 0 Z @dp} rotation={0} scale={1.0} physicalPixelDisplaySizeRatio={1.0}}} sideOverrides={}}, mRoundedCorners=RoundedCorners{[RoundedCorner{position=TopLeft, radius=9, center=Point(9, 9)}, RoundedCorner{position=TopRight, radius=9, center=Point(1071, 9)}, RoundedCorner{position=BottomRight, radius=9, center=Point(1071, 2307)}, RoundedCorner{position=BottomLeft, radius=9, center=Point(9, 2307)}]}  mRoundedCornerFrame=Rect(0, 0 - 1080, 2316), mPrivacyIndicatorBounds=PrivacyIndicatorBounds {static bounds=Rect(977, 0 - 1080, 75) rotation=0}, mDisplayShape=DisplayShape{ spec=-311912193 displayWidth=1080 displayHeight=2316 physicalPixelDisplaySizeRatio=0.75 rotation=0 offsetX=0 offsetY=0 scale=1.0}, mSources= { InsetsSource: {c2d00000 mType=statusBars mFrame=[0,0][1080,75] mVisible=true mFlags= mSideHint=TOP mBoundingRects=null}, InsetsSource: {c2d00005 mType=mandatorySystemGestures mFrame=[0,0][1080,103] mVisible=true mFlags= mSideHint=TOP mBoundingRects=null}, InsetsSource: {c2d00006 mType=tappableElement mFrame=[0,0][1080,75] mVisible=true mFlags= mSideHint=TOP mBoundingRects=null}, InsetsSource: {27 mType=displayCutout mFrame=[0,0][1080,75] mVisible=true mFlags= mSideHint=TOP mBoundingRects=null}, InsetsSource: {63440001 mType=navigationBars mFrame=[0,2281][1080,2316] mVisible=true mFlags=SUPPRESS_SCRIM mSideHint=BOTTOM mBoundingRects=null}, InsetsSource: {63440004 mType=systemGestures mFrame=[0,0][70,2316] mVisible=true mFlags= mSideHint=LEFT mBoundingRects=null}, InsetsSource: {63440005 mType=mandatorySystemGestures mFrame=[0,2241][1080,2316] mVisible=true mFlags= mSideHint=BOTTOM mBoundingRects=null}, InsetsSource: {63440006 mType=tappableElement mFrame=[0,0][0,0] mVisible=true mFlags= mSideHint=NONE mBoundingRects=null}, InsetsSource: {63440024 mType=systemGestures mFrame=[1010,0][1080,2316] mVisible=true mFlags= mSideHint=RIGHT mBoundingRects=null} }
2026-01-02 23:54:43.504  2059-2059  InsetsSourceConsumer    com.kcpd.myfolder                    I  applyRequestedVisibilityToControl: visible=true, type=navigationBars, host=com.kcpd.myfolder/com.kcpd.myfolder.MainActivity
2026-01-02 23:54:43.504  2059-2059  InsetsSourceConsumer    com.kcpd.myfolder                    I  applyRequestedVisibilityToControl: visible=true, type=statusBars, host=com.kcpd.myfolder/com.kcpd.myfolder.MainActivity
2026-01-02 23:54:43.505  2059-2059  VRI[MainAc...y]@af407db com.kcpd.myfolder                    D  mThreadedRenderer.initializeIfNeeded()#2 mSurface={isValid=true 0xb400007680302e00}
2026-01-02 23:54:43.505  2059-2059  InputMethodManagerUtils com.kcpd.myfolder                    D  startInputInner - Id : 0
2026-01-02 23:54:43.505  2059-2059  InputMethodManager      com.kcpd.myfolder                    I  startInputInner - IInputMethodManagerGlobalInvoker.startInputOrWindowGainedFocus
2026-01-02 23:54:43.507  2059-2059  InputMethodManager      com.kcpd.myfolder                    I  handleMessage: setImeVisibility visible=false
2026-01-02 23:54:43.507  2059-2059  InsetsController        com.kcpd.myfolder                    D  hide(ime(), fromIme=false)
2026-01-02 23:54:43.507  2059-2059  ImeTracker              com.kcpd.myfolder                    I  com.kcpd.myfolder:495fac8f: onCancelled at PHASE_CLIENT_ALREADY_HIDDEN
2026-01-02 23:54:43.509  2059-2184  InputTransport          com.kcpd.myfolder                    D  Input channel constructed: 'ClientS', fd=143
2026-01-02 23:54:44.957  2059-2059  VRI[MainAc...y]@af407db com.kcpd.myfolder                    I  ViewPostIme pointer 0
2026-01-02 23:54:44.962  2059-2059  VRI[MainAc...y]@af407db com.kcpd.myfolder                    I  call setFrameRateCategory for touch hint category=high hint, reason=touch, vri=VRI[MainActivity]@af407db
2026-01-02 23:54:45.072  2059-2059  VRI[MainAc...y]@af407db com.kcpd.myfolder                    I  ViewPostIme pointer 1
2026-01-02 23:54:45.079  2059-2059  Dialog                  com.kcpd.myfolder                    I  mIsDeviceDefault = false, mIsSamsungBasicInteraction = false, isMetaDataInActivity = false
2026-01-02 23:54:45.082  2059-2059  DecorView               com.kcpd.myfolder                    I  setWindowBackground: isPopOver=false color=0 d=android.graphics.drawable.ColorDrawable@4fd09e0
2026-01-02 23:54:45.087  2059-2059  WindowManager           com.kcpd.myfolder                    I  WindowManagerGlobal#addView, ty=2, view=com.android.internal.policy.DecorView{3ada2f V.E...... R.....I. 0,0-0,0}[MainActivity], caller=android.view.WindowManagerImpl.addView:158 android.app.Dialog.show:540 androidx.compose.material3.ModalBottomSheet_androidKt$ModalBottomSheetDialog$1$1.invoke:307 
2026-01-02 23:54:45.087  2059-2059  ViewRootImpl            com.kcpd.myfolder                    D  desktopMode is false
2026-01-02 23:54:45.088  2059-2059  ViewRootImpl            com.kcpd.myfolder                    I  dVRR is disabled
2026-01-02 23:54:45.088  2059-2079  NativeCust...ncyManager com.kcpd.myfolder                    D  [NativeCFMS] BpCustomFrequencyManager::BpCustomFrequencyManager()
2026-01-02 23:54:45.093  2059-2059  InputTransport          com.kcpd.myfolder                    D  Input channel constructed: '7fda2ec', fd=153
2026-01-02 23:54:45.094  2059-2059  InsetsController        com.kcpd.myfolder                    I  onStateChanged: host=com.kcpd.myfolder/com.kcpd.myfolder.MainActivity, from=android.view.ViewRootImpl.onInsetsStateChanged:3026, state=InsetsState: {mDisplayFrame=Rect(0, 0 - 1080, 2316), mDisplayCutout=DisplayCutout{insets=Rect(0, 75 - 0, 0) waterfall=Insets{left=0, top=0, right=0, bottom=0} boundingRect={Bounds=[Rect(0, 0 - 0, 0), Rect(513, 0 - 567, 75), Rect(0, 0 - 0, 0), Rect(0, 0 - 0, 0)]} cutoutPathParserInfo={CutoutPathParserInfo{displayWidth=1080 displayHeight=2316 physicalDisplayWidth=1080 physicalDisplayHeight=2316 density={2.8125} cutoutSpec={M 0,0 H -9.466666666666667 V 26.66666666666667‬ H 9.466666666666667 V 0 H 0 Z @dp} rotation={0} scale={1.0} physicalPixelDisplaySizeRatio={1.0}}} sideOverrides={}}, mRoundedCorners=RoundedCorners{[RoundedCorner{position=TopLeft, radius=9, center=Point(9, 9)}, RoundedCorner{position=TopRight, radius=9, center=Point(1071, 9)}, RoundedCorner{position=BottomRight, radius=9, center=Point(1071, 2307)}, RoundedCorner{position=BottomLeft, radius=9, center=Point(9, 2307)}]}  mRoundedCornerFrame=Rect(0, 0 - 1080, 2316), mPrivacyIndicatorBounds=PrivacyIndicatorBounds {static bounds=Rect(977, 0 - 1080, 75) rotation=0}, mDisplayShape=DisplayShape{ spec=-311912193 displayWidth=1080 displayHeight=2316 physicalPixelDisplaySizeRatio=0.75 rotation=0 offsetX=0 offsetY=0 scale=1.0}, mSources= { InsetsSource: {c2d00000 mType=statusBars mFrame=[0,0][1080,75] mVisible=true mFlags= mSideHint=TOP mBoundingRects=null}, InsetsSource: {c2d00005 mType=mandatorySystemGestures mFrame=[0,0][1080,103] mVisible=true mFlags= mSideHint=TOP mBoundingRects=null}, InsetsSource: {c2d00006 mType=tappableElement mFrame=[0,0][1080,75] mVisible=true mFlags= mSideHint=TOP mBoundingRects=null}, InsetsSource: {3 mType=ime mFrame=[0,0][0,0] mVisible=false mFlags= mSideHint=NONE mBoundingRects=null}, InsetsSource: {27 mType=displayCutout mFrame=[0,0][1080,75] mVisible=true mFlags= mSideHint=TOP mBoundingRects=null}, InsetsSource: {63440001 mType=navigationBars mFrame=[0,2281][1080,2316] mVisible=true mFlags=SUPPRESS_SCRIM mSideHint=BOTTOM mBoundingRects=null}, InsetsSource: {63440004 mType=systemGestures mFrame=[0,0][70,2316] mVisible=true mFlags= mSideHint=LEFT mBoundingRects=null}, InsetsSource: {63440005 mType=mandatorySystemGestures mFrame=[0,2241][1080,2316] mVisible=true mFlags= mSideHint=BOTTOM mBoundingRects=null}, InsetsSource: {63440006 mType=tappableElement mFrame=[0,0][0,0] mVisible=true mFlags= mSideHint=NONE mBoundingRects=null}, InsetsSource: {63440024 mType=systemGestures mFrame=[1010,0][1080,2316] mVisible=true mFlags= mSideHint=RIGHT mBoundingRects=null} }
2026-01-02 23:54:45.094  2059-2059  VRI[MainAc...y]@6e3683c com.kcpd.myfolder                    I  synced displayState. AttachInfo displayState=2
2026-01-02 23:54:45.095  2059-2059  VRI[MainAc...y]@6e3683c com.kcpd.myfolder                    I  setView = com.android.internal.policy.DecorView@3ada2f IsHRR=false mFlingFrameRateChange=0 TM=true
2026-01-02 23:54:45.169  2059-2059  InsetsSourceConsumer    com.kcpd.myfolder                    I  applyRequestedVisibilityToControl: visible=true, type=navigationBars, host=com.kcpd.myfolder/com.kcpd.myfolder.MainActivity
2026-01-02 23:54:45.169  2059-2059  InsetsSourceConsumer    com.kcpd.myfolder                    I  applyRequestedVisibilityToControl: visible=true, type=statusBars, host=com.kcpd.myfolder/com.kcpd.myfolder.MainActivity
2026-01-02 23:54:45.170  2059-2059  libc                    com.kcpd.myfolder                    W  Access denied finding property "vendor.display.enable_optimal_refresh_rate"
2026-01-02 23:54:45.170  2059-2059  BufferQueueProducer     com.kcpd.myfolder                    I  [](id:80b00000003,api:0,p:0,c:2059) setDequeueTimeout:2077252342
2026-01-02 23:54:45.170  2059-2059  BLASTBufferQueue_Java   com.kcpd.myfolder                    I  new BLASTBufferQueue, mName= VRI[MainActivity]@6e3683c mNativeObject= 0xb4000075feb97000 caller= android.view.ViewRootImpl.updateBlastSurfaceIfNeeded:3585 android.view.ViewRootImpl.relayoutWindow:11685 android.view.ViewRootImpl.performTraversals:4804 android.view.ViewRootImpl.doTraversal:3924 android.view.ViewRootImpl$TraversalRunnable.run:12903 android.view.Choreographer$CallbackRecord.run:1901 android.view.Choreographer$CallbackRecord.run:1910 android.view.Choreographer.doCallbacks:1367 android.view.Choreographer.doFrame:1292 android.view.Choreographer$FrameDisplayEventReceiver.run:1870 
2026-01-02 23:54:45.170  2059-2059  BLASTBufferQueue_Java   com.kcpd.myfolder                    I  update, w= 1080 h= 2316 mName = VRI[MainActivity]@6e3683c mNativeObject= 0xb4000075feb97000 sc.mNativeObject= 0xb4000075fdcc7500 format= -2 caller= android.view.ViewRootImpl.updateBlastSurfaceIfNeeded:3590 android.view.ViewRootImpl.relayoutWindow:11685 android.view.ViewRootImpl.performTraversals:4804 android.view.ViewRootImpl.doTraversal:3924 android.view.ViewRootImpl$TraversalRunnable.run:12903 android.view.Choreographer$CallbackRecord.run:1901 
2026-01-02 23:54:45.170  2059-2059  libc                    com.kcpd.myfolder                    W  Access denied finding property "vendor.display.enable_optimal_refresh_rate"
2026-01-02 23:54:45.170  2059-2059  VRI[MainAc...y]@6e3683c com.kcpd.myfolder                    I  Relayout returned: old=(0,0,1080,2316) new=(0,0,1080,2316) relayoutAsync=false req=(1080,2316)0 dur=3 res=0x3 s={true 0xb4000075fee01a00} ch=true seqId=0
2026-01-02 23:54:45.171  2059-2059  VRI[MainAc...y]@6e3683c com.kcpd.myfolder                    I  performConfigurationChange setNightDimText nightDimLevel=0
2026-01-02 23:54:45.171  2059-2059  VRI[MainAc...y]@6e3683c com.kcpd.myfolder                    D  mThreadedRenderer.initialize() mSurface={isValid=true 0xb4000075fee01a00} hwInitialized=true
2026-01-02 23:54:45.180  2059-2059  VRI[MainAc...y]@6e3683c com.kcpd.myfolder                    D  reportNextDraw android.view.ViewRootImpl.performTraversals:5443 android.view.ViewRootImpl.doTraversal:3924 android.view.ViewRootImpl$TraversalRunnable.run:12903 android.view.Choreographer$CallbackRecord.run:1901 android.view.Choreographer$CallbackRecord.run:1910 
2026-01-02 23:54:45.180  2059-2059  VRI[MainAc...y]@6e3683c com.kcpd.myfolder                    D  Setup new sync=wmsSync-VRI[MainActivity]@6e3683c#8
2026-01-02 23:54:45.180  2059-2059  VRI[MainAc...y]@6e3683c com.kcpd.myfolder                    I  Creating new active sync group VRI[MainActivity]@6e3683c#9
2026-01-02 23:54:45.180  2059-2059  VRI[MainAc...y]@6e3683c com.kcpd.myfolder                    D  registerCallbacksForSync syncBuffer=false
2026-01-02 23:54:45.190  2059-2082  VRI[MainAc...y]@6e3683c com.kcpd.myfolder                    D  Received frameDrawingCallback syncResult=0 frameNum=1.
2026-01-02 23:54:45.190  2059-2082  VRI[MainAc...y]@6e3683c com.kcpd.myfolder                    I  mWNT: t=0xb40000768032b780 mBlastBufferQueue=0xb4000075feb97000 fn= 1 HdrRenderState mRenderHdrSdrRatio=1.0 caller= android.view.ViewRootImpl$12.onFrameDraw:15441 android.view.ThreadedRenderer$1.onFrameDraw:718 <bottom of call stack> 
2026-01-02 23:54:45.190  2059-2082  VRI[MainAc...y]@6e3683c com.kcpd.myfolder                    I  Setting up sync and frameCommitCallback
2026-01-02 23:54:45.190  2059-2079  BLASTBufferQueue        com.kcpd.myfolder                    I  [VRI[MainActivity]@6e3683c#3](f:0,a:0,s:0) onFrameAvailable the first frame is available
2026-01-02 23:54:45.191  2059-2079  SurfaceComposerClient   com.kcpd.myfolder                    I  apply transaction with the first frame. layerId: 69550, bufferData(ID: 8843337662479, frameNumber: 1)
2026-01-02 23:54:45.191  2059-2079  VRI[MainAc...y]@6e3683c com.kcpd.myfolder                    I  Received frameCommittedCallback lastAttemptedDrawFrameNum=1 didProduceBuffer=true
2026-01-02 23:54:45.191  2059-2079  HWUI                    com.kcpd.myfolder                    D  CFMS:: SetUp Pid : 2059    Tid : 2079
2026-01-02 23:54:45.191  2059-2059  VRI[MainAc...y]@6e3683c com.kcpd.myfolder                    D  reportDrawFinished seqId=0
2026-01-02 23:54:45.199  2059-2059  BLASTBufferQueue_Java   com.kcpd.myfolder                    I  update, w= 1080 h= 2316 mName = VRI[MainActivity]@6e3683c mNativeObject= 0xb4000075feb97000 sc.mNativeObject= 0xb4000075fdcc7500 format= -2 caller= android.view.ViewRootImpl.updateBlastSurfaceIfNeeded:3574 android.view.ViewRootImpl.relayoutWindow:11685 android.view.ViewRootImpl.performTraversals:4804 android.view.ViewRootImpl.doTraversal:3924 android.view.ViewRootImpl$TraversalRunnable.run:12903 android.view.Choreographer$CallbackRecord.run:1901 
2026-01-02 23:54:45.199  2059-2059  VRI[MainAc...y]@6e3683c com.kcpd.myfolder                    I  Relayout returned: old=(0,0,1080,2316) new=(0,0,1080,2316) relayoutAsync=true req=(1080,2316)0 dur=0 res=0x0 s={true 0xb4000075fee01a00} ch=false seqId=0
2026-01-02 23:54:45.199  2059-2059  VRI[MainAc...y]@6e3683c com.kcpd.myfolder                    I  registerCallbackForPendingTransactions
2026-01-02 23:54:45.200  2059-2083  VRI[MainAc...y]@6e3683c com.kcpd.myfolder                    I  mWNT: t=0xb4000076dee51900 mBlastBufferQueue=0xb4000075feb97000 fn= 2 HdrRenderState mRenderHdrSdrRatio=1.0 caller= android.view.ViewRootImpl$10.onFrameDraw:6536 android.view.ViewRootImpl$4.onFrameDraw:2489 android.view.ThreadedRenderer$1.onFrameDraw:718 
2026-01-02 23:54:45.201  2059-2079  HWUI                    com.kcpd.myfolder                    D  HWUI - treat SMPTE_170M as sRGB
2026-01-02 23:54:45.201  2059-2059  ImeFocusController      com.kcpd.myfolder                    I  onPreWindowFocus: skipped hasWindowFocus=false mHasImeFocus=true
2026-01-02 23:54:45.201  2059-2059  ImeFocusController      com.kcpd.myfolder                    I  onPostWindowFocus: skipped hasWindowFocus=false mHasImeFocus=true
2026-01-02 23:54:45.220  2059-2059  VRI[MainAc...y]@6e3683c com.kcpd.myfolder                    D  mThreadedRenderer.initializeIfNeeded()#2 mSurface={isValid=true 0xb4000075fee01a00}
2026-01-02 23:54:45.220  2059-2059  InputMethodManagerUtils com.kcpd.myfolder                    D  startInputInner - Id : 0
2026-01-02 23:54:45.220  2059-2059  InputMethodManager      com.kcpd.myfolder                    I  startInputInner - IInputMethodManagerGlobalInvoker.startInputOrWindowGainedFocus
2026-01-02 23:54:45.221  2059-2059  InputMethodManager      com.kcpd.myfolder                    I  handleMessage: setImeVisibility visible=false
2026-01-02 23:54:45.221  2059-2059  InsetsController        com.kcpd.myfolder                    D  hide(ime(), fromIme=false)
2026-01-02 23:54:45.221  2059-2059  ImeTracker              com.kcpd.myfolder                    I  com.kcpd.myfolder:a6a25e8: onCancelled at PHASE_CLIENT_ALREADY_HIDDEN
2026-01-02 23:54:45.222  2059-2072  InputTransport          com.kcpd.myfolder                    D  Input channel constructed: 'ClientS', fd=150
2026-01-02 23:54:45.837  2059-2059  VRI[MainAc...y]@6e3683c com.kcpd.myfolder                    I  ViewPostIme pointer 0
2026-01-02 23:54:45.842  2059-2059  VRI[MainAc...y]@6e3683c com.kcpd.myfolder                    I  call setFrameRateCategory for touch hint category=high hint, reason=touch, vri=VRI[MainActivity]@6e3683c
2026-01-02 23:54:45.976  2059-2059  VRI[MainAc...y]@6e3683c com.kcpd.myfolder                    I  ViewPostIme pointer 1
2026-01-02 23:54:46.053  2059-2069  InputTransport          com.kcpd.myfolder                    D  Input channel destroyed: 'ClientS', fd=150
2026-01-02 23:54:46.053  2059-2069  InputTransport          com.kcpd.myfolder                    D  Input channel destroyed: 'ClientS', fd=143
2026-01-02 23:54:48.073  2059-2059  VRI[MainAc...y]@af407db com.kcpd.myfolder                    I  call setFrameRateCategory for touch hint category=no preference, reason=boost timeout, vri=VRI[MainActivity]@af407db
2026-01-02 23:54:48.976  2059-2059  VRI[MainAc...y]@6e3683c com.kcpd.myfolder                    I  call setFrameRateCategory for touch hint category=no preference, reason=boost timeout, vri=VRI[MainActivity]@6e3683c
2026-01-02 23:55:21.805  2059-2059  VRI[MainAc...y]@6e3683c com.kcpd.myfolder                    I  ViewPostIme pointer 0
2026-01-02 23:55:21.810  2059-2059  VRI[MainAc...y]@6e3683c com.kcpd.myfolder                    I  call setFrameRateCategory for touch hint category=high hint, reason=touch, vri=VRI[MainActivity]@6e3683c
2026-01-02 23:55:21.957  2059-2059  VRI[MainAc...y]@6e3683c com.kcpd.myfolder                    I  ViewPostIme pointer 1
2026-01-02 23:55:22.329  2059-2059  VRI[MainAc...y]@6e3683c com.kcpd.myfolder                    I  ViewPostIme pointer 0
2026-01-02 23:55:23.088  2059-2059  VRI[MainAc...y]@6e3683c com.kcpd.myfolder                    I  ViewPostIme pointer 1
2026-01-02 23:55:25.639  2059-2128  WebDavRepository        com.kcpd.myfolder                    D  Upload successful: webdav://koofr/MyFolderPrivate/videos/d4501483-0d58-4b9a-be9d-ac227038731e.enc
2026-01-02 23:55:25.640  2059-2128  MultiRemot...oordinator com.kcpd.myfolder                    D  Upload SUCCESS: MEDIA_20260102_205825.mp4 -> koofr
2026-01-02 23:55:25.641  2059-2128  MultiRemot...oordinator com.kcpd.myfolder                    D  Completed file: MEDIA_20260102_205825.mp4 - Moving to next file
2026-01-02 23:55:25.641  2059-2128  MultiRemot...oordinator com.kcpd.myfolder                    D  Processing file: MEDIA_20260102_203855.mp4
2026-01-02 23:55:25.643  2059-2154  MultiRemot...oordinator com.kcpd.myfolder                    D  Starting upload: MEDIA_20260102_203855.mp4 -> google1
2026-01-02 23:55:25.644  2059-2480  MultiRemot...oordinator com.kcpd.myfolder                    D  Starting upload: MEDIA_20260102_203855.mp4 -> R2 Bucket
2026-01-02 23:55:25.644  2059-2480  S3RepositoryInstance    com.kcpd.myfolder                    D  Using CACHED MinIO client for myfolder
2026-01-02 23:55:25.645  2059-2136  MultiRemot...oordinator com.kcpd.myfolder                    D  Starting upload: MEDIA_20260102_203855.mp4 -> B2
2026-01-02 23:55:25.645  2059-2136  S3RepositoryInstance    com.kcpd.myfolder                    D  Using CACHED MinIO client for myfolderprivatebucket
2026-01-02 23:55:25.646  2059-2138  MultiRemot...oordinator com.kcpd.myfolder                    D  Starting upload: MEDIA_20260102_203855.mp4 -> koofr
2026-01-02 23:55:25.646  2059-2138  WebDavRepository        com.kcpd.myfolder                    D  Using CACHED WebDAV client for koofr
2026-01-02 23:55:26.089  2059-2059  VRI[MainAc...y]@6e3683c com.kcpd.myfolder                    I  call setFrameRateCategory for touch hint category=no preference, reason=boost timeout, vri=VRI[MainActivity]@6e3683c
2026-01-02 23:55:28.296  2059-2154  GoogleDriveInstance     com.kcpd.myfolder                    D  Upload successful: drive://1yWkg1UY3TQc5EdJW7hACFX_Dj1tC6_bC
2026-01-02 23:55:28.297  2059-2154  MultiRemot...oordinator com.kcpd.myfolder                    D  Upload SUCCESS: MEDIA_20260102_203855.mp4 -> google1
2026-01-02 23:55:29.156  2059-2136  S3RepositoryInstance    com.kcpd.myfolder                    D  Upload successful: s3://myfolderprivatebucket/MyFolderPrivate/videos/0166092f-8b26-416e-a3e8-b3bb01432878.enc
2026-01-02 23:55:29.156  2059-2136  MultiRemot...oordinator com.kcpd.myfolder                    D  Upload SUCCESS: MEDIA_20260102_203855.mp4 -> B2
2026-01-02 23:55:29.343  2059-2480  S3RepositoryInstance    com.kcpd.myfolder                    D  Upload successful: s3://myfolder/MyFolderPrivate/videos/0166092f-8b26-416e-a3e8-b3bb01432878.enc
2026-01-02 23:55:29.344  2059-2480  MultiRemot...oordinator com.kcpd.myfolder                    D  Upload SUCCESS: MEDIA_20260102_203855.mp4 -> R2 Bucket
2026-01-02 23:55:29.382  2059-2067  m.kcpd.myfolder         com.kcpd.myfolder                    I  Compiler allocated 5833KB to compile void com.kcpd.myfolder.ui.folder.FolderScreenKt$FolderScreen$6.invoke(androidx.compose.foundation.layout.PaddingValues, androidx.compose.runtime.Composer, int)
2026-01-02 23:55:40.124  2059-2059  VRI[MainAc...y]@6e3683c com.kcpd.myfolder                    I  ViewPostIme pointer 0
2026-01-02 23:55:40.129  2059-2059  VRI[MainAc...y]@6e3683c com.kcpd.myfolder                    I  call setFrameRateCategory for touch hint category=high hint, reason=touch, vri=VRI[MainActivity]@6e3683c
2026-01-02 23:55:40.515  2059-2059  VRI[MainAc...y]@6e3683c com.kcpd.myfolder                    I  ViewPostIme pointer 1
2026-01-02 23:55:43.517  2059-2059  VRI[MainAc...y]@6e3683c com.kcpd.myfolder                    I  call setFrameRateCategory for touch hint category=no preference, reason=boost timeout, vri=VRI[MainActivity]@6e3683c
2026-01-02 23:55:44.292  2059-2138  WebDavRepository        com.kcpd.myfolder                    D  Upload successful: webdav://koofr/MyFolderPrivate/videos/0166092f-8b26-416e-a3e8-b3bb01432878.enc
2026-01-02 23:55:44.293  2059-2138  MultiRemot...oordinator com.kcpd.myfolder                    D  Upload SUCCESS: MEDIA_20260102_203855.mp4 -> koofr
2026-01-02 23:55:44.294  2059-2138  MultiRemot...oordinator com.kcpd.myfolder                    D  Completed file: MEDIA_20260102_203855.mp4 - Moving to next file
2026-01-02 23:55:44.294  2059-2138  MultiRemot...oordinator com.kcpd.myfolder                    D  Processing file: RDT_20250906_171512.mp4
2026-01-02 23:55:44.296  2059-2136  MultiRemot...oordinator com.kcpd.myfolder                    D  Starting upload: RDT_20250906_171512.mp4 -> google1
2026-01-02 23:55:44.296  2059-2480  MultiRemot...oordinator com.kcpd.myfolder                    D  Starting upload: RDT_20250906_171512.mp4 -> R2 Bucket
2026-01-02 23:55:44.297  2059-2480  S3RepositoryInstance    com.kcpd.myfolder                    D  Using CACHED MinIO client for myfolder
2026-01-02 23:55:44.299  2059-2154  MultiRemot...oordinator com.kcpd.myfolder                    D  Starting upload: RDT_20250906_171512.mp4 -> B2
2026-01-02 23:55:44.299  2059-2154  S3RepositoryInstance    com.kcpd.myfolder                    D  Using CACHED MinIO client for myfolderprivatebucket
2026-01-02 23:55:44.302  2059-2138  MultiRemot...oordinator com.kcpd.myfolder                    D  Starting upload: RDT_20250906_171512.mp4 -> koofr
2026-01-02 23:55:44.302  2059-2138  WebDavRepository        com.kcpd.myfolder                    D  Using CACHED WebDAV client for koofr
2026-01-02 23:55:47.037  2059-2136  GoogleDriveInstance     com.kcpd.myfolder                    D  Upload successful: drive://1MH5sItutgEqKT1kzTjnmFXO374EIHHtz
2026-01-02 23:55:47.038  2059-2136  MultiRemot...oordinator com.kcpd.myfolder                    D  Upload SUCCESS: RDT_20250906_171512.mp4 -> google1
2026-01-02 23:55:47.973  2059-2480  S3RepositoryInstance    com.kcpd.myfolder                    D  Upload successful: s3://myfolder/MyFolderPrivate/videos/c2e8eeaf-6782-48eb-94b2-38fe08f96420.enc
2026-01-02 23:55:47.974  2059-2480  MultiRemot...oordinator com.kcpd.myfolder                    D  Upload SUCCESS: RDT_20250906_171512.mp4 -> R2 Bucket
2026-01-02 23:55:48.634  2059-2154  S3RepositoryInstance    com.kcpd.myfolder                    D  Upload successful: s3://myfolderprivatebucket/MyFolderPrivate/videos/c2e8eeaf-6782-48eb-94b2-38fe08f96420.enc
2026-01-02 23:55:48.635  2059-2154  MultiRemot...oordinator com.kcpd.myfolder                    D  Upload SUCCESS: RDT_20250906_171512.mp4 -> B2
2026-01-02 23:55:56.061  2059-2138  WebDavRepository        com.kcpd.myfolder                    D  Upload successful: webdav://koofr/MyFolderPrivate/videos/c2e8eeaf-6782-48eb-94b2-38fe08f96420.enc
2026-01-02 23:55:56.062  2059-2138  MultiRemot...oordinator com.kcpd.myfolder                    D  Upload SUCCESS: RDT_20250906_171512.mp4 -> koofr
2026-01-02 23:55:56.063  2059-2138  MultiRemot...oordinator com.kcpd.myfolder                    D  Completed file: RDT_20250906_171512.mp4 - Moving to next file
2026-01-02 23:55:56.063  2059-2138  MultiRemot...oordinator com.kcpd.myfolder                    D  All 7 files processed
