2026-01-02 23:52:57.973  2059-2059  VRI[MainAc...y]@af407db com.kcpd.myfolder                    I  ViewPostIme pointer 0
2026-01-02 23:52:57.978  2059-2059  VRI[MainAc...y]@af407db com.kcpd.myfolder                    I  call setFrameRateCategory for touch hint category=high hint, reason=touch, vri=VRI[MainActivity]@af407db
2026-01-02 23:52:58.027  2059-2059  VRI[MainAc...y]@af407db com.kcpd.myfolder                    I  ViewPostIme pointer 1
2026-01-02 23:52:58.038  2059-2059  WindowManager           com.kcpd.myfolder                    I  WindowManagerGlobal#addView, ty=1002, view=androidx.compose.ui.window.PopupLayout{7d4421d V.E...... ......I. 0,0-0,0 #1020002 android:id/content}, caller=android.view.WindowManagerImpl.addView:158 androidx.compose.ui.window.PopupLayout.show:562 androidx.compose.ui.window.AndroidPopup_androidKt$Popup$2$1.invoke:340 
2026-01-02 23:52:58.038  2059-2059  ViewRootImpl            com.kcpd.myfolder                    D  desktopMode is false
2026-01-02 23:52:58.039  2059-2059  ViewRootImpl            com.kcpd.myfolder                    I  dVRR is disabled
2026-01-02 23:52:58.039  2059-2079  NativeCust...ncyManager com.kcpd.myfolder                    D  [NativeCFMS] BpCustomFrequencyManager::BpCustomFrequencyManager()
2026-01-02 23:52:58.044  2059-2059  InputTransport          com.kcpd.myfolder                    D  Input channel constructed: 'a3cbce3', fd=141
2026-01-02 23:52:58.044  2059-2059  InsetsController        com.kcpd.myfolder                    I  onStateChanged: host=Pop-up window, from=android.view.ViewRootImpl.onInsetsStateChanged:3026, state=InsetsState: {mDisplayFrame=Rect(0, 0 - 1080, 2316), mDisplayCutout=DisplayCutout{insets=Rect(0, 75 - 0, 0) waterfall=Insets{left=0, top=0, right=0, bottom=0} boundingRect={Bounds=[Rect(0, 0 - 0, 0), Rect(513, 0 - 567, 75), Rect(0, 0 - 0, 0), Rect(0, 0 - 0, 0)]} cutoutPathParserInfo={CutoutPathParserInfo{displayWidth=1080 displayHeight=2316 physicalDisplayWidth=1080 physicalDisplayHeight=2316 density={2.8125} cutoutSpec={M 0,0 H -9.466666666666667 V 26.66666666666667‬ H 9.466666666666667 V 0 H 0 Z @dp} rotation={0} scale={1.0} physicalPixelDisplaySizeRatio={1.0}}} sideOverrides={}}, mRoundedCorners=RoundedCorners{[RoundedCorner{position=TopLeft, radius=9, center=Point(9, 9)}, RoundedCorner{position=TopRight, radius=9, center=Point(1071, 9)}, RoundedCorner{position=BottomRight, radius=9, center=Point(1071, 2307)}, RoundedCorner{position=BottomLeft, radius=9, center=Point(9, 2307)}]}  mRoundedCornerFrame=Rect(0, 0 - 1080, 2316), mPrivacyIndicatorBounds=PrivacyIndicatorBounds {static bounds=Rect(977, 0 - 1080, 75) rotation=0}, mDisplayShape=DisplayShape{ spec=-311912193 displayWidth=1080 displayHeight=2316 physicalPixelDisplaySizeRatio=0.75 rotation=0 offsetX=0 offsetY=0 scale=1.0}, mSources= { InsetsSource: {c2d00000 mType=statusBars mFrame=[0,0][1080,75] mVisible=true mFlags= mSideHint=TOP mBoundingRects=null}, InsetsSource: {c2d00005 mType=mandatorySystemGestures mFrame=[0,0][1080,103] mVisible=true mFlags= mSideHint=TOP mBoundingRects=null}, InsetsSource: {c2d00006 mType=tappableElement mFrame=[0,0][1080,75] mVisible=true mFlags= mSideHint=TOP mBoundingRects=null}, InsetsSource: {3 mType=ime mFrame=[0,0][0,0] mVisible=false mFlags= mSideHint=NONE mBoundingRects=null}, InsetsSource: {27 mType=displayCutout mFrame=[0,0][1080,75] mVisible=true mFlags= mSideHint=TOP mBoundingRects=null}, InsetsSource: {63440001 mType=navigationBars mFrame=[0,2281][1080,2316] mVisible=true mFlags=SUPPRESS_SCRIM mSideHint=BOTTOM mBoundingRects=null}, InsetsSource: {63440004 mType=systemGestures mFrame=[0,0][70,2316] mVisible=true mFlags= mSideHint=LEFT mBoundingRects=null}, InsetsSource: {63440005 mType=mandatorySystemGestures mFrame=[0,2241][1080,2316] mVisible=true mFlags= mSideHint=BOTTOM mBoundingRects=null}, InsetsSource: {63440006 mType=tappableElement mFrame=[0,0][0,0] mVisible=true mFlags= mSideHint=NONE mBoundingRects=null}, InsetsSource: {63440024 mType=systemGestures mFrame=[1010,0][1080,2316] mVisible=true mFlags= mSideHint=RIGHT mBoundingRects=null} }
2026-01-02 23:52:58.045  2059-2059  VRI[Pop-up...ow]@f32c92 com.kcpd.myfolder                    I  synced displayState. AttachInfo displayState=2
2026-01-02 23:52:58.046  2059-2059  VRI[Pop-up...ow]@f32c92 com.kcpd.myfolder                    I  setView = androidx.compose.ui.window.PopupLayout@7d4421d IsHRR=false mFlingFrameRateChange=0 TM=true
2026-01-02 23:52:58.075  2059-2059  InsetsSourceConsumer    com.kcpd.myfolder                    I  applyRequestedVisibilityToControl: visible=true, type=navigationBars, host=Pop-up window
2026-01-02 23:52:58.075  2059-2059  InsetsSourceConsumer    com.kcpd.myfolder                    I  applyRequestedVisibilityToControl: visible=true, type=statusBars, host=Pop-up window
2026-01-02 23:52:58.076  2059-2059  libc                    com.kcpd.myfolder                    W  Access denied finding property "vendor.display.enable_optimal_refresh_rate"
2026-01-02 23:52:58.076  2059-2059  BufferQueueProducer     com.kcpd.myfolder                    I  [](id:80b00000001,api:0,p:0,c:2059) setDequeueTimeout:2077252342
2026-01-02 23:52:58.076  2059-2059  BLASTBufferQueue_Java   com.kcpd.myfolder                    I  new BLASTBufferQueue, mName= VRI[Pop-up window]@f32c92 mNativeObject= 0xb4000075feb3b000 caller= android.view.ViewRootImpl.updateBlastSurfaceIfNeeded:3585 android.view.ViewRootImpl.relayoutWindow:11685 android.view.ViewRootImpl.performTraversals:4804 android.view.ViewRootImpl.doTraversal:3924 android.view.ViewRootImpl$TraversalRunnable.run:12903 android.view.Choreographer$CallbackRecord.run:1901 android.view.Choreographer$CallbackRecord.run:1910 android.view.Choreographer.doCallbacks:1367 android.view.Choreographer.doFrame:1292 android.view.Choreographer$FrameDisplayEventReceiver.run:1870 
2026-01-02 23:52:58.076  2059-2059  BLASTBufferQueue_Java   com.kcpd.myfolder                    I  update, w= 481 h= 227 mName = VRI[Pop-up window]@f32c92 mNativeObject= 0xb4000075feb3b000 sc.mNativeObject= 0xb4000076802bd5c0 format= -3 caller= android.view.ViewRootImpl.updateBlastSurfaceIfNeeded:3590 android.view.ViewRootImpl.relayoutWindow:11685 android.view.ViewRootImpl.performTraversals:4804 android.view.ViewRootImpl.doTraversal:3924 android.view.ViewRootImpl$TraversalRunnable.run:12903 android.view.Choreographer$CallbackRecord.run:1901 
2026-01-02 23:52:58.077  2059-2059  libc                    com.kcpd.myfolder                    W  Access denied finding property "vendor.display.enable_optimal_refresh_rate"
2026-01-02 23:52:58.077  2059-2059  VRI[Pop-up...ow]@f32c92 com.kcpd.myfolder                    I  Relayout returned: old=(0,75,1080,2281) new=(666,206,1071,357) relayoutAsync=false req=(405,151)0 dur=6 res=0x3 s={true 0xb4000075feed7c00} ch=true seqId=0
2026-01-02 23:52:58.077  2059-2059  VRI[Pop-up...ow]@f32c92 com.kcpd.myfolder                    I  performConfigurationChange setNightDimText nightDimLevel=0
2026-01-02 23:52:58.078  2059-2059  VRI[Pop-up...ow]@f32c92 com.kcpd.myfolder                    D  mThreadedRenderer.initialize() mSurface={isValid=true 0xb4000075feed7c00} hwInitialized=true
2026-01-02 23:52:58.081  2059-2059  VRI[Pop-up...ow]@f32c92 com.kcpd.myfolder                    D  reportNextDraw android.view.ViewRootImpl.performTraversals:5443 android.view.ViewRootImpl.doTraversal:3924 android.view.ViewRootImpl$TraversalRunnable.run:12903 android.view.Choreographer$CallbackRecord.run:1901 android.view.Choreographer$CallbackRecord.run:1910 
2026-01-02 23:52:58.081  2059-2059  VRI[Pop-up...ow]@f32c92 com.kcpd.myfolder                    D  Setup new sync=wmsSync-VRI[Pop-up window]@f32c92#2
2026-01-02 23:52:58.081  2059-2059  VRI[Pop-up...ow]@f32c92 com.kcpd.myfolder                    I  Creating new active sync group VRI[Pop-up window]@f32c92#3
2026-01-02 23:52:58.082  2059-2059  VRI[Pop-up...ow]@f32c92 com.kcpd.myfolder                    D  registerCallbacksForSync syncBuffer=false
2026-01-02 23:52:58.086  2059-2082  VRI[Pop-up...ow]@f32c92 com.kcpd.myfolder                    D  Received frameDrawingCallback syncResult=0 frameNum=1.
2026-01-02 23:52:58.086  2059-2082  VRI[Pop-up...ow]@f32c92 com.kcpd.myfolder                    I  mWNT: t=0xb4000076dee52b00 mBlastBufferQueue=0xb4000075feb3b000 fn= 1 HdrRenderState mRenderHdrSdrRatio=1.0 caller= android.view.ViewRootImpl$12.onFrameDraw:15441 android.view.ThreadedRenderer$1.onFrameDraw:718 <bottom of call stack> 
2026-01-02 23:52:58.086  2059-2082  VRI[Pop-up...ow]@f32c92 com.kcpd.myfolder                    I  Setting up sync and frameCommitCallback
2026-01-02 23:52:58.087  2059-2079  BLASTBufferQueue        com.kcpd.myfolder                    I  [VRI[Pop-up window]@f32c92#1](f:0,a:0,s:0) onFrameAvailable the first frame is available
2026-01-02 23:52:58.087  2059-2079  SurfaceComposerClient   com.kcpd.myfolder                    I  apply transaction with the first frame. layerId: 69535, bufferData(ID: 8843337662471, frameNumber: 1)
2026-01-02 23:52:58.087  2059-2079  VRI[Pop-up...ow]@f32c92 com.kcpd.myfolder                    I  Received frameCommittedCallback lastAttemptedDrawFrameNum=1 didProduceBuffer=true
2026-01-02 23:52:58.088  2059-2079  HWUI                    com.kcpd.myfolder                    D  CFMS:: SetUp Pid : 2059    Tid : 2079
2026-01-02 23:52:58.088  2059-2059  VRI[Pop-up...ow]@f32c92 com.kcpd.myfolder                    D  reportDrawFinished seqId=0
2026-01-02 23:52:58.122  2059-2059  BLASTBufferQueue_Java   com.kcpd.myfolder                    I  update, w= 481 h= 227 mName = VRI[Pop-up window]@f32c92 mNativeObject= 0xb4000075feb3b000 sc.mNativeObject= 0xb4000076802bd5c0 format= -3 caller= android.view.ViewRootImpl.updateBlastSurfaceIfNeeded:3574 android.view.ViewRootImpl.relayoutWindow:11685 android.view.ViewRootImpl.performTraversals:4804 android.view.ViewRootImpl.doTraversal:3924 android.view.ViewRootImpl$TraversalRunnable.run:12903 android.view.Choreographer$CallbackRecord.run:1901 
2026-01-02 23:52:58.122  2059-2059  VRI[Pop-up...ow]@f32c92 com.kcpd.myfolder                    I  Relayout returned: old=(666,206,1071,357) new=(666,206,1071,357) relayoutAsync=true req=(405,151)0 dur=0 res=0x0 s={true 0xb4000075feed7c00} ch=false seqId=0
2026-01-02 23:52:58.122  2059-2059  VRI[Pop-up...ow]@f32c92 com.kcpd.myfolder                    I  registerCallbackForPendingTransactions
2026-01-02 23:52:58.123  2059-2083  VRI[Pop-up...ow]@f32c92 com.kcpd.myfolder                    I  mWNT: t=0xb40000768032b600 mBlastBufferQueue=0xb4000075feb3b000 fn= 2 HdrRenderState mRenderHdrSdrRatio=1.0 caller= android.view.ViewRootImpl$10.onFrameDraw:6536 android.view.ViewRootImpl$4.onFrameDraw:2489 android.view.ThreadedRenderer$1.onFrameDraw:718 
2026-01-02 23:52:58.123  2059-2079  HWUI                    com.kcpd.myfolder                    D  HWUI - treat SMPTE_170M as sRGB
2026-01-02 23:52:58.125  2059-2059  VRI[Pop-up...ow]@f32c92 com.kcpd.myfolder                    I  handleResized, frames=ClientWindowFrames{frame=[666,206][1071,357] display=[0,75][1080,2281] parentFrame=[0,0][0,0] attachedFrame=[0,0][1080,2316]} displayId=0 dragResizing=false compatScale=1.0 frameChanged=false attachedFrameChanged=false configChanged=false displayChanged=false compatScaleChanged=false dragResizingChanged=false
2026-01-02 23:52:58.125  2059-2059  VRI[Pop-up...ow]@f32c92 com.kcpd.myfolder                    I  handleResized mSyncSeqId = 0
2026-01-02 23:52:58.125  2059-2059  VRI[Pop-up...ow]@f32c92 com.kcpd.myfolder                    D  reportNextDraw android.view.ViewRootImpl.handleResized:2983 android.view.ViewRootImpl.-$$Nest$mhandleResized:0 android.view.ViewRootImpl$W.resized:14082 android.app.servertransaction.WindowStateResizeItem.execute:93 android.app.servertransaction.WindowStateTransactionItem.execute:62 
2026-01-02 23:52:58.127  2059-2059  BLASTBufferQueue_Java   com.kcpd.myfolder                    I  update, w= 481 h= 227 mName = VRI[Pop-up window]@f32c92 mNativeObject= 0xb4000075feb3b000 sc.mNativeObject= 0xb4000076802bd5c0 format= -3 caller= android.view.ViewRootImpl.updateBlastSurfaceIfNeeded:3574 android.view.ViewRootImpl.relayoutWindow:11685 android.view.ViewRootImpl.performTraversals:4804 android.view.ViewRootImpl.doTraversal:3924 android.view.ViewRootImpl$TraversalRunnable.run:12903 android.view.Choreographer$CallbackRecord.run:1901 
2026-01-02 23:52:58.127  2059-2059  VRI[Pop-up...ow]@f32c92 com.kcpd.myfolder                    I  Relayout returned: old=(666,206,1071,357) new=(666,206,1071,357) relayoutAsync=true req=(405,151)0 dur=0 res=0x0 s={true 0xb4000075feed7c00} ch=false seqId=0
2026-01-02 23:52:58.127  2059-2059  VRI[Pop-up...ow]@f32c92 com.kcpd.myfolder                    D  Setup new sync=wmsSync-VRI[Pop-up window]@f32c92#4
2026-01-02 23:52:58.127  2059-2059  VRI[Pop-up...ow]@f32c92 com.kcpd.myfolder                    I  Creating new active sync group VRI[Pop-up window]@f32c92#5
2026-01-02 23:52:58.127  2059-2059  VRI[Pop-up...ow]@f32c92 com.kcpd.myfolder                    D  registerCallbacksForSync syncBuffer=false
2026-01-02 23:52:58.128  2059-2082  VRI[Pop-up...ow]@f32c92 com.kcpd.myfolder                    D  Received frameDrawingCallback syncResult=8 frameNum=3.
2026-01-02 23:52:58.128  2059-2082  VRI[Pop-up...ow]@f32c92 com.kcpd.myfolder                    I  mWNT: t=0xb40000768032c500 mBlastBufferQueue=0xb4000075feb3b000 fn= 3 HdrRenderState mRenderHdrSdrRatio=1.0 caller= android.view.ViewRootImpl$12.onFrameDraw:15441 android.view.ThreadedRenderer$1.onFrameDraw:718 <bottom of call stack> 
2026-01-02 23:52:58.128  2059-2082  VRI[Pop-up...ow]@f32c92 com.kcpd.myfolder                    I  Setting up sync and frameCommitCallback
2026-01-02 23:52:58.131  2059-2059  ImeFocusController      com.kcpd.myfolder                    I  onPreWindowFocus: skipped hasWindowFocus=false mHasImeFocus=true
2026-01-02 23:52:58.131  2059-2059  ImeFocusController      com.kcpd.myfolder                    I  onPostWindowFocus: skipped hasWindowFocus=false mHasImeFocus=true
2026-01-02 23:52:58.131  2059-2059  VRI[Pop-up...ow]@f32c92 com.kcpd.myfolder                    D  mThreadedRenderer.initializeIfNeeded()#2 mSurface={isValid=true 0xb4000075feed7c00}
2026-01-02 23:52:58.131  2059-2059  InputMethodManagerUtils com.kcpd.myfolder                    D  startInputInner - Id : 0
2026-01-02 23:52:58.131  2059-2059  InputMethodManager      com.kcpd.myfolder                    I  startInputInner - IInputMethodManagerGlobalInvoker.startInputOrWindowGainedFocus
2026-01-02 23:52:58.133  2059-2079  VRI[Pop-up...ow]@f32c92 com.kcpd.myfolder                    I  Received frameCommittedCallback lastAttemptedDrawFrameNum=3 didProduceBuffer=true
2026-01-02 23:52:58.133  2059-2079  VRI[Pop-up...ow]@f32c92 com.kcpd.myfolder                    D  reportDrawFinished seqId=0
2026-01-02 23:52:58.133  2059-2089  InputTransport          com.kcpd.myfolder                    D  Input channel constructed: 'ClientS', fd=165
2026-01-02 23:52:58.135  2059-2059  InputMethodManager      com.kcpd.myfolder                    I  handleMessage: setImeVisibility visible=false
2026-01-02 23:52:58.135  2059-2059  InsetsController        com.kcpd.myfolder                    D  hide(ime(), fromIme=false)
2026-01-02 23:52:58.135  2059-2059  ImeTracker              com.kcpd.myfolder                    I  com.kcpd.myfolder:55724d9: onCancelled at PHASE_CLIENT_ALREADY_HIDDEN
2026-01-02 23:52:58.630  2059-2059  VRI[Pop-up...ow]@f32c92 com.kcpd.myfolder                    I  ViewPostIme pointer 0
2026-01-02 23:52:58.642  2059-2059  VRI[Pop-up...ow]@f32c92 com.kcpd.myfolder                    I  call setFrameRateCategory for touch hint category=high hint, reason=touch, vri=VRI[Pop-up window]@f32c92
2026-01-02 23:52:58.650  2059-2059  BLASTBufferQueue_Java   com.kcpd.myfolder                    I  update, w= 481 h= 227 mName = VRI[Pop-up window]@f32c92 mNativeObject= 0xb4000075feb3b000 sc.mNativeObject= 0xb4000076802bd5c0 format= -3 caller= android.view.ViewRootImpl.updateBlastSurfaceIfNeeded:3574 android.view.ViewRootImpl.relayoutWindow:11685 android.view.ViewRootImpl.performTraversals:4804 android.view.ViewRootImpl.doTraversal:3924 android.view.ViewRootImpl$TraversalRunnable.run:12903 android.view.Choreographer$CallbackRecord.run:1901 
2026-01-02 23:52:58.650  2059-2059  VRI[Pop-up...ow]@f32c92 com.kcpd.myfolder                    I  Relayout returned: old=(666,206,1071,357) new=(666,206,1071,357) relayoutAsync=true req=(405,151)0 dur=0 res=0x0 s={true 0xb4000075feed7c00} ch=false seqId=0
2026-01-02 23:52:58.650  2059-2059  VRI[Pop-up...ow]@f32c92 com.kcpd.myfolder                    I  registerCallbackForPendingTransactions
2026-01-02 23:52:58.650  2059-2083  VRI[Pop-up...ow]@f32c92 com.kcpd.myfolder                    I  mWNT: t=0xb40000768032cb00 mBlastBufferQueue=0xb4000075feb3b000 fn= 15 HdrRenderState mRenderHdrSdrRatio=1.0 caller= android.view.ViewRootImpl$10.onFrameDraw:6536 android.view.ViewRootImpl$4.onFrameDraw:2489 android.view.ThreadedRenderer$1.onFrameDraw:718 
2026-01-02 23:52:58.651  2059-2079  BLASTBufferQueue_Java   com.kcpd.myfolder                    I  applyPendingTransactions, mName= VRI[Pop-up window]@f32c92 mNativeObject= 0xb4000075feb3b000 frameNumber= 15 caller= android.view.ViewRootImpl$10.lambda$onFrameDraw$0:6550 android.view.ViewRootImpl$10.$r8$lambda$9Asgene6-vG9RkigzOD8vEb0AKc:0 android.view.ViewRootImpl$10$$ExternalSyntheticLambda0.onFrameCommit:0 android.view.ThreadedRenderer$1.lambda$onFrameDraw$0:730 android.view.ThreadedRenderer$1$$ExternalSyntheticLambda0.onFrameCommit:0 <bottom of call stack> 
2026-01-02 23:52:58.698  2059-2059  VRI[Pop-up...ow]@f32c92 com.kcpd.myfolder                    I  ViewPostIme pointer 1
2026-01-02 23:52:58.701  2059-2059  FolderViewModel         com.kcpd.myfolder                    D  Starting multi-remote upload for 7 files to 4 remotes
2026-01-02 23:52:58.701  2059-2059  MultiRemot...oordinator com.kcpd.myfolder                    D  Starting SEQUENTIAL upload of 7 files to 4 remotes
2026-01-02 23:52:58.701  2059-2059  MultiRemot...oordinator com.kcpd.myfolder                    D  Each file will upload to all 4 remotes in parallel, then move to next file
2026-01-02 23:52:58.704  2059-2138  MultiRemot...oordinator com.kcpd.myfolder                    D  Initialized 7 files for upload - all visible in UI now
2026-01-02 23:52:58.704  2059-2138  MultiRemot...oordinator com.kcpd.myfolder                    D  Processing file: MEDIA_20260102_235128.mp4
2026-01-02 23:52:58.705  2059-2135  MultiRemot...oordinator com.kcpd.myfolder                    D  Starting upload: MEDIA_20260102_235128.mp4 -> google1
2026-01-02 23:52:58.705  2059-2128  MultiRemot...oordinator com.kcpd.myfolder                    D  Starting upload: MEDIA_20260102_235128.mp4 -> R2 Bucket
2026-01-02 23:52:58.706  2059-2128  S3RepositoryInstance    com.kcpd.myfolder                    D  First upload - will initialize MinIO client for myfolder
2026-01-02 23:52:58.706  2059-2128  S3RepositoryInstance    com.kcpd.myfolder                    D  Creating MinIO client for endpoint: https://72e9c708db2815f6fb2f34c1a7c58ff2.r2.cloudflarestorage.com (bucket: myfolder)
2026-01-02 23:52:58.707  2059-2154  MultiRemot...oordinator com.kcpd.myfolder                    D  Starting upload: MEDIA_20260102_235128.mp4 -> koofr
2026-01-02 23:52:58.708  2059-2127  MultiRemot...oordinator com.kcpd.myfolder                    D  Starting upload: MEDIA_20260102_235128.mp4 -> B2
2026-01-02 23:52:58.708  2059-2127  S3RepositoryInstance    com.kcpd.myfolder                    D  First upload - will initialize MinIO client for myfolderprivatebucket
2026-01-02 23:52:58.708  2059-2127  S3RepositoryInstance    com.kcpd.myfolder                    D  Creating MinIO client for endpoint: s3.us-east-005.backblazeb2.com (bucket: myfolderprivatebucket)
2026-01-02 23:52:58.709  2059-2154  WebDavRepository        com.kcpd.myfolder                    D  First upload - will initialize WebDAV client for koofr
2026-01-02 23:52:58.710  2059-2154  WebDavRepository        com.kcpd.myfolder                    D  Creating WebDAV client for: https://app.koofr.net/dav/Koofr
2026-01-02 23:52:58.731  2059-2059  Dialog                  com.kcpd.myfolder                    I  mIsDeviceDefault = false, mIsSamsungBasicInteraction = false, isMetaDataInActivity = false
2026-01-02 23:52:58.733  2059-2059  DecorView               com.kcpd.myfolder                    I  setWindowBackground: isPopOver=false color=0 d=android.graphics.drawable.ColorDrawable@cc8b1cd
2026-01-02 23:52:58.735  2059-2128  S3RepositoryInstance    com.kcpd.myfolder                    D  MinIO client created in 29ms for myfolder
2026-01-02 23:52:58.735  2059-2154  WebDavRepository        com.kcpd.myfolder                    D  WebDAV client created in 25ms for koofr
2026-01-02 23:52:58.748  2059-2059  WindowManager           com.kcpd.myfolder                    I  WindowManagerGlobal#addView, ty=2, view=com.android.internal.policy.DecorView{b5fe3c6 V.E...... R.....I. 0,0-0,0}[MainActivity], caller=android.view.WindowManagerImpl.addView:158 android.app.Dialog.show:540 androidx.compose.material3.ModalBottomSheet_androidKt$ModalBottomSheetDialog$1$1.invoke:307 
2026-01-02 23:52:58.748  2059-2059  ViewRootImpl            com.kcpd.myfolder                    D  desktopMode is false
2026-01-02 23:52:58.748  2059-2059  ViewRootImpl            com.kcpd.myfolder                    I  dVRR is disabled
2026-01-02 23:52:58.749  2059-2079  NativeCust...ncyManager com.kcpd.myfolder                    D  [NativeCFMS] BpCustomFrequencyManager::BpCustomFrequencyManager()
2026-01-02 23:52:58.753  2059-2127  MinioProperties         com.kcpd.myfolder                    E  IOException occurred (Ask Gemini)
                                                                                                    java.io.IOException: invalid header field (line 3)
                                                                                                    	at java.util.jar.Attributes.read(Attributes.java:406)
                                                                                                    	at java.util.jar.Manifest.read(Manifest.java:291)
                                                                                                    	at java.util.jar.Manifest.<init>(Manifest.java:101)
                                                                                                    	at java.util.jar.Manifest.<init>(Manifest.java:77)
                                                                                                    	at io.minio.MinioProperties.setVersion(MinioProperties.java:60)
                                                                                                    	at io.minio.MinioProperties.getVersion(MinioProperties.java:42)
                                                                                                    	at io.minio.MinioProperties.getDefaultUserAgent(MinioProperties.java:79)
                                                                                                    	at io.minio.S3Base.<init>(S3Base.java:129)
                                                                                                    	at io.minio.MinioAsyncClient.<init>(MinioAsyncClient.java:144)
                                                                                                    	at io.minio.MinioAsyncClient.<init>(MinioAsyncClient.java:133)
                                                                                                    	at io.minio.MinioAsyncClient$Builder.build(MinioAsyncClient.java:3358)
                                                                                                    	at io.minio.MinioClient$Builder.build(MinioClient.java:2518)
                                                                                                    	at com.kcpd.myfolder.data.repository.S3RepositoryInstance.minioClient_delegate$lambda$1(RemoteRepositoryFactory.kt:171)
                                                                                                    	at com.kcpd.myfolder.data.repository.S3RepositoryInstance.$r8$lambda$3UmgODVI8HZ8Cv7BDRGMaCLxV6o(Unknown Source:0)
                                                                                                    	at com.kcpd.myfolder.data.repository.S3RepositoryInstance$$ExternalSyntheticLambda1.invoke(D8$$SyntheticClass:0)
                                                                                                    	at kotlin.SynchronizedLazyImpl.getValue(LazyJVM.kt:83)
                                                                                                    	at com.kcpd.myfolder.data.repository.S3RepositoryInstance.getMinioClient(RemoteRepositoryFactory.kt:163)
                                                                                                    	at com.kcpd.myfolder.data.repository.S3RepositoryInstance.access$getMinioClient(RemoteRepositoryFactory.kt:129)
                                                                                                    	at com.kcpd.myfolder.data.repository.S3RepositoryInstance$uploadFile$2.invokeSuspend(RemoteRepositoryFactory.kt:215)
                                                                                                    	at com.kcpd.myfolder.data.repository.S3RepositoryInstance$uploadFile$2.invoke(Unknown Source:8)
                                                                                                    	at com.kcpd.myfolder.data.repository.S3RepositoryInstance$uploadFile$2.invoke(Unknown Source:4)
                                                                                                    	at kotlinx.coroutines.intrinsics.UndispatchedKt.startUndispatchedOrReturn(Undispatched.kt:43)
                                                                                                    	at kotlinx.coroutines.BuildersKt__Builders_commonKt.withContext(Builders.common.kt:166)
                                                                                                    	at kotlinx.coroutines.BuildersKt.withContext(Unknown Source:1)
                                                                                                    	at com.kcpd.myfolder.data.repository.S3RepositoryInstance.uploadFile-gIAlu-s(RemoteRepositoryFactory.kt:185)
                                                                                                    	at com.kcpd.myfolder.domain.usecase.MultiRemoteUploadCoordinator.uploadToRemote(MultiRemoteUploadCoordinator.kt:235)
                                                                                                    	at com.kcpd.myfolder.domain.usecase.MultiRemoteUploadCoordinator.access$uploadToRemote(MultiRemoteUploadCoordinator.kt:31)
                                                                                                    	at com.kcpd.myfolder.domain.usecase.MultiRemoteUploadCoordinator$uploadFiles$1$2$uploadJobs$1$1.invokeSuspend(MultiRemoteUploadCoordinator.kt:97)
                                                                                                    	at kotlin.coroutines.jvm.internal.BaseContinuationImpl.resumeWith(ContinuationImpl.kt:33)
                                                                                                    	at kotlinx.coroutines.DispatchedTask.run(DispatchedTask.kt:100)
                                                                                                    	at kotlinx.coroutines.internal.LimitedDispatcher$Worker.run(LimitedDispatcher.kt:113)
                                                                                                    	at kotlinx.coroutines.scheduling.TaskImpl.run(Tasks.kt:89)
                                                                                                    	at kotlinx.coroutines.scheduling.CoroutineScheduler.runSafely(CoroutineScheduler.kt:586)
                                                                                                    	at kotlinx.coroutines.scheduling.CoroutineScheduler$Worker.executeTask(CoroutineScheduler.kt:820)
                                                                                                    	at kotlinx.coroutines.scheduling.CoroutineScheduler$Worker.runWorker(CoroutineScheduler.kt:717)
                                                                                                    	at kotlinx.coroutines.scheduling.CoroutineScheduler$Worker.run(CoroutineScheduler.kt:704)
2026-01-02 23:52:58.753  2059-2127  S3RepositoryInstance    com.kcpd.myfolder                    D  MinIO client created in 45ms for myfolderprivatebucket
2026-01-02 23:52:58.755  2059-2059  InputTransport          com.kcpd.myfolder                    D  Input channel constructed: '7ccbb2f', fd=200
2026-01-02 23:52:58.755  2059-2059  InsetsController        com.kcpd.myfolder                    I  onStateChanged: host=com.kcpd.myfolder/com.kcpd.myfolder.MainActivity, from=android.view.ViewRootImpl.onInsetsStateChanged:3026, state=InsetsState: {mDisplayFrame=Rect(0, 0 - 1080, 2316), mDisplayCutout=DisplayCutout{insets=Rect(0, 75 - 0, 0) waterfall=Insets{left=0, top=0, right=0, bottom=0} boundingRect={Bounds=[Rect(0, 0 - 0, 0), Rect(513, 0 - 567, 75), Rect(0, 0 - 0, 0), Rect(0, 0 - 0, 0)]} cutoutPathParserInfo={CutoutPathParserInfo{displayWidth=1080 displayHeight=2316 physicalDisplayWidth=1080 physicalDisplayHeight=2316 density={2.8125} cutoutSpec={M 0,0 H -9.466666666666667 V 26.66666666666667‬ H 9.466666666666667 V 0 H 0 Z @dp} rotation={0} scale={1.0} physicalPixelDisplaySizeRatio={1.0}}} sideOverrides={}}, mRoundedCorners=RoundedCorners{[RoundedCorner{position=TopLeft, radius=9, center=Point(9, 9)}, RoundedCorner{position=TopRight, radius=9, center=Point(1071, 9)}, RoundedCorner{position=BottomRight, radius=9, center=Point(1071, 2307)}, RoundedCorner{position=BottomLeft, radius=9, center=Point(9, 2307)}]}  mRoundedCornerFrame=Rect(0, 0 - 1080, 2316), mPrivacyIndicatorBounds=PrivacyIndicatorBounds {static bounds=Rect(977, 0 - 1080, 75) rotation=0}, mDisplayShape=DisplayShape{ spec=-311912193 displayWidth=1080 displayHeight=2316 physicalPixelDisplaySizeRatio=0.75 rotation=0 offsetX=0 offsetY=0 scale=1.0}, mSources= { InsetsSource: {c2d00000 mType=statusBars mFrame=[0,0][1080,75] mVisible=true mFlags= mSideHint=TOP mBoundingRects=null}, InsetsSource: {c2d00005 mType=mandatorySystemGestures mFrame=[0,0][1080,103] mVisible=true mFlags= mSideHint=TOP mBoundingRects=null}, InsetsSource: {c2d00006 mType=tappableElement mFrame=[0,0][1080,75] mVisible=true mFlags= mSideHint=TOP mBoundingRects=null}, InsetsSource: {3 mType=ime mFrame=[0,0][0,0] mVisible=false mFlags= mSideHint=NONE mBoundingRects=null}, InsetsSource: {27 mType=displayCutout mFrame=[0,0][1080,75] mVisible=true mFlags= mSideHint=TOP mBoundingRects=null}, InsetsSource: {63440001 mType=navigationBars mFrame=[0,2281][1080,2316] mVisible=true mFlags=SUPPRESS_SCRIM mSideHint=BOTTOM mBoundingRects=null}, InsetsSource: {63440004 mType=systemGestures mFrame=[0,0][70,2316] mVisible=true mFlags= mSideHint=LEFT mBoundingRects=null}, InsetsSource: {63440005 mType=mandatorySystemGestures mFrame=[0,2241][1080,2316] mVisible=true mFlags= mSideHint=BOTTOM mBoundingRects=null}, InsetsSource: {63440006 mType=tappableElement mFrame=[0,0][0,0] mVisible=true mFlags= mSideHint=NONE mBoundingRects=null}, InsetsSource: {63440024 mType=systemGestures mFrame=[1010,0][1080,2316] mVisible=true mFlags= mSideHint=RIGHT mBoundingRects=null} }
2026-01-02 23:52:58.756  2059-2059  VRI[MainAc...y]@e85f54d com.kcpd.myfolder                    I  synced displayState. AttachInfo displayState=2
2026-01-02 23:52:58.757  2059-2059  VRI[MainAc...y]@e85f54d com.kcpd.myfolder                    I  setView = com.android.internal.policy.DecorView@b5fe3c6 IsHRR=false mFlingFrameRateChange=0 TM=true
2026-01-02 23:52:58.806  2059-2069  InputTransport          com.kcpd.myfolder                    D  Input channel destroyed: 'ClientS', fd=165
2026-01-02 23:52:58.910  2059-2059  InsetsSourceConsumer    com.kcpd.myfolder                    I  applyRequestedVisibilityToControl: visible=true, type=navigationBars, host=com.kcpd.myfolder/com.kcpd.myfolder.MainActivity
2026-01-02 23:52:58.910  2059-2059  InsetsSourceConsumer    com.kcpd.myfolder                    I  applyRequestedVisibilityToControl: visible=true, type=statusBars, host=com.kcpd.myfolder/com.kcpd.myfolder.MainActivity
2026-01-02 23:52:58.910  2059-2059  libc                    com.kcpd.myfolder                    W  Access denied finding property "vendor.display.enable_optimal_refresh_rate"
2026-01-02 23:52:58.910  2059-2059  BufferQueueProducer     com.kcpd.myfolder                    I  [](id:80b00000002,api:0,p:0,c:2059) setDequeueTimeout:2077252342
2026-01-02 23:52:58.911  2059-2059  BLASTBufferQueue_Java   com.kcpd.myfolder                    I  new BLASTBufferQueue, mName= VRI[MainActivity]@e85f54d mNativeObject= 0xb4000075fdcc9000 caller= android.view.ViewRootImpl.updateBlastSurfaceIfNeeded:3585 android.view.ViewRootImpl.relayoutWindow:11685 android.view.ViewRootImpl.performTraversals:4804 android.view.ViewRootImpl.doTraversal:3924 android.view.ViewRootImpl$TraversalRunnable.run:12903 android.view.Choreographer$CallbackRecord.run:1901 android.view.Choreographer$CallbackRecord.run:1910 android.view.Choreographer.doCallbacks:1367 android.view.Choreographer.doFrame:1292 android.view.Choreographer$FrameDisplayEventReceiver.run:1870 
2026-01-02 23:52:58.911  2059-2059  BLASTBufferQueue_Java   com.kcpd.myfolder                    I  update, w= 1080 h= 2316 mName = VRI[MainActivity]@e85f54d mNativeObject= 0xb4000075fdcc9000 sc.mNativeObject= 0xb4000075fdcc6000 format= -2 caller= android.view.ViewRootImpl.updateBlastSurfaceIfNeeded:3590 android.view.ViewRootImpl.relayoutWindow:11685 android.view.ViewRootImpl.performTraversals:4804 android.view.ViewRootImpl.doTraversal:3924 android.view.ViewRootImpl$TraversalRunnable.run:12903 android.view.Choreographer$CallbackRecord.run:1901 
2026-01-02 23:52:58.911  2059-2059  libc                    com.kcpd.myfolder                    W  Access denied finding property "vendor.display.enable_optimal_refresh_rate"
2026-01-02 23:52:58.911  2059-2059  VRI[MainAc...y]@e85f54d com.kcpd.myfolder                    I  Relayout returned: old=(0,0,1080,2316) new=(0,0,1080,2316) relayoutAsync=false req=(1080,2316)0 dur=5 res=0x3 s={true 0xb4000075fddb7200} ch=true seqId=0
2026-01-02 23:52:58.912  2059-2059  VRI[MainAc...y]@e85f54d com.kcpd.myfolder                    I  performConfigurationChange setNightDimText nightDimLevel=0
2026-01-02 23:52:58.912  2059-2059  VRI[MainAc...y]@e85f54d com.kcpd.myfolder                    D  mThreadedRenderer.initialize() mSurface={isValid=true 0xb4000075fddb7200} hwInitialized=true
2026-01-02 23:52:58.928  2059-2059  VRI[MainAc...y]@e85f54d com.kcpd.myfolder                    D  reportNextDraw android.view.ViewRootImpl.performTraversals:5443 android.view.ViewRootImpl.doTraversal:3924 android.view.ViewRootImpl$TraversalRunnable.run:12903 android.view.Choreographer$CallbackRecord.run:1901 android.view.Choreographer$CallbackRecord.run:1910 
2026-01-02 23:52:58.928  2059-2059  VRI[MainAc...y]@e85f54d com.kcpd.myfolder                    D  Setup new sync=wmsSync-VRI[MainActivity]@e85f54d#6
2026-01-02 23:52:58.928  2059-2059  VRI[MainAc...y]@e85f54d com.kcpd.myfolder                    I  Creating new active sync group VRI[MainActivity]@e85f54d#7
2026-01-02 23:52:58.928  2059-2059  VRI[MainAc...y]@e85f54d com.kcpd.myfolder                    D  registerCallbacksForSync syncBuffer=false
2026-01-02 23:52:58.943  2059-2082  VRI[MainAc...y]@e85f54d com.kcpd.myfolder                    D  Received frameDrawingCallback syncResult=0 frameNum=1.
2026-01-02 23:52:58.943  2059-2082  VRI[MainAc...y]@e85f54d com.kcpd.myfolder                    I  mWNT: t=0xb400007680130380 mBlastBufferQueue=0xb4000075fdcc9000 fn= 1 HdrRenderState mRenderHdrSdrRatio=1.0 caller= android.view.ViewRootImpl$12.onFrameDraw:15441 android.view.ThreadedRenderer$1.onFrameDraw:718 <bottom of call stack> 
2026-01-02 23:52:58.943  2059-2082  VRI[MainAc...y]@e85f54d com.kcpd.myfolder                    I  Setting up sync and frameCommitCallback
2026-01-02 23:52:58.944  2059-2079  BLASTBufferQueue        com.kcpd.myfolder                    I  [VRI[MainActivity]@e85f54d#2](f:0,a:0,s:0) onFrameAvailable the first frame is available
2026-01-02 23:52:58.944  2059-2079  SurfaceComposerClient   com.kcpd.myfolder                    I  apply transaction with the first frame. layerId: 69540, bufferData(ID: 8843337662475, frameNumber: 1)
2026-01-02 23:52:58.944  2059-2079  VRI[MainAc...y]@e85f54d com.kcpd.myfolder                    I  Received frameCommittedCallback lastAttemptedDrawFrameNum=1 didProduceBuffer=true
2026-01-02 23:52:58.944  2059-2079  HWUI                    com.kcpd.myfolder                    D  CFMS:: SetUp Pid : 2059    Tid : 2079
2026-01-02 23:52:58.944  2059-2059  VRI[MainAc...y]@e85f54d com.kcpd.myfolder                    D  reportDrawFinished seqId=0
2026-01-02 23:52:58.970  2059-2059  Choreographer           com.kcpd.myfolder                    I  Skipped 31 frames!  The application may be doing too much work on its main thread.
2026-01-02 23:52:58.975  2059-2059  BLASTBufferQueue_Java   com.kcpd.myfolder                    I  update, w= 1080 h= 2316 mName = VRI[MainActivity]@e85f54d mNativeObject= 0xb4000075fdcc9000 sc.mNativeObject= 0xb4000075fdcc6000 format= -2 caller= android.view.ViewRootImpl.updateBlastSurfaceIfNeeded:3574 android.view.ViewRootImpl.relayoutWindow:11685 android.view.ViewRootImpl.performTraversals:4804 android.view.ViewRootImpl.doTraversal:3924 android.view.ViewRootImpl$TraversalRunnable.run:12903 android.view.Choreographer$CallbackRecord.run:1901 
2026-01-02 23:52:58.975  2059-2059  VRI[MainAc...y]@e85f54d com.kcpd.myfolder                    I  Relayout returned: old=(0,0,1080,2316) new=(0,0,1080,2316) relayoutAsync=true req=(1080,2316)0 dur=0 res=0x0 s={true 0xb4000075fddb7200} ch=false seqId=0
2026-01-02 23:52:58.976  2059-2059  VRI[MainAc...y]@e85f54d com.kcpd.myfolder                    I  registerCallbackForPendingTransactions
2026-01-02 23:52:58.977  2059-2083  VRI[MainAc...y]@e85f54d com.kcpd.myfolder                    I  mWNT: t=0xb400007680390700 mBlastBufferQueue=0xb4000075fdcc9000 fn= 2 HdrRenderState mRenderHdrSdrRatio=1.0 caller= android.view.ViewRootImpl$10.onFrameDraw:6536 android.view.ViewRootImpl$4.onFrameDraw:2489 android.view.ThreadedRenderer$1.onFrameDraw:718 
2026-01-02 23:52:58.996  2059-2079  HWUI                    com.kcpd.myfolder                    D  HWUI - treat SMPTE_170M as sRGB
2026-01-02 23:52:58.996  2059-2059  ImeFocusController      com.kcpd.myfolder                    I  onPreWindowFocus: skipped hasWindowFocus=false mHasImeFocus=true
2026-01-02 23:52:58.996  2059-2059  ImeFocusController      com.kcpd.myfolder                    I  onPostWindowFocus: skipped hasWindowFocus=false mHasImeFocus=true
2026-01-02 23:52:59.008  2059-2059  VRI[MainAc...y]@e85f54d com.kcpd.myfolder                    D  mThreadedRenderer.initializeIfNeeded()#2 mSurface={isValid=true 0xb4000075fddb7200}
2026-01-02 23:52:59.008  2059-2059  InputMethodManagerUtils com.kcpd.myfolder                    D  startInputInner - Id : 0
2026-01-02 23:52:59.008  2059-2059  InputMethodManager      com.kcpd.myfolder                    I  startInputInner - IInputMethodManagerGlobalInvoker.startInputOrWindowGainedFocus
2026-01-02 23:52:59.009  2059-2089  InputTransport          com.kcpd.myfolder                    D  Input channel constructed: 'ClientS', fd=187
2026-01-02 23:52:59.015  2059-2059  InputMethodManager      com.kcpd.myfolder                    I  handleMessage: setImeVisibility visible=false
2026-01-02 23:52:59.015  2059-2059  InsetsController        com.kcpd.myfolder                    D  hide(ime(), fromIme=false)
2026-01-02 23:52:59.015  2059-2059  ImeTracker              com.kcpd.myfolder                    I  com.kcpd.myfolder:4528abec: onCancelled at PHASE_CLIENT_ALREADY_HIDDEN
2026-01-02 23:52:59.052  2059-2059  WindowManager           com.kcpd.myfolder                    I  WindowManagerGlobal#removeView, ty=1002, view=androidx.compose.ui.window.PopupLayout{7d4421d V.E...... ......ID 0,0-405,151 #1020002 android:id/content aid=1073741824}, caller=android.view.WindowManagerGlobal.removeView:654 android.view.WindowManagerImpl.removeViewImmediate:216 androidx.compose.ui.window.PopupLayout.dismiss:792 
2026-01-02 23:52:59.052  2059-2059  WindowOnBackDispatcher  com.kcpd.myfolder                    W  sendCancelIfRunning: isInProgress=false callback=androidx.compose.ui.window.Api33Impl$$ExternalSyntheticLambda0@979dc51
2026-01-02 23:52:59.055  2059-2079  HWUI                    com.kcpd.myfolder                    D  endAllActiveAnimators on 0xb4000075feff1e00 (UnprojectedRipple) with handle 0xb4000076dedc0ee0
2026-01-02 23:52:59.055  2059-2059  VRI[Pop-up...ow]@f32c92 com.kcpd.myfolder                    I  dispatchDetachedFromWindow
2026-01-02 23:52:59.056  2059-2059  InputTransport          com.kcpd.myfolder                    D  Input channel destroyed: 'a3cbce3', fd=141
2026-01-02 23:53:00.535  2059-2154  WebDavRepository        com.kcpd.myfolder                    D  Folder already exists: https://app.koofr.net/dav/Koofr/MyFolderPrivate/ (status: 405)
2026-01-02 23:53:00.841  2059-2154  WebDavRepository        com.kcpd.myfolder                    D  Folder already exists: https://app.koofr.net/dav/Koofr/MyFolderPrivate/videos/ (status: 405)
2026-01-02 23:53:01.028  2059-2059  VRI[MainAc...y]@af407db com.kcpd.myfolder                    I  call setFrameRateCategory for touch hint category=no preference, reason=boost timeout, vri=VRI[MainActivity]@af407db
2026-01-02 23:53:03.233  2059-2128  S3RepositoryInstance    com.kcpd.myfolder                    D  Upload successful: s3://myfolder/MyFolderPrivate/videos/8c9b54fc-cef3-49ee-ae3e-3b3085614996.enc
2026-01-02 23:53:03.233  2059-2128  MultiRemot...oordinator com.kcpd.myfolder                    D  Upload SUCCESS: MEDIA_20260102_235128.mp4 -> R2 Bucket
2026-01-02 23:53:03.436  2059-2135  GoogleDriveInstance     com.kcpd.myfolder                    D  Upload successful: drive://1F8MWQZCmjXTqbt1p5IKD726IXf8xOET6
2026-01-02 23:53:03.437  2059-2135  MultiRemot...oordinator com.kcpd.myfolder                    D  Upload SUCCESS: MEDIA_20260102_235128.mp4 -> google1
2026-01-02 23:53:04.737  2059-2127  S3RepositoryInstance    com.kcpd.myfolder                    D  Upload successful: s3://myfolderprivatebucket/MyFolderPrivate/videos/8c9b54fc-cef3-49ee-ae3e-3b3085614996.enc
2026-01-02 23:53:04.737  2059-2127  MultiRemot...oordinator com.kcpd.myfolder                    D  Upload SUCCESS: MEDIA_20260102_235128.mp4 -> B2
2026-01-02 23:53:14.042  2059-2059  VRI[MainAc...y]@e85f54d com.kcpd.myfolder                    I  ViewPostIme pointer 0
2026-01-02 23:53:14.050  2059-2059  VRI[MainAc...y]@e85f54d com.kcpd.myfolder                    I  call setFrameRateCategory for touch hint category=high hint, reason=touch, vri=VRI[MainActivity]@e85f54d
2026-01-02 23:53:14.369  2059-2069  InputTransport          com.kcpd.myfolder                    D  Input channel destroyed: 'ClientS', fd=187
2026-01-02 23:53:15.236  2059-2059  VRI[MainAc...y]@e85f54d com.kcpd.myfolder                    I  ViewPostIme pointer 1
2026-01-02 23:53:15.601  2059-2059  VRI[MainAc...y]@e85f54d com.kcpd.myfolder                    I  ViewPostIme pointer 0
2026-01-02 23:53:15.753  2059-2059  VRI[MainAc...y]@e85f54d com.kcpd.myfolder                    I  ViewPostIme pointer 1
2026-01-02 23:53:16.280  2059-2059  VRI[MainAc...y]@e85f54d com.kcpd.myfolder                    I  ViewPostIme pointer 0
2026-01-02 23:53:16.700  2059-2068  m.kcpd.myfolder         com.kcpd.myfolder                    W  Cleared Reference was only reachable from finalizer (only reported once)
2026-01-02 23:53:18.588  2059-2059  VRI[MainAc...y]@e85f54d com.kcpd.myfolder                    I  ViewPostIme pointer 1
2026-01-02 23:53:21.591  2059-2059  VRI[MainAc...y]@e85f54d com.kcpd.myfolder                    I  call setFrameRateCategory for touch hint category=no preference, reason=boost timeout, vri=VRI[MainActivity]@e85f54d
2026-01-02 23:53:22.962  2059-2154  WebDavRepository        com.kcpd.myfolder                    D  Upload successful: webdav://koofr/MyFolderPrivate/videos/8c9b54fc-cef3-49ee-ae3e-3b3085614996.enc
2026-01-02 23:53:22.963  2059-2154  MultiRemot...oordinator com.kcpd.myfolder                    D  Upload SUCCESS: MEDIA_20260102_235128.mp4 -> koofr
2026-01-02 23:53:22.964  2059-2154  MultiRemot...oordinator com.kcpd.myfolder                    D  Completed file: MEDIA_20260102_235128.mp4 - Moving to next file
2026-01-02 23:53:22.964  2059-2154  MultiRemot...oordinator com.kcpd.myfolder                    D  Processing file: MEDIA_20260102_235124.mp4
2026-01-02 23:53:22.965  2059-2135  MultiRemot...oordinator com.kcpd.myfolder                    D  Starting upload: MEDIA_20260102_235124.mp4 -> google1
2026-01-02 23:53:22.966  2059-2127  MultiRemot...oordinator com.kcpd.myfolder                    D  Starting upload: MEDIA_20260102_235124.mp4 -> koofr
2026-01-02 23:53:22.966  2059-2127  WebDavRepository        com.kcpd.myfolder                    D  Using CACHED WebDAV client for koofr
2026-01-02 23:53:22.966  2059-2128  MultiRemot...oordinator com.kcpd.myfolder                    D  Starting upload: MEDIA_20260102_235124.mp4 -> R2 Bucket
2026-01-02 23:53:22.966  2059-2128  S3RepositoryInstance    com.kcpd.myfolder                    D  Using CACHED MinIO client for myfolder
2026-01-02 23:53:22.968  2059-2138  MultiRemot...oordinator com.kcpd.myfolder                    D  Starting upload: MEDIA_20260102_235124.mp4 -> B2
2026-01-02 23:53:22.968  2059-2138  S3RepositoryInstance    com.kcpd.myfolder                    D  Using CACHED MinIO client for myfolderprivatebucket
2026-01-02 23:53:24.680  2059-2128  S3RepositoryInstance    com.kcpd.myfolder                    D  Upload successful: s3://myfolder/MyFolderPrivate/videos/ee37dbf8-b16f-4548-b1d8-29e430af43e2.enc
2026-01-02 23:53:24.680  2059-2128  MultiRemot...oordinator com.kcpd.myfolder                    D  Upload SUCCESS: MEDIA_20260102_235124.mp4 -> R2 Bucket
2026-01-02 23:53:25.625  2059-2135  GoogleDriveInstance     com.kcpd.myfolder                    D  Upload successful: drive://15kpfGOMFdmcwmRLHW97wHXTsCbRTVOvi
2026-01-02 23:53:25.625  2059-2135  MultiRemot...oordinator com.kcpd.myfolder                    D  Upload SUCCESS: MEDIA_20260102_235124.mp4 -> google1
2026-01-02 23:53:26.087  2059-2138  S3RepositoryInstance    com.kcpd.myfolder                    D  Upload successful: s3://myfolderprivatebucket/MyFolderPrivate/videos/ee37dbf8-b16f-4548-b1d8-29e430af43e2.enc
2026-01-02 23:53:26.087  2059-2138  MultiRemot...oordinator com.kcpd.myfolder                    D  Upload SUCCESS: MEDIA_20260102_235124.mp4 -> B2
2026-01-02 23:53:26.960  2059-2127  WebDavRepository        com.kcpd.myfolder                    D  Upload successful: webdav://koofr/MyFolderPrivate/videos/ee37dbf8-b16f-4548-b1d8-29e430af43e2.enc
2026-01-02 23:53:26.961  2059-2127  MultiRemot...oordinator com.kcpd.myfolder                    D  Upload SUCCESS: MEDIA_20260102_235124.mp4 -> koofr
2026-01-02 23:53:26.961  2059-2127  MultiRemot...oordinator com.kcpd.myfolder                    D  Completed file: MEDIA_20260102_235124.mp4 - Moving to next file
2026-01-02 23:53:26.961  2059-2127  MultiRemot...oordinator com.kcpd.myfolder                    D  Processing file: MEDIA_20260102_235110.mp4
2026-01-02 23:53:26.962  2059-2138  MultiRemot...oordinator com.kcpd.myfolder                    D  Starting upload: MEDIA_20260102_235110.mp4 -> google1
2026-01-02 23:53:26.962  2059-2136  MultiRemot...oordinator com.kcpd.myfolder                    D  Starting upload: MEDIA_20260102_235110.mp4 -> R2 Bucket
2026-01-02 23:53:26.962  2059-2136  S3RepositoryInstance    com.kcpd.myfolder                    D  Using CACHED MinIO client for myfolder
2026-01-02 23:53:26.963  2059-2128  MultiRemot...oordinator com.kcpd.myfolder                    D  Starting upload: MEDIA_20260102_235110.mp4 -> B2
2026-01-02 23:53:26.963  2059-2128  S3RepositoryInstance    com.kcpd.myfolder                    D  Using CACHED MinIO client for myfolderprivatebucket
2026-01-02 23:53:26.964  2059-2127  MultiRemot...oordinator com.kcpd.myfolder                    D  Starting upload: MEDIA_20260102_235110.mp4 -> koofr
2026-01-02 23:53:26.964  2059-2127  WebDavRepository        com.kcpd.myfolder                    D  Using CACHED WebDAV client for koofr
2026-01-02 23:53:28.253  2059-2059  VRI[MainAc...y]@e85f54d com.kcpd.myfolder                    I  ViewPostIme pointer 0
2026-01-02 23:53:28.257  2059-2059  VRI[MainAc...y]@e85f54d com.kcpd.myfolder                    I  call setFrameRateCategory for touch hint category=high hint, reason=touch, vri=VRI[MainActivity]@e85f54d
2026-01-02 23:53:28.539  2059-2059  VRI[MainAc...y]@e85f54d com.kcpd.myfolder                    I  ViewPostIme pointer 1
2026-01-02 23:53:30.296  2059-2138  GoogleDriveInstance     com.kcpd.myfolder                    D  Upload successful: drive://1c52ctG6RAYycv2kv2FcjojIqEQQmmPcI
2026-01-02 23:53:30.296  2059-2138  MultiRemot...oordinator com.kcpd.myfolder                    D  Upload SUCCESS: MEDIA_20260102_235110.mp4 -> google1
2026-01-02 23:53:30.981  2059-2136  S3RepositoryInstance    com.kcpd.myfolder                    D  Upload successful: s3://myfolder/MyFolderPrivate/videos/c91087c3-58fe-4296-9f14-cd183b70cd8a.enc
