2026-01-04 11:46:00.473 13043-13161 S3RepositoryInstance    com.kcpd.myfolder                    D  Upload successful: s3://myfolderprivatebucket/MyFolderPrivate/photos/kcpd/b16fa6fb-0082-463b-8552-defbf5cc5b3a.enc
2026-01-04 11:46:00.480 13043-13161 UploadWorker            com.kcpd.myfolder                    D  Upload SUCCESS: MEDIA_20260104_111100.jpg -> B2
2026-01-04 11:46:00.483 13043-13087 WM-Processor            com.kcpd.myfolder                    I  Moving WorkSpec (582ca658-c30d-4e3a-99d7-c625517d0c55) to the foreground
2026-01-04 11:46:00.485 13043-13161 UploadWorker            com.kcpd.myfolder                    D  Processing upload: MEDIA_20260104_111100.jpg -> google1
2026-01-04 11:46:00.485 13043-13043 WM-SystemFgDispatcher   com.kcpd.myfolder                    D  Notifying with (id:1001, workSpecId: 582ca658-c30d-4e3a-99d7-c625517d0c55, notificationType :1)
2026-01-04 11:46:00.485 13043-13043 NotificationManager     com.kcpd.myfolder                    I  com.kcpd.myfolder: notify(1001, null, Notification(channel=upload_channel shortcut=null contentView=null vibrate=null sound=null defaults=0 flags=ONGOING_EVENT color=0x00000000 category=progress vis=PRIVATE semFlags=0x0 semPriority=0 semMissedCount=0)) as user
2026-01-04 11:46:03.351 13043-13156 GoogleDriveInstance     com.kcpd.myfolder                    D  Upload successful: drive://1QDlqd6pF9A0PbSixlPeOMq7T4Zsnv52N
2026-01-04 11:46:03.359 13043-13156 UploadWorker            com.kcpd.myfolder                    D  Upload SUCCESS: MEDIA_20260104_111100.jpg -> google1
2026-01-04 11:46:03.362 13043-13094 WM-Processor            com.kcpd.myfolder                    I  Moving WorkSpec (582ca658-c30d-4e3a-99d7-c625517d0c55) to the foreground
2026-01-04 11:46:03.368 13043-13156 UploadWorker            com.kcpd.myfolder                    D  Processing upload: MEDIA_20260104_111100.jpg -> B2
2026-01-04 11:46:03.368 13043-13043 WM-SystemFgDispatcher   com.kcpd.myfolder                    D  Notifying with (id:1001, workSpecId: 582ca658-c30d-4e3a-99d7-c625517d0c55, notificationType :1)
2026-01-04 11:46:03.368 13043-13043 NotificationManager     com.kcpd.myfolder                    I  com.kcpd.myfolder: notify(1001, null, Notification(channel=upload_channel shortcut=null contentView=null vibrate=null sound=null defaults=0 flags=ONGOING_EVENT color=0x00000000 category=progress vis=PRIVATE semFlags=0x0 semPriority=0 semMissedCount=0)) as user
2026-01-04 11:46:03.374 13043-13156 S3RepositoryInstance    com.kcpd.myfolder                    D  Using CACHED MinIO client for myfolderprivatebucket
2026-01-04 11:46:06.593 13043-13156 S3RepositoryInstance    com.kcpd.myfolder                    D  Upload successful: s3://myfolderprivatebucket/MyFolderPrivate/photos/kcpd/1e2c2ea9-81b3-4600-acf4-c8cafa815842.enc
2026-01-04 11:46:06.601 13043-13156 UploadWorker            com.kcpd.myfolder                    D  Upload SUCCESS: MEDIA_20260104_111100.jpg -> B2
2026-01-04 11:46:06.604 13043-13093 WM-Processor            com.kcpd.myfolder                    I  Moving WorkSpec (582ca658-c30d-4e3a-99d7-c625517d0c55) to the foreground
2026-01-04 11:46:06.608 13043-13161 UploadWorker            com.kcpd.myfolder                    D  Processing upload: MEDIA_20260104_111100.jpg -> google1
2026-01-04 11:46:06.608 13043-13043 WM-SystemFgDispatcher   com.kcpd.myfolder                    D  Notifying with (id:1001, workSpecId: 582ca658-c30d-4e3a-99d7-c625517d0c55, notificationType :1)
2026-01-04 11:46:06.609 13043-13043 NotificationManager     com.kcpd.myfolder                    I  com.kcpd.myfolder: notify(1001, null, Notification(channel=upload_channel shortcut=null contentView=null vibrate=null sound=null defaults=0 flags=ONGOING_EVENT color=0x00000000 category=progress vis=PRIVATE semFlags=0x0 semPriority=0 semMissedCount=0)) as user
2026-01-04 11:46:09.511 13043-13156 GoogleDriveInstance     com.kcpd.myfolder                    D  Upload successful: drive://1VJrLS3eGPbKT-Y9GTwTXr_bxTQNorffw
2026-01-04 11:46:09.517 13043-13156 UploadWorker            com.kcpd.myfolder                    D  Upload SUCCESS: MEDIA_20260104_111100.jpg -> google1
2026-01-04 11:46:09.521 13043-13100 WM-Processor            com.kcpd.myfolder                    I  Moving WorkSpec (582ca658-c30d-4e3a-99d7-c625517d0c55) to the foreground
2026-01-04 11:46:09.524 13043-13156 UploadWorker            com.kcpd.myfolder                    D  Processing upload: MEDIA_20260104_111100.jpg -> B2
2026-01-04 11:46:09.525 13043-13043 WM-SystemFgDispatcher   com.kcpd.myfolder                    D  Notifying with (id:1001, workSpecId: 582ca658-c30d-4e3a-99d7-c625517d0c55, notificationType :1)
2026-01-04 11:46:09.526 13043-13043 NotificationManager     com.kcpd.myfolder                    I  com.kcpd.myfolder: notify(1001, null, Notification(channel=upload_channel shortcut=null contentView=null vibrate=null sound=null defaults=0 flags=ONGOING_EVENT color=0x00000000 category=progress vis=PRIVATE semFlags=0x0 semPriority=0 semMissedCount=0)) as user
2026-01-04 11:46:09.528 13043-13156 S3RepositoryInstance    com.kcpd.myfolder                    D  Using CACHED MinIO client for myfolderprivatebucket
2026-01-04 11:46:09.590 13043-13052 m.kcpd.myfolder         com.kcpd.myfolder                    I  Background young concurrent mark compact GC freed 1905KB AllocSpace bytes, 42(23MB) LOS objects, 59% free, 14MB/36MB, paused 481us,7.107ms total 57.291ms
2026-01-04 11:46:12.994 13043-13156 S3RepositoryInstance    com.kcpd.myfolder                    D  Upload successful: s3://myfolderprivatebucket/MyFolderPrivate/photos/kcpd/5dc10673-85b7-48d3-9411-011b909f73a2.enc
2026-01-04 11:46:13.006 13043-13156 UploadWorker            com.kcpd.myfolder                    D  Upload SUCCESS: MEDIA_20260104_111100.jpg -> B2
2026-01-04 11:46:13.011 13043-13087 WM-Processor            com.kcpd.myfolder                    I  Moving WorkSpec (582ca658-c30d-4e3a-99d7-c625517d0c55) to the foreground
2026-01-04 11:46:13.020 13043-13156 UploadWorker            com.kcpd.myfolder                    D  Processing upload: MEDIA_20260104_111100.jpg -> google1
2026-01-04 11:46:13.021 13043-13043 WM-SystemFgDispatcher   com.kcpd.myfolder                    D  Notifying with (id:1001, workSpecId: 582ca658-c30d-4e3a-99d7-c625517d0c55, notificationType :1)
2026-01-04 11:46:13.021 13043-13043 NotificationManager     com.kcpd.myfolder                    I  com.kcpd.myfolder: notify(1001, null, Notification(channel=upload_channel shortcut=null contentView=null vibrate=null sound=null defaults=0 flags=ONGOING_EVENT color=0x00000000 category=progress vis=PRIVATE semFlags=0x0 semPriority=0 semMissedCount=0)) as user
2026-01-04 11:46:15.864 13043-13156 GoogleDriveInstance     com.kcpd.myfolder                    D  Upload successful: drive://1CKMGhZUF45WSxG3MOFibmcoafkHR_MY-
2026-01-04 11:46:15.871 13043-13156 UploadWorker            com.kcpd.myfolder                    D  Upload SUCCESS: MEDIA_20260104_111100.jpg -> google1
2026-01-04 11:46:15.873 13043-13094 WM-Processor            com.kcpd.myfolder                    I  Moving WorkSpec (582ca658-c30d-4e3a-99d7-c625517d0c55) to the foreground
2026-01-04 11:46:15.877 13043-13156 UploadWorker            com.kcpd.myfolder                    D  Processing upload: MEDIA_20260104_111100.jpg -> B2
2026-01-04 11:46:15.878 13043-13043 WM-SystemFgDispatcher   com.kcpd.myfolder                    D  Notifying with (id:1001, workSpecId: 582ca658-c30d-4e3a-99d7-c625517d0c55, notificationType :1)
2026-01-04 11:46:15.878 13043-13043 NotificationManager     com.kcpd.myfolder                    I  com.kcpd.myfolder: notify(1001, null, Notification(channel=upload_channel shortcut=null contentView=null vibrate=null sound=null defaults=0 flags=ONGOING_EVENT color=0x00000000 category=progress vis=PRIVATE semFlags=0x0 semPriority=0 semMissedCount=0)) as user
2026-01-04 11:46:15.881 13043-13156 S3RepositoryInstance    com.kcpd.myfolder                    D  Using CACHED MinIO client for myfolderprivatebucket
2026-01-04 11:46:18.847 13043-13156 S3RepositoryInstance    com.kcpd.myfolder                    D  Upload successful: s3://myfolderprivatebucket/MyFolderPrivate/photos/kcpd/200d8119-b430-4d86-ba88-f02d7e7d2a04.enc
2026-01-04 11:46:18.856 13043-13156 UploadWorker            com.kcpd.myfolder                    D  Upload SUCCESS: MEDIA_20260104_111100.jpg -> B2
2026-01-04 11:46:18.860 13043-13093 WM-Processor            com.kcpd.myfolder                    I  Moving WorkSpec (582ca658-c30d-4e3a-99d7-c625517d0c55) to the foreground
2026-01-04 11:46:18.865 13043-13156 UploadWorker            com.kcpd.myfolder                    D  Processing upload: MEDIA_20260104_111100.jpg -> google1
2026-01-04 11:46:18.865 13043-13043 WM-SystemFgDispatcher   com.kcpd.myfolder                    D  Notifying with (id:1001, workSpecId: 582ca658-c30d-4e3a-99d7-c625517d0c55, notificationType :1)
2026-01-04 11:46:18.866 13043-13043 NotificationManager     com.kcpd.myfolder                    I  com.kcpd.myfolder: notify(1001, null, Notification(channel=upload_channel shortcut=null contentView=null vibrate=null sound=null defaults=0 flags=ONGOING_EVENT color=0x00000000 category=progress vis=PRIVATE semFlags=0x0 semPriority=0 semMissedCount=0)) as user
2026-01-04 11:46:21.802 13043-13161 GoogleDriveInstance     com.kcpd.myfolder                    D  Upload successful: drive://1QoTIjq2LCEBPEYc1Lt6Pgs9rzaMKt23X
2026-01-04 11:46:21.807 13043-13161 UploadWorker            com.kcpd.myfolder                    D  Upload SUCCESS: MEDIA_20260104_111100.jpg -> google1
2026-01-04 11:46:21.811 13043-13100 WM-Processor            com.kcpd.myfolder                    I  Moving WorkSpec (582ca658-c30d-4e3a-99d7-c625517d0c55) to the foreground
2026-01-04 11:46:21.815 13043-13161 UploadWorker            com.kcpd.myfolder                    D  Processing upload: MEDIA_20260104_111100.jpg -> B2
2026-01-04 11:46:21.815 13043-13043 WM-SystemFgDispatcher   com.kcpd.myfolder                    D  Notifying with (id:1001, workSpecId: 582ca658-c30d-4e3a-99d7-c625517d0c55, notificationType :1)
2026-01-04 11:46:21.816 13043-13043 NotificationManager     com.kcpd.myfolder                    I  com.kcpd.myfolder: notify(1001, null, Notification(channel=upload_channel shortcut=null contentView=null vibrate=null sound=null defaults=0 flags=ONGOING_EVENT color=0x00000000 category=progress vis=PRIVATE semFlags=0x0 semPriority=0 semMissedCount=0)) as user
2026-01-04 11:46:21.820 13043-13161 S3RepositoryInstance    com.kcpd.myfolder                    D  Using CACHED MinIO client for myfolderprivatebucket
2026-01-04 11:46:21.952 13043-13052 m.kcpd.myfolder         com.kcpd.myfolder                    I  Background concurrent mark compact GC freed 3030KB AllocSpace bytes, 50(21MB) LOS objects, 66% free, 14MB/42MB, paused 446us,5.008ms total 111.484ms
2026-01-04 11:46:25.277 13043-13161 S3RepositoryInstance    com.kcpd.myfolder                    D  Upload successful: s3://myfolderprivatebucket/MyFolderPrivate/photos/kcpd/f6df93d5-b935-4944-af3e-a2e07d072752.enc
2026-01-04 11:46:25.288 13043-13161 UploadWorker            com.kcpd.myfolder                    D  Upload SUCCESS: MEDIA_20260104_111100.jpg -> B2
2026-01-04 11:46:25.292 13043-13087 WM-Processor            com.kcpd.myfolder                    I  Moving WorkSpec (582ca658-c30d-4e3a-99d7-c625517d0c55) to the foreground
2026-01-04 11:46:25.298 13043-13161 UploadWorker            com.kcpd.myfolder                    D  Processing upload: MEDIA_20260104_111059.jpg -> google1
2026-01-04 11:46:25.298 13043-13043 WM-SystemFgDispatcher   com.kcpd.myfolder                    D  Notifying with (id:1001, workSpecId: 582ca658-c30d-4e3a-99d7-c625517d0c55, notificationType :1)
2026-01-04 11:46:25.299 13043-13043 NotificationManager     com.kcpd.myfolder                    I  com.kcpd.myfolder: notify(1001, null, Notification(channel=upload_channel shortcut=null contentView=null vibrate=null sound=null defaults=0 flags=ONGOING_EVENT color=0x00000000 category=progress vis=PRIVATE semFlags=0x0 semPriority=0 semMissedCount=0)) as user
2026-01-04 11:46:28.339 13043-13161 GoogleDriveInstance     com.kcpd.myfolder                    D  Upload successful: drive://1FWH8Tl_yDa5l2-JwNb1RQ_EcZimSUKkA
2026-01-04 11:46:28.347 13043-13161 UploadWorker            com.kcpd.myfolder                    D  Upload SUCCESS: MEDIA_20260104_111059.jpg -> google1
2026-01-04 11:46:28.350 13043-13094 WM-Processor            com.kcpd.myfolder                    I  Moving WorkSpec (582ca658-c30d-4e3a-99d7-c625517d0c55) to the foreground
2026-01-04 11:46:28.355 13043-13161 UploadWorker            com.kcpd.myfolder                    D  Processing upload: MEDIA_20260104_111059.jpg -> B2
2026-01-04 11:46:28.356 13043-13043 WM-SystemFgDispatcher   com.kcpd.myfolder                    D  Notifying with (id:1001, workSpecId: 582ca658-c30d-4e3a-99d7-c625517d0c55, notificationType :1)
2026-01-04 11:46:28.357 13043-13043 NotificationManager     com.kcpd.myfolder                    I  com.kcpd.myfolder: notify(1001, null, Notification(channel=upload_channel shortcut=null contentView=null vibrate=null sound=null defaults=0 flags=ONGOING_EVENT color=0x00000000 category=progress vis=PRIVATE semFlags=0x0 semPriority=0 semMissedCount=0)) as user
2026-01-04 11:46:28.359 13043-13161 S3RepositoryInstance    com.kcpd.myfolder                    D  Using CACHED MinIO client for myfolderprivatebucket
2026-01-04 11:46:32.023 13043-13161 S3RepositoryInstance    com.kcpd.myfolder                    D  Upload successful: s3://myfolderprivatebucket/MyFolderPrivate/photos/kcpd/e8ff985d-aac2-4185-82aa-efb2acff70d0.enc
2026-01-04 11:46:32.033 13043-13161 UploadWorker            com.kcpd.myfolder                    D  Upload SUCCESS: MEDIA_20260104_111059.jpg -> B2
2026-01-04 11:46:32.039 13043-13093 WM-Processor            com.kcpd.myfolder                    I  Moving WorkSpec (582ca658-c30d-4e3a-99d7-c625517d0c55) to the foreground
2026-01-04 11:46:32.048 13043-13161 UploadWorker            com.kcpd.myfolder                    D  Processing upload: MEDIA_20260104_111059.jpg -> google1
2026-01-04 11:46:32.048 13043-13043 WM-SystemFgDispatcher   com.kcpd.myfolder                    D  Notifying with (id:1001, workSpecId: 582ca658-c30d-4e3a-99d7-c625517d0c55, notificationType :1)
2026-01-04 11:46:32.049 13043-13043 NotificationManager     com.kcpd.myfolder                    I  com.kcpd.myfolder: notify(1001, null, Notification(channel=upload_channel shortcut=null contentView=null vibrate=null sound=null defaults=0 flags=ONGOING_EVENT color=0x00000000 category=progress vis=PRIVATE semFlags=0x0 semPriority=0 semMissedCount=0)) as user
2026-01-04 11:46:35.022 13043-13161 GoogleDriveInstance     com.kcpd.myfolder                    D  Upload successful: drive://1hfDUr6pmNIyGNAddaRknpv-YGhh8BXxW
2026-01-04 11:46:35.028 13043-13161 UploadWorker            com.kcpd.myfolder                    D  Upload SUCCESS: MEDIA_20260104_111059.jpg -> google1
2026-01-04 11:46:35.032 13043-13100 WM-Processor            com.kcpd.myfolder                    I  Moving WorkSpec (582ca658-c30d-4e3a-99d7-c625517d0c55) to the foreground
2026-01-04 11:46:35.037 13043-13161 UploadWorker            com.kcpd.myfolder                    D  Processing upload: MEDIA_20260104_111059.jpg -> B2
2026-01-04 11:46:35.037 13043-13043 WM-SystemFgDispatcher   com.kcpd.myfolder                    D  Notifying with (id:1001, workSpecId: 582ca658-c30d-4e3a-99d7-c625517d0c55, notificationType :1)
2026-01-04 11:46:35.038 13043-13043 NotificationManager     com.kcpd.myfolder                    I  com.kcpd.myfolder: notify(1001, null, Notification(channel=upload_channel shortcut=null contentView=null vibrate=null sound=null defaults=0 flags=ONGOING_EVENT color=0x00000000 category=progress vis=PRIVATE semFlags=0x0 semPriority=0 semMissedCount=0)) as user
2026-01-04 11:46:35.041 13043-13161 S3RepositoryInstance    com.kcpd.myfolder                    D  Using CACHED MinIO client for myfolderprivatebucket
2026-01-04 11:46:35.126 13043-13052 m.kcpd.myfolder         com.kcpd.myfolder                    I  Background young concurrent mark compact GC freed 2153KB AllocSpace bytes, 35(22MB) LOS objects, 51% free, 20MB/42MB, paused 490us,7.498ms total 63.761ms
2026-01-04 11:46:39.086 13043-13161 S3RepositoryInstance    com.kcpd.myfolder                    D  Upload successful: s3://myfolderprivatebucket/MyFolderPrivate/photos/kcpd/6d06470a-0ce8-4e6e-88d0-7e48220c05e3.enc
2026-01-04 11:46:39.093 13043-13161 UploadWorker            com.kcpd.myfolder                    D  Upload SUCCESS: MEDIA_20260104_111059.jpg -> B2
2026-01-04 11:46:39.098 13043-13087 WM-Processor            com.kcpd.myfolder                    I  Moving WorkSpec (582ca658-c30d-4e3a-99d7-c625517d0c55) to the foreground
2026-01-04 11:46:39.105 13043-13161 UploadWorker            com.kcpd.myfolder                    D  Processing upload: MEDIA_20260104_111059.jpg -> google1
2026-01-04 11:46:39.106 13043-13043 WM-SystemFgDispatcher   com.kcpd.myfolder                    D  Notifying with (id:1001, workSpecId: 582ca658-c30d-4e3a-99d7-c625517d0c55, notificationType :1)
2026-01-04 11:46:39.107 13043-13043 NotificationManager     com.kcpd.myfolder                    I  com.kcpd.myfolder: notify(1001, null, Notification(channel=upload_channel shortcut=null contentView=null vibrate=null sound=null defaults=0 flags=ONGOING_EVENT color=0x00000000 category=progress vis=PRIVATE semFlags=0x0 semPriority=0 semMissedCount=0)) as user
2026-01-04 11:46:41.957 13043-13161 GoogleDriveInstance     com.kcpd.myfolder                    D  Upload successful: drive://1sn3ta8A3yX1wiqvAzh1yjffA3dRxwNM4
2026-01-04 11:46:41.963 13043-13161 UploadWorker            com.kcpd.myfolder                    D  Upload SUCCESS: MEDIA_20260104_111059.jpg -> google1
2026-01-04 11:46:41.966 13043-13094 WM-Processor            com.kcpd.myfolder                    I  Moving WorkSpec (582ca658-c30d-4e3a-99d7-c625517d0c55) to the foreground
2026-01-04 11:46:41.969 13043-13161 UploadWorker            com.kcpd.myfolder                    D  Processing upload: MEDIA_20260104_111059.jpg -> B2
2026-01-04 11:46:41.970 13043-13043 WM-SystemFgDispatcher   com.kcpd.myfolder                    D  Notifying with (id:1001, workSpecId: 582ca658-c30d-4e3a-99d7-c625517d0c55, notificationType :1)
2026-01-04 11:46:41.970 13043-13043 NotificationManager     com.kcpd.myfolder                    I  com.kcpd.myfolder: notify(1001, null, Notification(channel=upload_channel shortcut=null contentView=null vibrate=null sound=null defaults=0 flags=ONGOING_EVENT color=0x00000000 category=progress vis=PRIVATE semFlags=0x0 semPriority=0 semMissedCount=0)) as user
2026-01-04 11:46:41.975 13043-13161 S3RepositoryInstance    com.kcpd.myfolder                    D  Using CACHED MinIO client for myfolderprivatebucket
2026-01-04 11:46:45.336 13043-13161 S3RepositoryInstance    com.kcpd.myfolder                    D  Upload successful: s3://myfolderprivatebucket/MyFolderPrivate/photos/kcpd/5406e2de-e0c5-4e7e-9903-48bc364a16d4.enc
2026-01-04 11:46:45.345 13043-13161 UploadWorker            com.kcpd.myfolder                    D  Upload SUCCESS: MEDIA_20260104_111059.jpg -> B2
2026-01-04 11:46:45.350 13043-13093 WM-Processor            com.kcpd.myfolder                    I  Moving WorkSpec (582ca658-c30d-4e3a-99d7-c625517d0c55) to the foreground
2026-01-04 11:46:45.356 13043-13161 UploadWorker            com.kcpd.myfolder                    D  Processing upload: MEDIA_20260104_111059.jpg -> google1
2026-01-04 11:46:45.357 13043-13043 WM-SystemFgDispatcher   com.kcpd.myfolder                    D  Notifying with (id:1001, workSpecId: 582ca658-c30d-4e3a-99d7-c625517d0c55, notificationType :1)
2026-01-04 11:46:45.357 13043-13043 NotificationManager     com.kcpd.myfolder                    I  com.kcpd.myfolder: notify(1001, null, Notification(channel=upload_channel shortcut=null contentView=null vibrate=null sound=null defaults=0 flags=ONGOING_EVENT color=0x00000000 category=progress vis=PRIVATE semFlags=0x0 semPriority=0 semMissedCount=0)) as user
2026-01-04 11:46:47.894 13043-13161 GoogleDriveInstance     com.kcpd.myfolder                    D  Upload successful: drive://1WU6Q09KsFYQ8tkKWadtp5v7o_St9PF64
2026-01-04 11:46:47.897 13043-13161 UploadWorker            com.kcpd.myfolder                    D  Upload SUCCESS: MEDIA_20260104_111059.jpg -> google1
2026-01-04 11:46:47.900 13043-13100 WM-Processor            com.kcpd.myfolder                    I  Moving WorkSpec (582ca658-c30d-4e3a-99d7-c625517d0c55) to the foreground
2026-01-04 11:46:47.904 13043-13161 UploadWorker            com.kcpd.myfolder                    D  Processing upload: MEDIA_20260104_111059.jpg -> B2
2026-01-04 11:46:47.905 13043-13043 WM-SystemFgDispatcher   com.kcpd.myfolder                    D  Notifying with (id:1001, workSpecId: 582ca658-c30d-4e3a-99d7-c625517d0c55, notificationType :1)
2026-01-04 11:46:47.905 13043-13043 NotificationManager     com.kcpd.myfolder                    I  com.kcpd.myfolder: notify(1001, null, Notification(channel=upload_channel shortcut=null contentView=null vibrate=null sound=null defaults=0 flags=ONGOING_EVENT color=0x00000000 category=progress vis=PRIVATE semFlags=0x0 semPriority=0 semMissedCount=0)) as user
2026-01-04 11:46:47.906 13043-13156 S3RepositoryInstance    com.kcpd.myfolder                    D  Using CACHED MinIO client for myfolderprivatebucket
2026-01-04 11:46:48.031 13043-13052 m.kcpd.myfolder         com.kcpd.myfolder                    I  Background concurrent mark compact GC freed 1693KB AllocSpace bytes, 55(28MB) LOS objects, 66% free, 14MB/42MB, paused 405us,4.534ms total 106.037ms
2026-01-04 11:46:51.675 13043-13156 S3RepositoryInstance    com.kcpd.myfolder                    D  Upload successful: s3://myfolderprivatebucket/MyFolderPrivate/photos/kcpd/7dd63b38-c51c-4f22-8a44-079a0c09375d.enc
2026-01-04 11:46:51.679 13043-13156 UploadWorker            com.kcpd.myfolder                    D  Upload SUCCESS: MEDIA_20260104_111059.jpg -> B2
2026-01-04 11:46:51.683 13043-13087 WM-Processor            com.kcpd.myfolder                    I  Moving WorkSpec (582ca658-c30d-4e3a-99d7-c625517d0c55) to the foreground
2026-01-04 11:46:51.687 13043-13156 UploadWorker            com.kcpd.myfolder                    D  Processing upload: MEDIA_20260104_111059.jpg -> google1
2026-01-04 11:46:51.688 13043-13043 WM-SystemFgDispatcher   com.kcpd.myfolder                    D  Notifying with (id:1001, workSpecId: 582ca658-c30d-4e3a-99d7-c625517d0c55, notificationType :1)
2026-01-04 11:46:51.688 13043-13043 NotificationManager     com.kcpd.myfolder                    I  com.kcpd.myfolder: notify(1001, null, Notification(channel=upload_channel shortcut=null contentView=null vibrate=null sound=null defaults=0 flags=ONGOING_EVENT color=0x00000000 category=progress vis=PRIVATE semFlags=0x0 semPriority=0 semMissedCount=0)) as user
2026-01-04 11:46:54.475 13043-13156 GoogleDriveInstance     com.kcpd.myfolder                    D  Upload successful: drive://13G7p8sepe5_e4a-P9tjqmwY5cXaOSx33
2026-01-04 11:46:54.479 13043-13156 UploadWorker            com.kcpd.myfolder                    D  Upload SUCCESS: MEDIA_20260104_111059.jpg -> google1
2026-01-04 11:46:54.483 13043-13094 WM-Processor            com.kcpd.myfolder                    I  Moving WorkSpec (582ca658-c30d-4e3a-99d7-c625517d0c55) to the foreground
2026-01-04 11:46:54.488 13043-13156 UploadWorker            com.kcpd.myfolder                    D  Processing upload: MEDIA_20260104_111059.jpg -> B2
2026-01-04 11:46:54.489 13043-13043 WM-SystemFgDispatcher   com.kcpd.myfolder                    D  Notifying with (id:1001, workSpecId: 582ca658-c30d-4e3a-99d7-c625517d0c55, notificationType :1)
2026-01-04 11:46:54.489 13043-13043 NotificationManager     com.kcpd.myfolder                    I  com.kcpd.myfolder: notify(1001, null, Notification(channel=upload_channel shortcut=null contentView=null vibrate=null sound=null defaults=0 flags=ONGOING_EVENT color=0x00000000 category=progress vis=PRIVATE semFlags=0x0 semPriority=0 semMissedCount=0)) as user
2026-01-04 11:46:54.493 13043-13156 S3RepositoryInstance    com.kcpd.myfolder                    D  Using CACHED MinIO client for myfolderprivatebucket
2026-01-04 11:46:58.435 13043-13156 S3RepositoryInstance    com.kcpd.myfolder                    D  Upload successful: s3://myfolderprivatebucket/MyFolderPrivate/photos/kcpd/5e25038e-2250-4549-a0d6-c93f8bf88680.enc
2026-01-04 11:46:58.438 13043-13156 UploadWorker            com.kcpd.myfolder                    D  Upload SUCCESS: MEDIA_20260104_111059.jpg -> B2
2026-01-04 11:46:58.441 13043-13093 WM-Processor            com.kcpd.myfolder                    I  Moving WorkSpec (582ca658-c30d-4e3a-99d7-c625517d0c55) to the foreground
2026-01-04 11:46:58.445 13043-13156 UploadWorker            com.kcpd.myfolder                    D  Processing upload: MEDIA_20260104_111058.jpg -> google1
2026-01-04 11:46:58.445 13043-13043 WM-SystemFgDispatcher   com.kcpd.myfolder                    D  Notifying with (id:1001, workSpecId: 582ca658-c30d-4e3a-99d7-c625517d0c55, notificationType :1)
2026-01-04 11:46:58.446 13043-13043 NotificationManager     com.kcpd.myfolder                    I  com.kcpd.myfolder: notify(1001, null, Notification(channel=upload_channel shortcut=null contentView=null vibrate=null sound=null defaults=0 flags=ONGOING_EVENT color=0x00000000 category=progress vis=PRIVATE semFlags=0x0 semPriority=0 semMissedCount=0)) as user
2026-01-04 11:47:01.206 13043-13156 GoogleDriveInstance     com.kcpd.myfolder                    D  Upload successful: drive://17zkaX3L6Si62hSUtqW8aJXQRxXLIIlD0
2026-01-04 11:47:01.209 13043-13156 UploadWorker            com.kcpd.myfolder                    D  Upload SUCCESS: MEDIA_20260104_111058.jpg -> google1
2026-01-04 11:47:01.211 13043-13100 WM-Processor            com.kcpd.myfolder                    I  Moving WorkSpec (582ca658-c30d-4e3a-99d7-c625517d0c55) to the foreground
2026-01-04 11:47:01.215 13043-13156 UploadWorker            com.kcpd.myfolder                    D  Processing upload: MEDIA_20260104_111058.jpg -> B2
2026-01-04 11:47:01.215 13043-13043 WM-SystemFgDispatcher   com.kcpd.myfolder                    D  Notifying with (id:1001, workSpecId: 582ca658-c30d-4e3a-99d7-c625517d0c55, notificationType :1)
2026-01-04 11:47:01.216 13043-13043 NotificationManager     com.kcpd.myfolder                    I  com.kcpd.myfolder: notify(1001, null, Notification(channel=upload_channel shortcut=null contentView=null vibrate=null sound=null defaults=0 flags=ONGOING_EVENT color=0x00000000 category=progress vis=PRIVATE semFlags=0x0 semPriority=0 semMissedCount=0)) as user
2026-01-04 11:47:01.218 13043-13156 S3RepositoryInstance    com.kcpd.myfolder                    D  Using CACHED MinIO client for myfolderprivatebucket
2026-01-04 11:47:01.287 13043-13052 m.kcpd.myfolder         com.kcpd.myfolder                    I  Background young concurrent mark compact GC freed 1645KB AllocSpace bytes, 35(22MB) LOS objects, 51% free, 20MB/42MB, paused 426us,6.423ms total 45.045ms
2026-01-04 11:47:06.123 13043-13156 S3RepositoryInstance    com.kcpd.myfolder                    D  Upload successful: s3://myfolderprivatebucket/MyFolderPrivate/photos/kcpd/0dcaf1d2-660c-46b9-bd1d-332882520e7d.enc
2026-01-04 11:47:06.130 13043-13156 UploadWorker            com.kcpd.myfolder                    D  Upload SUCCESS: MEDIA_20260104_111058.jpg -> B2
2026-01-04 11:47:06.135 13043-13087 WM-Processor            com.kcpd.myfolder                    I  Moving WorkSpec (582ca658-c30d-4e3a-99d7-c625517d0c55) to the foreground
2026-01-04 11:47:06.143 13043-13156 UploadWorker            com.kcpd.myfolder                    D  Processing upload: MEDIA_20260104_111058.jpg -> google1
2026-01-04 11:47:06.143 13043-13043 WM-SystemFgDispatcher   com.kcpd.myfolder                    D  Notifying with (id:1001, workSpecId: 582ca658-c30d-4e3a-99d7-c625517d0c55, notificationType :1)
2026-01-04 11:47:06.144 13043-13043 NotificationManager     com.kcpd.myfolder                    I  com.kcpd.myfolder: notify(1001, null, Notification(channel=upload_channel shortcut=null contentView=null vibrate=null sound=null defaults=0 flags=ONGOING_EVENT color=0x00000000 category=progress vis=PRIVATE semFlags=0x0 semPriority=0 semMissedCount=0)) as user
2026-01-04 11:47:09.308 13043-13156 GoogleDriveInstance     com.kcpd.myfolder                    D  Upload successful: drive://1j6tmoCHeUWuy_saeS260kmdOD5mEV3C-
2026-01-04 11:47:09.312 13043-13156 UploadWorker            com.kcpd.myfolder                    D  Upload SUCCESS: MEDIA_20260104_111058.jpg -> google1
2026-01-04 11:47:09.316 13043-13094 WM-Processor            com.kcpd.myfolder                    I  Moving WorkSpec (582ca658-c30d-4e3a-99d7-c625517d0c55) to the foreground
2026-01-04 11:47:09.320 13043-13156 UploadWorker            com.kcpd.myfolder                    D  Processing upload: MEDIA_20260104_111058.jpg -> B2
2026-01-04 11:47:09.321 13043-13043 WM-SystemFgDispatcher   com.kcpd.myfolder                    D  Notifying with (id:1001, workSpecId: 582ca658-c30d-4e3a-99d7-c625517d0c55, notificationType :1)
2026-01-04 11:47:09.322 13043-13043 NotificationManager     com.kcpd.myfolder                    I  com.kcpd.myfolder: notify(1001, null, Notification(channel=upload_channel shortcut=null contentView=null vibrate=null sound=null defaults=0 flags=ONGOING_EVENT color=0x00000000 category=progress vis=PRIVATE semFlags=0x0 semPriority=0 semMissedCount=0)) as user
2026-01-04 11:47:09.325 13043-13156 S3RepositoryInstance    com.kcpd.myfolder                    D  Using CACHED MinIO client for myfolderprivatebucket
2026-01-04 11:47:14.122 13043-13156 S3RepositoryInstance    com.kcpd.myfolder                    D  Upload successful: s3://myfolderprivatebucket/MyFolderPrivate/photos/kcpd/f74d7a0d-ab86-4679-8d49-192e90465e50.enc
2026-01-04 11:47:14.127 13043-13156 UploadWorker            com.kcpd.myfolder                    D  Upload SUCCESS: MEDIA_20260104_111058.jpg -> B2
2026-01-04 11:47:14.131 13043-13093 WM-Processor            com.kcpd.myfolder                    I  Moving WorkSpec (582ca658-c30d-4e3a-99d7-c625517d0c55) to the foreground
2026-01-04 11:47:14.135 13043-13156 UploadWorker            com.kcpd.myfolder                    D  Processing upload: MEDIA_20260104_111058.jpg -> google1
2026-01-04 11:47:14.136 13043-13043 WM-SystemFgDispatcher   com.kcpd.myfolder                    D  Notifying with (id:1001, workSpecId: 582ca658-c30d-4e3a-99d7-c625517d0c55, notificationType :1)
2026-01-04 11:47:14.136 13043-13043 NotificationManager     com.kcpd.myfolder                    I  com.kcpd.myfolder: notify(1001, null, Notification(channel=upload_channel shortcut=null contentView=null vibrate=null sound=null defaults=0 flags=ONGOING_EVENT color=0x00000000 category=progress vis=PRIVATE semFlags=0x0 semPriority=0 semMissedCount=0)) as user
2026-01-04 11:47:15.308 13043-13052 m.kcpd.myfolder         com.kcpd.myfolder                    I  Background concurrent mark compact GC freed 1513KB AllocSpace bytes, 48(29MB) LOS objects, 66% free, 12MB/37MB, paused 430us,7.368ms total 109.090ms
2026-01-04 11:47:17.092 13043-13156 GoogleDriveInstance     com.kcpd.myfolder                    D  Upload successful: drive://1Y-cHzV6URLihfznfS3qu0d-wF307CEGl
2026-01-04 11:47:17.095 13043-13156 UploadWorker            com.kcpd.myfolder                    D  Upload SUCCESS: MEDIA_20260104_111058.jpg -> google1
2026-01-04 11:47:17.098 13043-13100 WM-Processor            com.kcpd.myfolder                    I  Moving WorkSpec (582ca658-c30d-4e3a-99d7-c625517d0c55) to the foreground
2026-01-04 11:47:17.102 13043-13156 UploadWorker            com.kcpd.myfolder                    D  Processing upload: MEDIA_20260104_111058.jpg -> B2
2026-01-04 11:47:17.102 13043-13043 WM-SystemFgDispatcher   com.kcpd.myfolder                    D  Notifying with (id:1001, workSpecId: 582ca658-c30d-4e3a-99d7-c625517d0c55, notificationType :1)
2026-01-04 11:47:17.102 13043-13043 NotificationManager     com.kcpd.myfolder                    I  com.kcpd.myfolder: notify(1001, null, Notification(channel=upload_channel shortcut=null contentView=null vibrate=null sound=null defaults=0 flags=ONGOING_EVENT color=0x00000000 category=progress vis=PRIVATE semFlags=0x0 semPriority=0 semMissedCount=0)) as user
2026-01-04 11:47:17.104 13043-13156 S3RepositoryInstance    com.kcpd.myfolder                    D  Using CACHED MinIO client for myfolderprivatebucket
2026-01-04 11:47:21.382 13043-13156 S3RepositoryInstance    com.kcpd.myfolder                    D  Upload successful: s3://myfolderprivatebucket/MyFolderPrivate/photos/kcpd/21c59796-fec2-431b-b2bd-8d72c01b69ca.enc
2026-01-04 11:47:21.392 13043-13156 UploadWorker            com.kcpd.myfolder                    D  Upload SUCCESS: MEDIA_20260104_111058.jpg -> B2
2026-01-04 11:47:21.396 13043-13087 WM-Processor            com.kcpd.myfolder                    I  Moving WorkSpec (582ca658-c30d-4e3a-99d7-c625517d0c55) to the foreground
2026-01-04 11:47:21.400 13043-13156 UploadWorker            com.kcpd.myfolder                    D  Processing upload: MEDIA_20260104_111058.jpg -> google1
2026-01-04 11:47:21.400 13043-13043 WM-SystemFgDispatcher   com.kcpd.myfolder                    D  Notifying with (id:1001, workSpecId: 582ca658-c30d-4e3a-99d7-c625517d0c55, notificationType :1)
2026-01-04 11:47:21.401 13043-13043 NotificationManager     com.kcpd.myfolder                    I  com.kcpd.myfolder: notify(1001, null, Notification(channel=upload_channel shortcut=null contentView=null vibrate=null sound=null defaults=0 flags=ONGOING_EVENT color=0x00000000 category=progress vis=PRIVATE semFlags=0x0 semPriority=0 semMissedCount=0)) as user
2026-01-04 11:47:24.462 13043-13156 GoogleDriveInstance     com.kcpd.myfolder                    D  Upload successful: drive://19wcstlPwkdkYsldGTIj0oKUMUf3gBw-T
2026-01-04 11:47:24.467 13043-13156 UploadWorker            com.kcpd.myfolder                    D  Upload SUCCESS: MEDIA_20260104_111058.jpg -> google1
2026-01-04 11:47:24.471 13043-13094 WM-Processor            com.kcpd.myfolder                    I  Moving WorkSpec (582ca658-c30d-4e3a-99d7-c625517d0c55) to the foreground
2026-01-04 11:47:24.477 13043-13043 WM-SystemFgDispatcher   com.kcpd.myfolder                    D  Notifying with (id:1001, workSpecId: 582ca658-c30d-4e3a-99d7-c625517d0c55, notificationType :1)
2026-01-04 11:47:24.477 13043-13161 UploadWorker            com.kcpd.myfolder                    D  Processing upload: MEDIA_20260104_111058.jpg -> B2
2026-01-04 11:47:24.477 13043-13043 NotificationManager     com.kcpd.myfolder                    I  com.kcpd.myfolder: notify(1001, null, Notification(channel=upload_channel shortcut=null contentView=null vibrate=null sound=null defaults=0 flags=ONGOING_EVENT color=0x00000000 category=progress vis=PRIVATE semFlags=0x0 semPriority=0 semMissedCount=0)) as user
2026-01-04 11:47:24.481 13043-13161 S3RepositoryInstance    com.kcpd.myfolder                    D  Using CACHED MinIO client for myfolderprivatebucket
2026-01-04 11:47:28.272 13043-13161 S3RepositoryInstance    com.kcpd.myfolder                    D  Upload successful: s3://myfolderprivatebucket/MyFolderPrivate/photos/kcpd/69aa0b3b-064b-4eb9-82b4-f0924d1b0c9f.enc
2026-01-04 11:47:28.277 13043-13161 UploadWorker            com.kcpd.myfolder                    D  Upload SUCCESS: MEDIA_20260104_111058.jpg -> B2
2026-01-04 11:47:28.282 13043-13093 WM-Processor            com.kcpd.myfolder                    I  Moving WorkSpec (582ca658-c30d-4e3a-99d7-c625517d0c55) to the foreground
2026-01-04 11:47:28.286 13043-13161 UploadWorker            com.kcpd.myfolder                    D  Processing upload: MEDIA_20260104_111058.jpg -> google1
2026-01-04 11:47:28.287 13043-13043 WM-SystemFgDispatcher   com.kcpd.myfolder                    D  Notifying with (id:1001, workSpecId: 582ca658-c30d-4e3a-99d7-c625517d0c55, notificationType :1)
2026-01-04 11:47:28.288 13043-13043 NotificationManager     com.kcpd.myfolder                    I  com.kcpd.myfolder: notify(1001, null, Notification(channel=upload_channel shortcut=null contentView=null vibrate=null sound=null defaults=0 flags=ONGOING_EVENT color=0x00000000 category=progress vis=PRIVATE semFlags=0x0 semPriority=0 semMissedCount=0)) as user
2026-01-04 11:47:29.658 13043-13052 m.kcpd.myfolder         com.kcpd.myfolder                    I  Background young concurrent mark compact GC freed 1693KB AllocSpace bytes, 33(23MB) LOS objects, 56% free, 16MB/37MB, paused 563us,6.580ms total 49.051ms
2026-01-04 11:47:31.270 13043-13161 GoogleDriveInstance     com.kcpd.myfolder                    D  Upload successful: drive://1pJMqoSEp5AhkNna5DwEREUAZ0GyiNG_7
2026-01-04 11:47:31.276 13043-13161 UploadWorker            com.kcpd.myfolder                    D  Upload SUCCESS: MEDIA_20260104_111058.jpg -> google1
2026-01-04 11:47:31.280 13043-13100 WM-Processor            com.kcpd.myfolder                    I  Moving WorkSpec (582ca658-c30d-4e3a-99d7-c625517d0c55) to the foreground
2026-01-04 11:47:31.285 13043-13161 UploadWorker            com.kcpd.myfolder                    D  Processing upload: MEDIA_20260104_111058.jpg -> B2
2026-01-04 11:47:31.287 13043-13043 WM-SystemFgDispatcher   com.kcpd.myfolder                    D  Notifying with (id:1001, workSpecId: 582ca658-c30d-4e3a-99d7-c625517d0c55, notificationType :1)
2026-01-04 11:47:31.288 13043-13043 NotificationManager     com.kcpd.myfolder                    I  com.kcpd.myfolder: notify(1001, null, Notification(channel=upload_channel shortcut=null contentView=null vibrate=null sound=null defaults=0 flags=ONGOING_EVENT color=0x00000000 category=progress vis=PRIVATE semFlags=0x0 semPriority=0 semMissedCount=0)) as user
2026-01-04 11:47:31.289 13043-13161 S3RepositoryInstance    com.kcpd.myfolder                    D  Using CACHED MinIO client for myfolderprivatebucket
2026-01-04 11:47:35.160 13043-13161 S3RepositoryInstance    com.kcpd.myfolder                    D  Upload successful: s3://myfolderprivatebucket/MyFolderPrivate/photos/kcpd/850f6fe4-38a1-45df-b792-00d160c590cd.enc
2026-01-04 11:47:35.165 13043-13161 UploadWorker            com.kcpd.myfolder                    D  Upload SUCCESS: MEDIA_20260104_111058.jpg -> B2
2026-01-04 11:47:35.169 13043-13087 WM-Processor            com.kcpd.myfolder                    I  Moving WorkSpec (582ca658-c30d-4e3a-99d7-c625517d0c55) to the foreground
2026-01-04 11:47:35.173 13043-13161 UploadWorker            com.kcpd.myfolder                    D  Processing upload: MEDIA_20260104_111057.jpg -> google1
2026-01-04 11:47:35.177 13043-13043 WM-SystemFgDispatcher   com.kcpd.myfolder                    D  Notifying with (id:1001, workSpecId: 582ca658-c30d-4e3a-99d7-c625517d0c55, notificationType :1)
2026-01-04 11:47:35.178 13043-13043 NotificationManager     com.kcpd.myfolder                    I  com.kcpd.myfolder: notify(1001, null, Notification(channel=upload_channel shortcut=null contentView=null vibrate=null sound=null defaults=0 flags=ONGOING_EVENT color=0x00000000 category=progress vis=PRIVATE semFlags=0x0 semPriority=0 semMissedCount=0)) as user
2026-01-04 11:47:38.185 13043-13161 GoogleDriveInstance     com.kcpd.myfolder                    D  Upload successful: drive://1wncJa2vSkkXP6x7KpootsoVWImJ4qFg2
2026-01-04 11:47:38.193 13043-13161 UploadWorker            com.kcpd.myfolder                    D  Upload SUCCESS: MEDIA_20260104_111057.jpg -> google1
2026-01-04 11:47:38.198 13043-13094 WM-Processor            com.kcpd.myfolder                    I  Moving WorkSpec (582ca658-c30d-4e3a-99d7-c625517d0c55) to the foreground
2026-01-04 11:47:38.201 13043-13043 WM-SystemFgDispatcher   com.kcpd.myfolder                    D  Notifying with (id:1001, workSpecId: 582ca658-c30d-4e3a-99d7-c625517d0c55, notificationType :1)
2026-01-04 11:47:38.202 13043-13043 NotificationManager     com.kcpd.myfolder                    I  com.kcpd.myfolder: notify(1001, null, Notification(channel=upload_channel shortcut=null contentView=null vibrate=null sound=null defaults=0 flags=ONGOING_EVENT color=0x00000000 category=progress vis=PRIVATE semFlags=0x0 semPriority=0 semMissedCount=0)) as user
2026-01-04 11:47:38.204 13043-13161 UploadWorker            com.kcpd.myfolder                    D  Processing upload: MEDIA_20260104_111057.jpg -> B2
2026-01-04 11:47:38.207 13043-13161 S3RepositoryInstance    com.kcpd.myfolder                    D  Using CACHED MinIO client for myfolderprivatebucket
2026-01-04 11:47:41.403 13043-13161 S3RepositoryInstance    com.kcpd.myfolder                    D  Upload successful: s3://myfolderprivatebucket/MyFolderPrivate/photos/kcpd/cf6076f9-e951-4884-847b-89d7f30d1728.enc
2026-01-04 11:47:41.409 13043-13161 UploadWorker            com.kcpd.myfolder                    D  Upload SUCCESS: MEDIA_20260104_111057.jpg -> B2
2026-01-04 11:47:41.412 13043-13093 WM-Processor            com.kcpd.myfolder                    I  Moving WorkSpec (582ca658-c30d-4e3a-99d7-c625517d0c55) to the foreground
2026-01-04 11:47:41.416 13043-13161 UploadWorker            com.kcpd.myfolder                    D  Processing upload: MEDIA_20260104_111053.jpg -> google1
2026-01-04 11:47:41.417 13043-13043 WM-SystemFgDispatcher   com.kcpd.myfolder                    D  Notifying with (id:1001, workSpecId: 582ca658-c30d-4e3a-99d7-c625517d0c55, notificationType :1)
2026-01-04 11:47:41.418 13043-13043 NotificationManager     com.kcpd.myfolder                    I  com.kcpd.myfolder: notify(1001, null, Notification(channel=upload_channel shortcut=null contentView=null vibrate=null sound=null defaults=0 flags=ONGOING_EVENT color=0x00000000 category=progress vis=PRIVATE semFlags=0x0 semPriority=0 semMissedCount=0)) as user
2026-01-04 11:47:42.624 13043-13052 m.kcpd.myfolder         com.kcpd.myfolder                    I  Background concurrent mark compact GC freed 1713KB AllocSpace bytes, 57(30MB) LOS objects, 68% free, 11MB/35MB, paused 464us,6.911ms total 118.087ms
2026-01-04 11:47:44.321 13043-13156 GoogleDriveInstance     com.kcpd.myfolder                    D  Upload successful: drive://11dZGfU7SLdSsKYJkMpog7EtfVgADffcs
2026-01-04 11:47:44.325 13043-13156 UploadWorker            com.kcpd.myfolder                    D  Upload SUCCESS: MEDIA_20260104_111053.jpg -> google1
2026-01-04 11:47:44.329 13043-13100 WM-Processor            com.kcpd.myfolder                    I  Moving WorkSpec (582ca658-c30d-4e3a-99d7-c625517d0c55) to the foreground
2026-01-04 11:47:44.334 13043-13156 UploadWorker            com.kcpd.myfolder                    D  Processing upload: MEDIA_20260104_111053.jpg -> B2
2026-01-04 11:47:44.336 13043-13043 WM-SystemFgDispatcher   com.kcpd.myfolder                    D  Notifying with (id:1001, workSpecId: 582ca658-c30d-4e3a-99d7-c625517d0c55, notificationType :1)
2026-01-04 11:47:44.337 13043-13043 NotificationManager     com.kcpd.myfolder                    I  com.kcpd.myfolder: notify(1001, null, Notification(channel=upload_channel shortcut=null contentView=null vibrate=null sound=null defaults=0 flags=ONGOING_EVENT color=0x00000000 category=progress vis=PRIVATE semFlags=0x0 semPriority=0 semMissedCount=0)) as user
2026-01-04 11:47:44.339 13043-13156 S3RepositoryInstance    com.kcpd.myfolder                    D  Using CACHED MinIO client for myfolderprivatebucket
2026-01-04 11:47:47.902 13043-13156 S3RepositoryInstance    com.kcpd.myfolder                    D  Upload successful: s3://myfolderprivatebucket/MyFolderPrivate/photos/kcpd/41c2f568-15a5-4b53-ac0a-ac89770541fa.enc
2026-01-04 11:47:47.907 13043-13156 UploadWorker            com.kcpd.myfolder                    D  Upload SUCCESS: MEDIA_20260104_111053.jpg -> B2
2026-01-04 11:47:47.911 13043-13087 WM-Processor            com.kcpd.myfolder                    I  Moving WorkSpec (582ca658-c30d-4e3a-99d7-c625517d0c55) to the foreground
2026-01-04 11:47:47.915 13043-13156 UploadWorker            com.kcpd.myfolder                    D  UploadWorker completed: 38 success, 0 failed
2026-01-04 11:47:47.915 13043-13043 WM-SystemFgDispatcher   com.kcpd.myfolder                    D  Notifying with (id:1001, workSpecId: 582ca658-c30d-4e3a-99d7-c625517d0c55, notificationType :1)
2026-01-04 11:47:47.916 13043-13043 NotificationManager     com.kcpd.myfolder                    I  com.kcpd.myfolder: notify(1001, null, Notification(channel=upload_channel shortcut=null contentView=null vibrate=null sound=null defaults=0 flags=ONGOING_EVENT color=0x00000000 category=progress vis=PRIVATE semFlags=0x0 semPriority=0 semMissedCount=0)) as user
2026-01-04 11:47:47.924 13043-13094 WM-WorkerWrapper        com.kcpd.myfolder                    I  Worker result SUCCESS for Work [ id=582ca658-c30d-4e3a-99d7-c625517d0c55, tags={ com.kcpd.myfolder.worker.UploadWorker,upload } ]
2026-01-04 11:47:47.932 13043-13043 WM-Processor            com.kcpd.myfolder                    D  Processor 582ca658-c30d-4e3a-99d7-c625517d0c55 executed; reschedule = false
2026-01-04 11:47:47.933 13043-13043 WM-GreedyScheduler      com.kcpd.myfolder                    D  Stopping tracking for WorkGenerationalId(workSpecId=582ca658-c30d-4e3a-99d7-c625517d0c55, generation=0)
2026-01-04 11:47:47.935 13043-13043 WM-SystemJobService     com.kcpd.myfolder                    D  582ca658-c30d-4e3a-99d7-c625517d0c55 executed on JobScheduler
2026-01-04 11:47:47.937 13043-13043 WM-SystemFgDispatcher   com.kcpd.myfolder                    D  Removing Notification (id: 1001, workSpecId: WorkGenerationalId(workSpecId=582ca658-c30d-4e3a-99d7-c625517d0c55, generation=0), notificationType: 1
2026-01-04 11:47:47.938 13043-13043 WM-SystemFgDispatcher   com.kcpd.myfolder                    I  Stopping foreground service
2026-01-04 11:47:47.938 13043-13043 WM-SystemFgService      com.kcpd.myfolder                    D  Shutting down.
2026-01-04 11:47:47.940 13043-13062 Choreographer           com.kcpd.myfolder                    D  BBA2 receive callback when in bg : 4
2026-01-04 11:47:47.948 13043-13043 WM-SystemJobService     com.kcpd.myfolder                    D  onStopJob for WorkGenerationalId(workSpecId=582ca658-c30d-4e3a-99d7-c625517d0c55, generation=0)
2026-01-04 11:47:47.950 13043-13043 MyFolderApp             com.kcpd.myfolder                    W  Trim memory (moderate) - trimming 50% of cache
2026-01-04 11:47:47.951 13043-13094 WM-GreedyScheduler      com.kcpd.myfolder                    D  Cancelling work ID 582ca658-c30d-4e3a-99d7-c625517d0c55
2026-01-04 11:47:47.960 13043-13094 WM-NetworkStateTracker  com.kcpd.myfolder                    D  Unregistering network callback
2026-01-04 11:47:47.960 13043-13094 ConnectivityManager     com.kcpd.myfolder                    D  StackLog: [android.net.ConnectivityManager.unregisterNetworkCallback(ConnectivityManager.java:5571)] [androidx.work.impl.utils.NetworkApi21.unregisterNetworkCallbackCompat(NetworkApi21.kt:28)] [androidx.work.impl.constraints.trackers.NetworkStateTracker24.stopTracking(NetworkStateTracker.kt:180)] [androidx.work.impl.constraints.trackers.ConstraintTracker.removeListener(ConstraintTracker.kt:67)] [androidx.work.impl.constraints.controllers.BaseConstraintController$track$1$1.invoke(ContraintControllers.kt:63)] [androidx.work.impl.constraints.controllers.BaseConstraintController$track$1$1.invoke(ContraintControllers.kt:63)] [kotlinx.coroutines.channels.ProduceKt.awaitClose(Produce.kt:69)] [kotlinx.coroutines.channels.ProduceKt$awaitClose$1.invokeSuspend(Unknown Source:13)] [kotlin.coroutines.jvm.internal.BaseContinuationImpl.resumeWith(ContinuationImpl.kt:33)] [kotlinx.coroutines.DispatchedTask.run(DispatchedTask.kt:98)] [androidx.work.impl.utils.SerialExecutorImpl$Task.run(SerialExecutorImpl.java:96)] [java.util.concurrent.ThreadPoolExecutor.runWorker(ThreadPoolExecutor.java:1156)] [java.util.concurrent.ThreadPoolExecutor$Worker.run(ThreadPoolExecutor.java:651)] [java.lang.Thread.run(Thread.java:1119)]
2026-01-04 11:47:47.962 13043-13043 MyFolderApp             com.kcpd.myfolder                    W  Trim memory (background) - clearing all caches
2026-01-04 11:47:47.995 13043-13059 m.kcpd.myfolder         com.kcpd.myfolder                    I  Waiting for a blocking GC ProfileSaver
2026-01-04 11:47:48.066 13043-13059 m.kcpd.myfolder         com.kcpd.myfolder                    I  WaitForGcToComplete blocked ProfileSaver on CollectorTransition for 70.809ms
