2025-12-29 01:45:26.762  8122-8122  VRI[MainAc...y]@af407db com.kcpd.myfolder                    I  ViewPostIme pointer 0
2025-12-29 01:45:26.767  8122-8122  VRI[MainAc...y]@af407db com.kcpd.myfolder                    I  call setFrameRateCategory for touch hint category=high hint, reason=touch, vri=VRI[MainActivity]@af407db
2025-12-29 01:45:26.866  8122-8122  VRI[MainAc...y]@af407db com.kcpd.myfolder                    I  ViewPostIme pointer 1
2025-12-29 01:45:26.870  8122-8629  VaultManager            com.kcpd.myfolder                    I  STEP 1/8: Verifying old password
2025-12-29 01:45:26.887  8122-8122  Dialog                  com.kcpd.myfolder                    I  mIsDeviceDefault = false, mIsSamsungBasicInteraction = false, isMetaDataInActivity = false
2025-12-29 01:45:26.890  8122-8122  DecorView               com.kcpd.myfolder                    I  setWindowBackground: isPopOver=false color=0 d=android.graphics.drawable.ColorDrawable@29c8231
2025-12-29 01:45:26.895  8122-8122  WindowManager           com.kcpd.myfolder                    I  WindowManagerGlobal#addView, ty=2, view=com.android.internal.policy.DecorView{e07c2b4 V.E...... R.....I. 0,0-0,0}[MainActivity], caller=android.view.WindowManagerImpl.addView:158 android.app.Dialog.show:540 androidx.compose.material3.ModalBottomSheet_androidKt$ModalBottomSheetDialog$1$1.invoke:307 
2025-12-29 01:45:26.895  8122-8122  ViewRootImpl            com.kcpd.myfolder                    D  desktopMode is false
2025-12-29 01:45:26.895  8122-8122  ViewRootImpl            com.kcpd.myfolder                    I  dVRR is disabled
2025-12-29 01:45:26.895  8122-8148  NativeCust...ncyManager com.kcpd.myfolder                    D  [NativeCFMS] BpCustomFrequencyManager::BpCustomFrequencyManager()
2025-12-29 01:45:26.904  8122-8122  InputTransport          com.kcpd.myfolder                    D  Input channel constructed: '8b256c7', fd=150
2025-12-29 01:45:26.904  8122-8122  InsetsController        com.kcpd.myfolder                    I  onStateChanged: host=com.kcpd.myfolder/com.kcpd.myfolder.MainActivity, from=android.view.ViewRootImpl.onInsetsStateChanged:3026, state=InsetsState: {mDisplayFrame=Rect(0, 0 - 1080, 2316), mDisplayCutout=DisplayCutout{insets=Rect(0, 75 - 0, 0) waterfall=Insets{left=0, top=0, right=0, bottom=0} boundingRect={Bounds=[Rect(0, 0 - 0, 0), Rect(513, 0 - 567, 75), Rect(0, 0 - 0, 0), Rect(0, 0 - 0, 0)]} cutoutPathParserInfo={CutoutPathParserInfo{displayWidth=1080 displayHeight=2316 physicalDisplayWidth=1080 physicalDisplayHeight=2316 density={2.8125} cutoutSpec={M 0,0 H -9.466666666666667 V 26.66666666666667‬ H 9.466666666666667 V 0 H 0 Z @dp} rotation={0} scale={1.0} physicalPixelDisplaySizeRatio={1.0}}} sideOverrides={}}, mRoundedCorners=RoundedCorners{[RoundedCorner{position=TopLeft, radius=9, center=Point(9, 9)}, RoundedCorner{position=TopRight, radius=9, center=Point(1071, 9)}, RoundedCorner{position=BottomRight, radius=9, center=Point(1071, 2307)}, RoundedCorner{position=BottomLeft, radius=9, center=Point(9, 2307)}]}  mRoundedCornerFrame=Rect(0, 0 - 1080, 2316), mPrivacyIndicatorBounds=PrivacyIndicatorBounds {static bounds=Rect(977, 0 - 1080, 75) rotation=0}, mDisplayShape=DisplayShape{ spec=-311912193 displayWidth=1080 displayHeight=2316 physicalPixelDisplaySizeRatio=0.75 rotation=0 offsetX=0 offsetY=0 scale=1.0}, mSources= { InsetsSource: {c2d00000 mType=statusBars mFrame=[0,0][1080,75] mVisible=true mFlags= mSideHint=TOP mBoundingRects=null}, InsetsSource: {c2d00005 mType=mandatorySystemGestures mFrame=[0,0][1080,103] mVisible=true mFlags= mSideHint=TOP mBoundingRects=null}, InsetsSource: {c2d00006 mType=tappableElement mFrame=[0,0][1080,75] mVisible=true mFlags= mSideHint=TOP mBoundingRects=null}, InsetsSource: {3 mType=ime mFrame=[0,0][0,0] mVisible=false mFlags= mSideHint=NONE mBoundingRects=null}, InsetsSource: {27 mType=displayCutout mFrame=[0,0][1080,75] mVisible=true mFlags= mSideHint=TOP mBoundingRects=null}, InsetsSource: {63440001 mType=navigationBars mFrame=[0,2281][1080,2316] mVisible=true mFlags=SUPPRESS_SCRIM mSideHint=BOTTOM mBoundingRects=null}, InsetsSource: {63440004 mType=systemGestures mFrame=[0,0][70,2316] mVisible=true mFlags= mSideHint=LEFT mBoundingRects=null}, InsetsSource: {63440005 mType=mandatorySystemGestures mFrame=[0,2241][1080,2316] mVisible=true mFlags= mSideHint=BOTTOM mBoundingRects=null}, InsetsSource: {63440006 mType=tappableElement mFrame=[0,0][0,0] mVisible=true mFlags= mSideHint=NONE mBoundingRects=null}, InsetsSource: {63440024 mType=systemGestures mFrame=[1010,0][1080,2316] mVisible=true mFlags= mSideHint=RIGHT mBoundingRects=null} }
2025-12-29 01:45:26.904  8122-8122  VRI[MainAc...y]@1d8eedd com.kcpd.myfolder                    I  synced displayState. AttachInfo displayState=2
2025-12-29 01:45:26.906  8122-8122  VRI[MainAc...y]@1d8eedd com.kcpd.myfolder                    I  setView = com.android.internal.policy.DecorView@e07c2b4 IsHRR=false mFlingFrameRateChange=0 TM=true
2025-12-29 01:45:26.928  8122-8122  InsetsSourceConsumer    com.kcpd.myfolder                    I  applyRequestedVisibilityToControl: visible=true, type=navigationBars, host=com.kcpd.myfolder/com.kcpd.myfolder.MainActivity
2025-12-29 01:45:26.928  8122-8122  InsetsSourceConsumer    com.kcpd.myfolder                    I  applyRequestedVisibilityToControl: visible=true, type=statusBars, host=com.kcpd.myfolder/com.kcpd.myfolder.MainActivity
2025-12-29 01:45:26.928  8122-8122  libc                    com.kcpd.myfolder                    W  Access denied finding property "vendor.display.enable_optimal_refresh_rate"
2025-12-29 01:45:26.928  8122-8122  BufferQueueProducer     com.kcpd.myfolder                    I  [](id:1fba00000003,api:0,p:0,c:8122) setDequeueTimeout:2077252342
2025-12-29 01:45:26.929  8122-8122  BLASTBufferQueue_Java   com.kcpd.myfolder                    I  new BLASTBufferQueue, mName= VRI[MainActivity]@1d8eedd mNativeObject= 0xb4000076deb41000 caller= android.view.ViewRootImpl.updateBlastSurfaceIfNeeded:3585 android.view.ViewRootImpl.relayoutWindow:11685 android.view.ViewRootImpl.performTraversals:4804 android.view.ViewRootImpl.doTraversal:3924 android.view.ViewRootImpl$TraversalRunnable.run:12903 android.view.Choreographer$CallbackRecord.run:1901 android.view.Choreographer$CallbackRecord.run:1910 android.view.Choreographer.doCallbacks:1367 android.view.Choreographer.doFrame:1292 android.view.Choreographer$FrameDisplayEventReceiver.run:1870 
2025-12-29 01:45:26.929  8122-8122  BLASTBufferQueue_Java   com.kcpd.myfolder                    I  update, w= 1080 h= 2316 mName = VRI[MainActivity]@1d8eedd mNativeObject= 0xb4000076deb41000 sc.mNativeObject= 0xb400007681158a40 format= -2 caller= android.view.ViewRootImpl.updateBlastSurfaceIfNeeded:3590 android.view.ViewRootImpl.relayoutWindow:11685 android.view.ViewRootImpl.performTraversals:4804 android.view.ViewRootImpl.doTraversal:3924 android.view.ViewRootImpl$TraversalRunnable.run:12903 android.view.Choreographer$CallbackRecord.run:1901 
2025-12-29 01:45:26.930  8122-8122  libc                    com.kcpd.myfolder                    W  Access denied finding property "vendor.display.enable_optimal_refresh_rate"
2025-12-29 01:45:26.930  8122-8122  VRI[MainAc...y]@1d8eedd com.kcpd.myfolder                    I  Relayout returned: old=(0,0,1080,2316) new=(0,0,1080,2316) relayoutAsync=false req=(1080,2316)0 dur=5 res=0x3 s={true 0xb400007680274b00} ch=true seqId=0
2025-12-29 01:45:26.930  8122-8122  VRI[MainAc...y]@1d8eedd com.kcpd.myfolder                    I  performConfigurationChange setNightDimText nightDimLevel=0
2025-12-29 01:45:26.930  8122-8122  VRI[MainAc...y]@1d8eedd com.kcpd.myfolder                    D  mThreadedRenderer.initialize() mSurface={isValid=true 0xb400007680274b00} hwInitialized=true
2025-12-29 01:45:26.933  8122-8122  VRI[MainAc...y]@1d8eedd com.kcpd.myfolder                    D  reportNextDraw android.view.ViewRootImpl.performTraversals:5443 android.view.ViewRootImpl.doTraversal:3924 android.view.ViewRootImpl$TraversalRunnable.run:12903 android.view.Choreographer$CallbackRecord.run:1901 android.view.Choreographer$CallbackRecord.run:1910 
2025-12-29 01:45:26.933  8122-8122  VRI[MainAc...y]@1d8eedd com.kcpd.myfolder                    D  Setup new sync=wmsSync-VRI[MainActivity]@1d8eedd#6
2025-12-29 01:45:26.933  8122-8122  VRI[MainAc...y]@1d8eedd com.kcpd.myfolder                    I  Creating new active sync group VRI[MainActivity]@1d8eedd#7
2025-12-29 01:45:26.933  8122-8122  VRI[MainAc...y]@1d8eedd com.kcpd.myfolder                    D  registerCallbacksForSync syncBuffer=false
2025-12-29 01:45:26.937  8122-8152  VRI[MainAc...y]@1d8eedd com.kcpd.myfolder                    D  Received frameDrawingCallback syncResult=0 frameNum=1.
2025-12-29 01:45:26.937  8122-8152  VRI[MainAc...y]@1d8eedd com.kcpd.myfolder                    I  mWNT: t=0xb400007680dc2100 mBlastBufferQueue=0xb4000076deb41000 fn= 1 HdrRenderState mRenderHdrSdrRatio=1.0 caller= android.view.ViewRootImpl$12.onFrameDraw:15441 android.view.ThreadedRenderer$1.onFrameDraw:718 <bottom of call stack> 
2025-12-29 01:45:26.937  8122-8152  VRI[MainAc...y]@1d8eedd com.kcpd.myfolder                    I  Setting up sync and frameCommitCallback
2025-12-29 01:45:26.937  8122-8148  BLASTBufferQueue        com.kcpd.myfolder                    I  [VRI[MainActivity]@1d8eedd#3](f:0,a:0,s:0) onFrameAvailable the first frame is available
2025-12-29 01:45:26.937  8122-8148  SurfaceComposerClient   com.kcpd.myfolder                    I  apply transaction with the first frame. layerId: 12460, bufferData(ID: 34883724378144, frameNumber: 1)
2025-12-29 01:45:26.937  8122-8148  VRI[MainAc...y]@1d8eedd com.kcpd.myfolder                    I  Received frameCommittedCallback lastAttemptedDrawFrameNum=1 didProduceBuffer=true
2025-12-29 01:45:26.938  8122-8148  HWUI                    com.kcpd.myfolder                    D  CFMS:: SetUp Pid : 8122    Tid : 8148
2025-12-29 01:45:26.938  8122-8122  VRI[MainAc...y]@1d8eedd com.kcpd.myfolder                    D  reportDrawFinished seqId=0
2025-12-29 01:45:26.943  8122-8122  BLASTBufferQueue_Java   com.kcpd.myfolder                    I  update, w= 1080 h= 2316 mName = VRI[MainActivity]@1d8eedd mNativeObject= 0xb4000076deb41000 sc.mNativeObject= 0xb400007681158a40 format= -2 caller= android.view.ViewRootImpl.updateBlastSurfaceIfNeeded:3574 android.view.ViewRootImpl.relayoutWindow:11685 android.view.ViewRootImpl.performTraversals:4804 android.view.ViewRootImpl.doTraversal:3924 android.view.ViewRootImpl$TraversalRunnable.run:12903 android.view.Choreographer$CallbackRecord.run:1901 
2025-12-29 01:45:26.943  8122-8122  VRI[MainAc...y]@1d8eedd com.kcpd.myfolder                    I  Relayout returned: old=(0,0,1080,2316) new=(0,0,1080,2316) relayoutAsync=true req=(1080,2316)0 dur=0 res=0x0 s={true 0xb400007680274b00} ch=false seqId=0
2025-12-29 01:45:26.944  8122-8122  VRI[MainAc...y]@1d8eedd com.kcpd.myfolder                    I  registerCallbackForPendingTransactions
2025-12-29 01:45:26.945  8122-8151  VRI[MainAc...y]@1d8eedd com.kcpd.myfolder                    I  mWNT: t=0xb400007680dc2400 mBlastBufferQueue=0xb4000076deb41000 fn= 2 HdrRenderState mRenderHdrSdrRatio=1.0 caller= android.view.ViewRootImpl$10.onFrameDraw:6536 android.view.ViewRootImpl$4.onFrameDraw:2489 android.view.ThreadedRenderer$1.onFrameDraw:718 
2025-12-29 01:45:26.945  8122-8148  HWUI                    com.kcpd.myfolder                    D  HWUI - treat SMPTE_170M as sRGB
2025-12-29 01:45:26.948  8122-8122  ImeFocusController      com.kcpd.myfolder                    I  onPreWindowFocus: skipped hasWindowFocus=false mHasImeFocus=true
2025-12-29 01:45:26.948  8122-8122  ImeFocusController      com.kcpd.myfolder                    I  onPostWindowFocus: skipped hasWindowFocus=false mHasImeFocus=true
2025-12-29 01:45:26.953  1861-1861  SurfaceFlinger          surfaceflinger                       E  alpha changed 1.000 -> 0.000 - Surface(name=8b256c7 com.kcpd.myfolder/com.kcpd.myfolder.MainActivity)/@0x5b9b0db - animation-leash of window_animation#12461
2025-12-29 01:45:26.953  1861-1861  SurfaceFlinger          surfaceflinger                       E  alpha changed 0.000 -> 0.000 - Surface(name=8b256c7 com.kcpd.myfolder/com.kcpd.myfolder.MainActivity)/@0x5b9b0db - animation-leash of window_animation#12461
2025-12-29 01:45:26.961  1861-1861  SurfaceFlinger          surfaceflinger                       E  alpha changed 0.000 -> 0.081 - Surface(name=8b256c7 com.kcpd.myfolder/com.kcpd.myfolder.MainActivity)/@0x5b9b0db - animation-leash of window_animation#12461
2025-12-29 01:45:26.973  8122-8122  VRI[MainAc...y]@1d8eedd com.kcpd.myfolder                    D  mThreadedRenderer.initializeIfNeeded()#2 mSurface={isValid=true 0xb400007680274b00}
2025-12-29 01:45:26.974  8122-8122  InputMethodManagerUtils com.kcpd.myfolder                    D  startInputInner - Id : 0
2025-12-29 01:45:26.974  8122-8122  InputMethodManager      com.kcpd.myfolder                    I  startInputInner - IInputMethodManagerGlobalInvoker.startInputOrWindowGainedFocus
2025-12-29 01:45:26.975  8122-8122  InputMethodManager      com.kcpd.myfolder                    I  handleMessage: setImeVisibility visible=false
2025-12-29 01:45:26.975  8122-8122  InsetsController        com.kcpd.myfolder                    D  hide(ime(), fromIme=false)
2025-12-29 01:45:26.975  8122-8122  ImeTracker              com.kcpd.myfolder                    I  com.kcpd.myfolder:56b3874e: onCancelled at PHASE_CLIENT_ALREADY_HIDDEN
2025-12-29 01:45:26.978  8122-8139  InputTransport          com.kcpd.myfolder                    D  Input channel constructed: 'ClientS', fd=155
2025-12-29 01:45:26.981  8122-8629  VaultManager            com.kcpd.myfolder                    I  Old password verified, old key ID: w9p6moYslJI=
2025-12-29 01:45:26.981  8122-8629  VaultManager            com.kcpd.myfolder                    I  STEP 2/8: Writing journal to disk
2025-12-29 01:45:26.985  8122-8629  VaultManager            com.kcpd.myfolder                    I  Password rotation journal written. Starting safe password change.
2025-12-29 01:45:26.985  8122-8629  VaultManager            com.kcpd.myfolder                    I  STEP 3/8: Deriving new master key from new password
2025-12-29 01:45:27.094  8122-8629  VaultManager            com.kcpd.myfolder                    I  New master key derived, new key ID: GKD4UEkqF9U=
2025-12-29 01:45:27.095  8122-8629  VaultManager            com.kcpd.myfolder                    I  STEP 4/8: Re-wrapping all file encryption keys (scanning all subdirectories)
2025-12-29 01:45:27.096  8122-8629  SecureFileManager       com.kcpd.myfolder                    I  Re-wrapping 2 files (scanned recursively)
2025-12-29 01:45:27.125  8122-8629  SecureFileManager       com.kcpd.myfolder                    D  Successfully re-wrapped: e49c5af5-d4c1-4784-b742-12e0b618f1b3.enc
2025-12-29 01:45:27.168  8122-8629  SecureFileManager       com.kcpd.myfolder                    D  Successfully re-wrapped: 8f0170f7-9601-446b-8049-c7a3892bbb4f.enc
2025-12-29 01:45:27.168  8122-8629  SecureFileManager       com.kcpd.myfolder                    I  Re-wrap complete: 2 succeeded, 0 failed
2025-12-29 01:45:27.168  8122-8629  VaultManager            com.kcpd.myfolder                    I  All file headers successfully re-wrapped
2025-12-29 01:45:27.169  8122-8629  VaultManager            com.kcpd.myfolder                    I  STEP 5/8: Re-wrapping encrypted database key (no full DB re-encryption)
2025-12-29 01:45:27.170  8122-8629  VaultManager            com.kcpd.myfolder                    I  Database key successfully re-wrapped
2025-12-29 01:45:27.170  8122-8629  VaultManager            com.kcpd.myfolder                    I  STEP 6/8: Closing database to flush changes to disk
2025-12-29 01:45:27.172  8122-8629  VaultManager            com.kcpd.myfolder                    I  Database closed and flushed to disk
2025-12-29 01:45:27.172  8122-8629  VaultManager            com.kcpd.myfolder                    I  STEP 7/8: Storing new master key (irreversible commit point)
2025-12-29 01:45:27.174  8122-8629  VaultManager            com.kcpd.myfolder                    I  New master key stored successfully
2025-12-29 01:45:27.174  8122-8629  VaultManager            com.kcpd.myfolder                    I  STEP 8/8: Clearing rotation journal
2025-12-29 01:45:27.174  8122-8629  VaultManager            com.kcpd.myfolder                    I  ✅ Password changed successfully! Journal cleared.
2025-12-29 01:45:27.182  8122-8122  Toast                   com.kcpd.myfolder                    I  show: caller = com.kcpd.myfolder.ui.auth.PasswordChangeScreenKt$PasswordChangeScreen$3$1$8$1$1.invokeSuspend:187 
2025-12-29 01:45:27.183  8122-8122  Toast                   com.kcpd.myfolder                    I  show: contextDispId = 0 mCustomDisplayId = -1 focusedDisplayId = 0 isActivityContext = true
2025-12-29 01:45:27.939  8122-8122  WindowManager           com.kcpd.myfolder                    I  WindowManagerGlobal#removeView, ty=2, view=com.android.internal.policy.DecorView{e07c2b4 V.E...... R....... 0,0-1080,2316 aid=1073741827}[MainActivity], caller=android.view.WindowManagerGlobal.removeView:654 android.view.WindowManagerImpl.removeViewImmediate:216 android.app.Dialog.dismissDialog:850 
2025-12-29 01:45:27.940  8122-8122  WindowOnBackDispatcher  com.kcpd.myfolder                    W  sendCancelIfRunning: isInProgress=false callback=androidx.compose.material3.ModalBottomSheetDialogLayout$Api34Impl$createBackCallback$1@986a99e
2025-12-29 01:45:27.944  8122-8122  VRI[MainAc...y]@1d8eedd com.kcpd.myfolder                    I  dispatchDetachedFromWindow
2025-12-29 01:45:27.952  8122-8122  InputTransport          com.kcpd.myfolder                    D  Input channel destroyed: '8b256c7', fd=150
2025-12-29 01:45:27.983  8122-8122  ImeTracker              com.kcpd.myfolder                    I  com.kcpd.myfolder:685c7e33: onRequestHide at ORIGIN_CLIENT reason HIDE_SOFT_INPUT fromUser false
2025-12-29 01:45:27.983  8122-8122  InputMethodManager_LC   com.kcpd.myfolder                    I  hsifw() - flag : 0
2025-12-29 01:45:27.983  8122-8122  ImeTracker              com.kcpd.myfolder                    I  com.kcpd.myfolder:685c7e33: onFailed at PHASE_CLIENT_VIEW_SERVED
2025-12-29 01:45:27.983  8122-8122  InputMethodManager      com.kcpd.myfolder                    I  hsifw() ignored windowToken=android.view.ViewRootImpl$W@af407db servedView=null mDisplayId=0
2025-12-29 01:45:27.983  8122-8122  InsetsController        com.kcpd.myfolder                    D  hide(ime(), fromIme=false)
2025-12-29 01:45:27.983  8122-8122  ImeTracker              com.kcpd.myfolder                    I  com.kcpd.myfolder:f91eb6c5: onRequestHide at ORIGIN_CLIENT reason HIDE_SOFT_INPUT_BY_INSETS_API fromUser false
2025-12-29 01:45:27.983  8122-8122  ImeTracker              com.kcpd.myfolder                    I  com.kcpd.myfolder:f91eb6c5: onCancelled at PHASE_CLIENT_ALREADY_HIDDEN
2025-12-29 01:45:27.985  8122-8122  InsetsController        com.kcpd.myfolder                    I  onStateChanged: host=com.kcpd.myfolder/com.kcpd.myfolder.MainActivity, from=android.view.ViewRootImpl.onInsetsStateChanged:3026, state=InsetsState: {mDisplayFrame=Rect(0, 0 - 1080, 2316), mDisplayCutout=DisplayCutout{insets=Rect(0, 75 - 0, 0) waterfall=Insets{left=0, top=0, right=0, bottom=0} boundingRect={Bounds=[Rect(0, 0 - 0, 0), Rect(513, 0 - 567, 75), Rect(0, 0 - 0, 0), Rect(0, 0 - 0, 0)]} cutoutPathParserInfo={CutoutPathParserInfo{displayWidth=1080 displayHeight=2316 physicalDisplayWidth=1080 physicalDisplayHeight=2316 density={2.8125} cutoutSpec={M 0,0 H -9.466666666666667 V 26.66666666666667‬ H 9.466666666666667 V 0 H 0 Z @dp} rotation={0} scale={1.0} physicalPixelDisplaySizeRatio={1.0}}} sideOverrides={}}, mRoundedCorners=RoundedCorners{[RoundedCorner{position=TopLeft, radius=9, center=Point(9, 9)}, RoundedCorner{position=TopRight, radius=9, center=Point(1071, 9)}, RoundedCorner{position=BottomRight, radius=9, center=Point(1071, 2307)}, RoundedCorner{position=BottomLeft, radius=9, center=Point(9, 2307)}]}  mRoundedCornerFrame=Rect(0, 0 - 1080, 2316), mPrivacyIndicatorBounds=PrivacyIndicatorBounds {static bounds=Rect(977, 0 - 1080, 75) rotation=0}, mDisplayShape=DisplayShape{ spec=-311912193 displayWidth=1080 displayHeight=2316 physicalPixelDisplaySizeRatio=0.75 rotation=0 offsetX=0 offsetY=0 scale=1.0}, mSources= { InsetsSource: {c2d00000 mType=statusBars mFrame=[0,0][1080,75] mVisible=true mFlags= mSideHint=TOP mBoundingRects=null}, InsetsSource: {c2d00005 mType=mandatorySystemGestures mFrame=[0,0][1080,103] mVisible=true mFlags= mSideHint=TOP mBoundingRects=null}, InsetsSource: {c2d00006 mType=tappableElement mFrame=[0,0][1080,75] mVisible=true mFlags= mSideHint=TOP mBoundingRects=null}, InsetsSource: {27 mType=displayCutout mFrame=[0,0][1080,75] mVisible=true mFlags= mSideHint=TOP mBoundingRects=null}, InsetsSource: {63440001 mType=navigationBars mFrame=[0,2281][1080,2316] mVisible=true mFlags=SUPPRESS_SCRIM mSideHint=BOTTOM mBoundingRects=null}, InsetsSource: {63440004 mType=systemGestures mFrame=[0,0][70,2316] mVisible=true mFlags= mSideHint=LEFT mBoundingRects=null}, InsetsSource: {63440005 mType=mandatorySystemGestures mFrame=[0,2241][1080,2316] mVisible=true mFlags= mSideHint=BOTTOM mBoundingRects=null}, InsetsSource: {63440006 mType=tappableElement mFrame=[0,0][0,0] mVisible=true mFlags= mSideHint=NONE mBoundingRects=null}, InsetsSource: {63440024 mType=systemGestures mFrame=[1010,0][1080,2316] mVisible=true mFlags= mSideHint=RIGHT mBoundingRects=null} }
2025-12-29 01:45:27.985  8122-8122  InsetsSourceConsumer    com.kcpd.myfolder                    I  applyRequestedVisibilityToControl: visible=true, type=navigationBars, host=com.kcpd.myfolder/com.kcpd.myfolder.MainActivity
2025-12-29 01:45:27.985  8122-8122  InsetsSourceConsumer    com.kcpd.myfolder                    I  applyRequestedVisibilityToControl: visible=true, type=statusBars, host=com.kcpd.myfolder/com.kcpd.myfolder.MainActivity
2025-12-29 01:45:27.986  8122-8122  VRI[MainAc...y]@af407db com.kcpd.myfolder                    D  mThreadedRenderer.initializeIfNeeded()#2 mSurface={isValid=true 0xb4000076dea7ca00}
2025-12-29 01:45:27.986  8122-8122  InputMethodManagerUtils com.kcpd.myfolder                    D  startInputInner - Id : 0
2025-12-29 01:45:27.986  8122-8122  InputMethodManager      com.kcpd.myfolder                    I  startInputInner - IInputMethodManagerGlobalInvoker.startInputOrWindowGainedFocus
2025-12-29 01:45:27.989  8122-8122  InputMethodManager      com.kcpd.myfolder                    I  handleMessage: setImeVisibility visible=false
2025-12-29 01:45:27.989  8122-8122  InsetsController        com.kcpd.myfolder                    D  hide(ime(), fromIme=false)
2025-12-29 01:45:27.989  8122-8122  ImeTracker              com.kcpd.myfolder                    I  com.kcpd.myfolder:354a6b4f: onCancelled at PHASE_CLIENT_ALREADY_HIDDEN
2025-12-29 01:45:27.991  8122-8713  InputTransport          com.kcpd.myfolder                    D  Input channel constructed: 'ClientS', fd=145
2025-12-29 01:45:28.061  1861-1861  SurfaceFlinger          surfaceflinger                       E  alpha changed 0.016 -> 0.000 - Surface(name=8b256c7 com.kcpd.myfolder/com.kcpd.myfolder.MainActivity)/@0x5b9b0db - animation-leash of window_animation#12467
2025-12-29 01:45:28.255  2892-3247  WindowManager           system_server                        E  win=Window{8b256c7 u0 com.kcpd.myfolder/com.kcpd.myfolder.MainActivity EXITING} destroySurfaces: appStopped=false cleanupOnResume=false win.mWindowRemovalAllowed=true win.mRemoveOnExit=true win.mViewVisibility=0 caller=com.android.server.wm.WindowState.onExitAnimationDone:224 com.android.server.wm.WindowState.onAnimationFinished:161 com.android.server.wm.WindowContainer$$ExternalSyntheticLambda8.onAnimationFinished:3 com.android.server.wm.SurfaceAnimator$$ExternalSyntheticLambda0.onAnimationFinished:69 com.android.server.wm.LocalAnimationAdapter$$ExternalSyntheticLambda0.run:10 android.os.Handler.handleCallback:995 android.os.Handler.dispatchMessage:103 
2025-12-29 01:45:29.870  8122-8122  VRI[MainAc...y]@af407db com.kcpd.myfolder                    I  call setFrameRateCategory for touch hint category=no preference, reason=boost timeout, vri=VRI[MainActivity]@af407db
2025-12-29 01:45:50.348  8122-8122  VRI[MainAc...y]@af407db com.kcpd.myfolder                    I  ViewPostIme pointer 0
2025-12-29 01:45:50.353  8122-8122  VRI[MainAc...y]@af407db com.kcpd.myfolder                    I  call setFrameRateCategory for touch hint category=high hint, reason=touch, vri=VRI[MainActivity]@af407db
2025-12-29 01:45:50.394  8122-8122  VRI[MainAc...y]@af407db com.kcpd.myfolder                    I  ViewPostIme pointer 1
2025-12-29 01:45:50.401  8122-8122  WindowOnBackDispatcher  com.kcpd.myfolder                    W  sendCancelIfRunning: isInProgress=false callback=androidx.activity.OnBackPressedDispatcher$Api34Impl$createOnBackAnimationCallback$1@698a274
2025-12-29 01:45:50.468  8122-8122  HomeScreen              com.kcpd.myfolder                    D  ═══════════════════════════════════════
2025-12-29 01:45:50.468  8122-8122  HomeScreen              com.kcpd.myfolder                    D  🏠 HOME SCREEN v2.0 LOADED 🏠
2025-12-29 01:45:50.468  8122-8122  HomeScreen              com.kcpd.myfolder                    D  Build Time: 2025-12-29 01:45:50
2025-12-29 01:45:50.468  8122-8122  HomeScreen              com.kcpd.myfolder                    D  Photo orientation: Tella approach (pre-rotate before encryption)
2025-12-29 01:45:50.468  8122-8122  HomeScreen              com.kcpd.myfolder                    D  Camera controls: Bottom layout
2025-12-29 01:45:50.468  8122-8122  HomeScreen              com.kcpd.myfolder                    D  ═══════════════════════════════════════
2025-12-29 01:45:51.285  8122-8122  VRI[MainAc...y]@af407db com.kcpd.myfolder                    I  ViewPostIme pointer 0
2025-12-29 01:45:51.409  8122-8122  VRI[MainAc...y]@af407db com.kcpd.myfolder                    I  ViewPostIme pointer 1
2025-12-29 01:45:51.427  8122-8122  FolderScreen            com.kcpd.myfolder                    D  Category: ALL_FILES
2025-12-29 01:45:51.427  8122-8122  FolderScreen            com.kcpd.myfolder                    D  MediaFiles count: 0
2025-12-29 01:45:51.427  8122-8122  FolderScreen            com.kcpd.myfolder                    D  Uploading files: 0 files: []
2025-12-29 01:45:51.455  8122-8122  FolderViewModel         com.kcpd.myfolder                    D  Category: All Files, FolderId: null, Query: 
2025-12-29 01:45:51.455  8122-8122  FolderViewModel         com.kcpd.myfolder                    D  Total files for category: 2, Filtered: 2
2025-12-29 01:45:51.457  8122-8122  FolderScreen            com.kcpd.myfolder                    D  Category: ALL_FILES
2025-12-29 01:45:51.457  8122-8122  FolderScreen            com.kcpd.myfolder                    D  MediaFiles count: 2
2025-12-29 01:45:51.457  8122-8122  FolderScreen            com.kcpd.myfolder                    D  Uploading files: 0 files: []
2025-12-29 01:45:51.457  8122-8122  FolderScreen            com.kcpd.myfolder                    D  [0] File: 20251226_124609.jpg, Type: PHOTO, Path: /data/user/0/com.kcpd.myfolder/files/secure_media/photos/8f0170f7-9601-446b-8049-c7a3892bbb4f.enc
2025-12-29 01:45:51.457  8122-8122  FolderScreen            com.kcpd.myfolder                    D  [1] File: MEDIA_20251228_175812.jpg, Type: PHOTO, Path: /data/user/0/com.kcpd.myfolder/files/secure_media/photos/e49c5af5-d4c1-4784-b742-12e0b618f1b3.enc
2025-12-29 01:45:51.467  8122-8122  FolderScreen_List       com.kcpd.myfolder                    D  Rendering list item [0]: 20251226_124609.jpg
2025-12-29 01:45:51.472  8122-8316  Kumiho-Kumiho           com.kcpd.myfolder                    I  getPackageName: com.kcpd.myfolder
2025-12-29 01:45:51.472  8122-8316  MemoryEfficientDecoder  com.kcpd.myfolder                    D  Original image size: 125x70
2025-12-29 01:45:51.472  8122-8316  MemoryEfficientDecoder  com.kcpd.myfolder                    D  Target size: 113x113, Sample size: 1
2025-12-29 01:45:51.472  8122-8316  Kumiho-Kumiho           com.kcpd.myfolder                    I  getPackageName: com.kcpd.myfolder
2025-12-29 01:45:51.473  8122-8122  FolderScreen_List       com.kcpd.myfolder                    D  Rendering list item [1]: MEDIA_20251228_175812.jpg
2025-12-29 01:45:51.473  8122-8316  Kumiho-Kumiho           com.kcpd.myfolder                    I  getPackageName: com.kcpd.myfolder
2025-12-29 01:45:51.473  8122-8316  MemoryEfficientDecoder  com.kcpd.myfolder                    D  Decoded to 125x70 (17KB) in 2ms
2025-12-29 01:45:51.477  8122-8316  Kumiho-Kumiho           com.kcpd.myfolder                    I  getPackageName: com.kcpd.myfolder
2025-12-29 01:45:51.478  8122-8316  MemoryEfficientDecoder  com.kcpd.myfolder                    D  Original image size: 85x114
2025-12-29 01:45:51.478  8122-8316  MemoryEfficientDecoder  com.kcpd.myfolder                    D  Target size: 113x113, Sample size: 1
2025-12-29 01:45:51.478  8122-8316  Kumiho-Kumiho           com.kcpd.myfolder                    I  getPackageName: com.kcpd.myfolder
2025-12-29 01:45:51.478  8122-8316  Kumiho-Kumiho           com.kcpd.myfolder                    I  getPackageName: com.kcpd.myfolder
2025-12-29 01:45:51.478  8122-8316  MemoryEfficientDecoder  com.kcpd.myfolder                    D  Decoded to 85x114 (18KB) in 1ms
2025-12-29 01:45:52.312  8122-8122  VRI[MainAc...y]@af407db com.kcpd.myfolder                    I  ViewPostIme pointer 0
2025-12-29 01:45:52.401  8122-8122  VRI[MainAc...y]@af407db com.kcpd.myfolder                    I  ViewPostIme pointer 1
2025-12-29 01:45:52.403  8122-8122  FolderScreen_List       com.kcpd.myfolder                    D  List item clicked: index=1, file=MEDIA_20251228_175812.jpg
2025-12-29 01:45:52.404  8122-8122  Navigation              com.kcpd.myfolder                    D  onMediaClick called: index=1, fileId=4b4e88dc-d857-4baf-8eaf-075f82e354e3, file=MEDIA_20251228_175812.jpg, actualType=PHOTO, category=all
2025-12-29 01:45:52.404  8122-8122  Navigation              com.kcpd.myfolder                    D  Navigating to photo viewer: photo_viewer/1?category=all&fileId=4b4e88dc-d857-4baf-8eaf-075f82e354e3
2025-12-29 01:45:52.436  8122-8122  PhotoViewerScreen       com.kcpd.myfolder                    D  PhotoViewerScreen created: initialIndex=1, category=all, fileId=4b4e88dc-d857-4baf-8eaf-075f82e354e3
2025-12-29 01:45:52.436  8122-8122  PhotoViewerScreen       com.kcpd.myfolder                    D  All media files count: 2
2025-12-29 01:45:52.436  8122-8122  PhotoViewerScreen       com.kcpd.myfolder                    D  Filtered photo files count: 2
2025-12-29 01:45:52.436  8122-8122  PhotoViewerScreen       com.kcpd.myfolder                    D  [0] Photo: 20251226_124609.jpg, path: /data/user/0/com.kcpd.myfolder/files/secure_media/photos/8f0170f7-9601-446b-8049-c7a3892bbb4f.enc
2025-12-29 01:45:52.436  8122-8122  PhotoViewerScreen       com.kcpd.myfolder                    D  [1] Photo: MEDIA_20251228_175812.jpg, path: /data/user/0/com.kcpd.myfolder/files/secure_media/photos/e49c5af5-d4c1-4784-b742-12e0b618f1b3.enc
2025-12-29 01:45:52.436  8122-8122  PhotoViewerScreen       com.kcpd.myfolder                    D  Found file by ID at index 1
2025-12-29 01:45:52.439  8122-8122  PhotoViewerScreen       com.kcpd.myfolder                    D  PagerState: initialPage=1, pageCount=2
2025-12-29 01:45:52.460  8122-8122  PhotoViewerScreen       com.kcpd.myfolder                    D  Rendering page: 1
2025-12-29 01:45:52.460  8122-8122  PhotoViewerScreen       com.kcpd.myfolder                    D  Photo file for page 1: MEDIA_20251228_175812.jpg
2025-12-29 01:45:52.460  8122-8122  ZoomableImage           com.kcpd.myfolder                    D  Creating image model for: MEDIA_20251228_175812.jpg
2025-12-29 01:45:52.463  8122-8251  EncryptedFileFetcher    com.kcpd.myfolder                    D  Fetching: MEDIA_20251228_175812.jpg
2025-12-29 01:45:52.463  8122-8251  EncryptedFileFetcher    com.kcpd.myfolder                    D  Encrypted path: /data/user/0/com.kcpd.myfolder/files/secure_media/photos/e49c5af5-d4c1-4784-b742-12e0b618f1b3.enc
2025-12-29 01:45:52.463  8122-8251  EncryptedFileFetcher    com.kcpd.myfolder                    D  Encrypted file exists, size: 3169765 bytes
2025-12-29 01:45:52.464  8122-8251  EncryptedFileFetcher    com.kcpd.myfolder                    D  Streaming decryption started for: MEDIA_20251228_175812.jpg
2025-12-29 01:45:52.465  8122-8251  Kumiho-Kumiho           com.kcpd.myfolder                    W  isSupportedFormat: Format is not supported
2025-12-29 01:45:52.466  8122-8251  HWUI                    com.kcpd.myfolder                    D  --- Failed to create image decoder with message 'unimplemented'
2025-12-29 01:45:52.466  8122-8251  MemoryEfficientDecoder  com.kcpd.myfolder                    D  Original image size: -1x-1
2025-12-29 01:45:52.466  8122-8251  MemoryEfficientDecoder  com.kcpd.myfolder                    D  Target size: 1080x2316, Sample size: 1
2025-12-29 01:45:52.466  8122-8251  Kumiho-Kumiho           com.kcpd.myfolder                    W  isSupportedFormat: Format is not supported
2025-12-29 01:45:52.466  8122-8251  HWUI                    com.kcpd.myfolder                    D  --- Failed to create image decoder with message 'unimplemented'
2025-12-29 01:45:52.467  8122-8122  BLASTBufferQueue_Java   com.kcpd.myfolder                    I  update, w= 1080 h= 2316 mName = VRI[MainActivity]@af407db mNativeObject= 0xb400007680e59000 sc.mNativeObject= 0xb4000077247a9c80 format= -1 caller= android.view.ViewRootImpl.updateBlastSurfaceIfNeeded:3574 android.view.ViewRootImpl.relayoutWindow:11685 android.view.ViewRootImpl.performTraversals:4804 android.view.ViewRootImpl.doTraversal:3924 android.view.ViewRootImpl$TraversalRunnable.run:12903 android.view.Choreographer$CallbackRecord.run:1901 
2025-12-29 01:45:52.467  8122-8122  VRI[MainAc...y]@af407db com.kcpd.myfolder                    I  Relayout returned: old=(0,0,1080,2316) new=(0,0,1080,2316) relayoutAsync=true req=(1080,2316)0 dur=0 res=0x0 s={true 0xb4000076dea7ca00} ch=false seqId=0
2025-12-29 01:45:52.469  8122-8122  VRI[MainAc...y]@af407db com.kcpd.myfolder                    I  registerCallbackForPendingTransactions
2025-12-29 01:45:52.473  8122-8152  VRI[MainAc...y]@af407db com.kcpd.myfolder                    I  mWNT: t=0xb400007680e90b00 mBlastBufferQueue=0xb400007680e59000 fn= 948 HdrRenderState mRenderHdrSdrRatio=1.0 caller= android.view.ViewRootImpl$10.onFrameDraw:6536 android.view.ViewRootImpl$4.onFrameDraw:2489 android.view.ThreadedRenderer$1.onFrameDraw:718 
2025-12-29 01:45:53.175  8122-8132  InputTransport          com.kcpd.myfolder                    D  Input channel destroyed: 'ClientS', fd=145
2025-12-29 01:45:53.176  8122-8132  InputTransport          com.kcpd.myfolder                    D  Input channel destroyed: 'ClientS', fd=155
2025-12-29 01:45:53.176  8122-8132  InputTransport          com.kcpd.myfolder                    D  Input channel destroyed: 'ClientS', fd=137
2025-12-29 01:45:54.804  8122-8122  VRI[MainAc...y]@af407db com.kcpd.myfolder                    I  ViewPostIme pointer 0
2025-12-29 01:45:54.900  8122-8122  VRI[MainAc...y]@af407db com.kcpd.myfolder                    I  ViewPostIme pointer 1
2025-12-29 01:45:54.920  8122-8122  FolderScreen            com.kcpd.myfolder                    D  Category: ALL_FILES
2025-12-29 01:45:54.920  8122-8122  FolderScreen            com.kcpd.myfolder                    D  MediaFiles count: 2
2025-12-29 01:45:54.920  8122-8122  FolderScreen            com.kcpd.myfolder                    D  Uploading files: 0 files: []
2025-12-29 01:45:54.920  8122-8122  FolderScreen            com.kcpd.myfolder                    D  [0] File: 20251226_124609.jpg, Type: PHOTO, Path: /data/user/0/com.kcpd.myfolder/files/secure_media/photos/8f0170f7-9601-446b-8049-c7a3892bbb4f.enc
2025-12-29 01:45:54.920  8122-8122  FolderScreen            com.kcpd.myfolder                    D  [1] File: MEDIA_20251228_175812.jpg, Type: PHOTO, Path: /data/user/0/com.kcpd.myfolder/files/secure_media/photos/e49c5af5-d4c1-4784-b742-12e0b618f1b3.enc
2025-12-29 01:45:54.948  8122-8122  FolderScreen_List       com.kcpd.myfolder                    D  Rendering list item [0]: 20251226_124609.jpg
2025-12-29 01:45:54.955  8122-8251  Kumiho-Kumiho           com.kcpd.myfolder                    I  getPackageName: com.kcpd.myfolder
2025-12-29 01:45:54.955  8122-8251  MemoryEfficientDecoder  com.kcpd.myfolder                    D  Original image size: 125x70
2025-12-29 01:45:54.955  8122-8251  MemoryEfficientDecoder  com.kcpd.myfolder                    D  Target size: 113x113, Sample size: 1
2025-12-29 01:45:54.955  8122-8251  Kumiho-Kumiho           com.kcpd.myfolder                    I  getPackageName: com.kcpd.myfolder
2025-12-29 01:45:54.956  8122-8251  Kumiho-Kumiho           com.kcpd.myfolder                    I  getPackageName: com.kcpd.myfolder
2025-12-29 01:45:54.956  8122-8122  FolderScreen_List       com.kcpd.myfolder                    D  Rendering list item [1]: MEDIA_20251228_175812.jpg
2025-12-29 01:45:54.956  8122-8251  MemoryEfficientDecoder  com.kcpd.myfolder                    D  Decoded to 125x70 (17KB) in 2ms
2025-12-29 01:45:54.961  8122-8251  Kumiho-Kumiho           com.kcpd.myfolder                    I  getPackageName: com.kcpd.myfolder
2025-12-29 01:45:54.961  8122-8251  MemoryEfficientDecoder  com.kcpd.myfolder                    D  Original image size: 85x114
2025-12-29 01:45:54.961  8122-8251  MemoryEfficientDecoder  com.kcpd.myfolder                    D  Target size: 113x113, Sample size: 1
2025-12-29 01:45:54.962  8122-8251  Kumiho-Kumiho           com.kcpd.myfolder                    I  getPackageName: com.kcpd.myfolder
2025-12-29 01:45:54.962  8122-8251  Kumiho-Kumiho           com.kcpd.myfolder                    I  getPackageName: com.kcpd.myfolder
2025-12-29 01:45:54.962  8122-8251  MemoryEfficientDecoder  com.kcpd.myfolder                    D  Decoded to 85x114 (18KB) in 1ms
2025-12-29 01:45:55.659  8122-8122  BLASTBufferQueue_Java   com.kcpd.myfolder                    I  update, w= 1080 h= 2316 mName = VRI[MainActivity]@af407db mNativeObject= 0xb400007680e59000 sc.mNativeObject= 0xb4000077247a9c80 format= -1 caller= android.view.ViewRootImpl.updateBlastSurfaceIfNeeded:3574 android.view.ViewRootImpl.relayoutWindow:11685 android.view.ViewRootImpl.performTraversals:4804 android.view.ViewRootImpl.doTraversal:3924 android.view.ViewRootImpl$TraversalRunnable.run:12903 android.view.Choreographer$CallbackRecord.run:1901 
2025-12-29 01:45:55.659  8122-8122  VRI[MainAc...y]@af407db com.kcpd.myfolder                    I  Relayout returned: old=(0,0,1080,2316) new=(0,0,1080,2316) relayoutAsync=true req=(1080,2316)0 dur=0 res=0x0 s={true 0xb4000076dea7ca00} ch=false seqId=0
2025-12-29 01:45:55.659  8122-8122  VRI[MainAc...y]@af407db com.kcpd.myfolder                    I  registerCallbackForPendingTransactions
2025-12-29 01:45:55.660  8122-8151  VRI[MainAc...y]@af407db com.kcpd.myfolder                    I  mWNT: t=0xb4000076dee4ba00 mBlastBufferQueue=0xb400007680e59000 fn= 1116 HdrRenderState mRenderHdrSdrRatio=1.0 caller= android.view.ViewRootImpl$10.onFrameDraw:6536 android.view.ViewRootImpl$4.onFrameDraw:2489 android.view.ThreadedRenderer$1.onFrameDraw:718 
2025-12-29 01:45:57.905  8122-8122  VRI[MainAc...y]@af407db com.kcpd.myfolder                    I  call setFrameRateCategory for touch hint category=no preference, reason=boost timeout, vri=VRI[MainActivity]@af407db
2025-12-29 01:46:02.922  8122-8122  VRI[MainAc...y]@af407db com.kcpd.myfolder                    I  ViewPostIme pointer 0
2025-12-29 01:46:02.927  8122-8122  VRI[MainAc...y]@af407db com.kcpd.myfolder                    I  call setFrameRateCategory for touch hint category=high hint, reason=touch, vri=VRI[MainActivity]@af407db
2025-12-29 01:46:03.142  8122-8122  ImeFocusController      com.kcpd.myfolder                    I  onPreWindowFocus: skipped hasWindowFocus=false mHasImeFocus=true
2025-12-29 01:46:03.143  8122-8122  ImeFocusController      com.kcpd.myfolder                    I  onPostWindowFocus: skipped hasWindowFocus=false mHasImeFocus=true
2025-12-29 01:46:03.919  8122-8122  WindowOnBackDispatcher  com.kcpd.myfolder                    W  sendCancelIfRunning: isInProgress=false callback=androidx.activity.OnBackPressedDispatcher$Api34Impl$createOnBackAnimationCallback$1@698a274
2025-12-29 01:46:03.921  8122-8122  VRI[MainAc...y]@af407db com.kcpd.myfolder                    I  stopped(true) old = false
2025-12-29 01:46:03.921  8122-8122  VRI[MainAc...y]@af407db com.kcpd.myfolder                    D  WindowStopped on com.kcpd.myfolder/com.kcpd.myfolder.MainActivity set to true
2025-12-29 01:46:03.922  8122-8148  HWUI                    com.kcpd.myfolder                    D  CacheManager::trimMemory(20)
2025-12-29 01:46:03.932  8122-8122  InputTransport          com.kcpd.myfolder                    D  Input channel destroyed: 'ClientS', fd=147
2025-12-29 01:46:03.939  8122-8148  HWUI                    com.kcpd.myfolder                    D  CacheManager::trimMemory(20)
2025-12-29 01:46:03.944  8122-8122  VRI[MainAc...y]@af407db com.kcpd.myfolder                    I  Relayout returned: old=(0,0,1080,2316) new=(0,0,1080,2316) relayoutAsync=false req=(1080,2316)4 dur=3 res=0x2 s={false 0x0} ch=false seqId=0
2025-12-29 01:46:03.944  8122-8122  VRI[MainAc...y]@af407db com.kcpd.myfolder                    D  Not drawing due to not visible. Reason=View.INVISIBLE
2025-12-29 01:46:03.944  8122-8122  MyFolderApp             com.kcpd.myfolder                    W  Trim memory (moderate) - trimming 50% of cache
2025-12-29 01:46:03.944  8122-8148  HWUI                    com.kcpd.myfolder                    D  CacheManager::trimMemory(20)
2025-12-29 01:46:03.946  2892-6921  WindowManager           system_server                        E  win=Window{1e08a7 u0 com.kcpd.myfolder/com.kcpd.myfolder.MainActivity} destroySurfaces: appStopped=true cleanupOnResume=false win.mWindowRemovalAllowed=false win.mRemoveOnExit=false win.mViewVisibility=4 caller=com.android.server.wm.ActivityRecord.destroySurfaces:25 com.android.server.wm.ActivityRecord.activityStopped:192 com.android.server.wm.ActivityClientController.activityStopped:97 android.app.IActivityClientController$Stub.onTransact:740 com.android.server.wm.ActivityClientController.onTransact:1 android.os.Binder.execTransactInternal:1462 android.os.Binder.execTransact:1401 
2025-12-29 01:46:03.947  8122-8122  VRI[MainAc...y]@af407db com.kcpd.myfolder                    I  handleAppVisibility mAppVisible = true visible = false
2025-12-29 01:46:03.950  8122-8122  BBA2                    com.kcpd.myfolder                    D  setIsFg isFg = false; delayValue 3999ms
---------------------------- PROCESS ENDED (8122) for package com.kcpd.myfolder ----------------------------
2025-12-29 01:46:04.745 20997-20997 AppInfoDashboard        com.android.settings                 E  Package: com.kcpd.myfolder not found for user: 150
---------------------------- PROCESS STARTED (9061) for package com.kcpd.myfolder ----------------------------
2025-12-29 01:46:05.417  9061-9061  nativeloader            com.kcpd.myfolder                    D  Load libframework-connectivity-tiramisu-jni.so using APEX ns com_android_tethering for caller /apex/com.android.tethering/javalib/framework-connectivity-t.jar: ok
2025-12-29 01:46:05.419  9061-9061  ActivityThread          com.kcpd.myfolder                    D  setConscryptValidator
2025-12-29 01:46:05.419  9061-9061  ActivityThread          com.kcpd.myfolder                    D  setConscryptValidator - put
2025-12-29 01:46:05.430  9061-9061  nativeloader            com.kcpd.myfolder                    D  Load /data/user/0/com.kcpd.myfolder/code_cache/startup_agents/65318d08-agent.so using system ns (caller=<unknown>): ok
2025-12-29 01:46:05.434  9061-9061  m.kcpd.myfolder         com.kcpd.myfolder                    W  hiddenapi: DexFile /data/data/com.kcpd.myfolder/code_cache/.studio/instruments-873176f2.jar is in boot class path but is not in a known location
2025-12-29 01:46:05.493  9061-9061  m.kcpd.myfolder         com.kcpd.myfolder                    W  Redefining intrinsic method java.lang.Thread java.lang.Thread.currentThread(). This may cause the unexpected use of the original definition of java.lang.Thread java.lang.Thread.currentThread()in methods that have already been compiled.
2025-12-29 01:46:05.494  9061-9061  m.kcpd.myfolder         com.kcpd.myfolder                    W  Redefining intrinsic method boolean java.lang.Thread.interrupted(). This may cause the unexpected use of the original definition of boolean java.lang.Thread.interrupted()in methods that have already been compiled.
2025-12-29 01:46:05.503  9061-9061  nativeloader            com.kcpd.myfolder                    D  Configuring clns-9 for other apk /system/framework/sec_camerax_impl.jar. target_sdk_version=35, uses_libraries=ALL, library_path=/data/app/~~ZkC1DqK5KraWNLgXLeO8Sw==/com.kcpd.myfolder-4TcAB3TvKcOMkOIOHTdD4w==/lib/arm64:/data/app/~~ZkC1DqK5KraWNLgXLeO8Sw==/com.kcpd.myfolder-4TcAB3TvKcOMkOIOHTdD4w==/base.apk!/lib/arm64-v8a, permitted_path=/data:/mnt/expand:/data/user/0/com.kcpd.myfolder
2025-12-29 01:46:05.504  9061-9061  nativeloader            com.kcpd.myfolder                    D  Extending system_exposed_libraries: libhumantracking.arcsoft.so:libface_recognition.arcsoft.so:libpic_best.arcsoft.so:libPortraitDistortionCorrection.arcsoft.so:libPortraitDistortionCorrectionCali.arcsoft.so:libface_landmark.arcsoft.so:libFacialStickerEngine.arcsoft.so:libfrtracking_engine.arcsoft.so:libFaceRecognition.arcsoft.so:libveengine.arcsoft.so:lib_pet_detection.arcsoft.so:libae_bracket_hdr.arcsoft.so:libaiclearzoom_raw.arcsoft.so:libacz_hhdr.arcsoft.so:libhybrid_high_dynamic_range.arcsoft.so:libimage_enhancement.arcsoft.so:libmacroclearshot_raw.arcsoft.so:libsuperresolution_raw.arcsoft.so:libFacialAttributeDetection.arcsoft.so:libobjectcapture_jni.arcsoft.so:libobjectcapture.arcsoft.so:libaudiomirroring_jni.audiomirroring.samsung.so:libBeauty_v4.camera.samsung.so:libexifa.camera.samsung.so:libjpega.camera.samsung.so:libOpenCv.camera.samsung.so:libaifrcInterface.camera.samsung.so:libBestPhoto.camera.samsung.so:libC2paDps.camera.samsung.so:libVideoClassifier.camera.samsung.so:libImageScreener.camera.s
2025-12-29 01:46:05.930  9061-9061  nativeloader            com.kcpd.myfolder                    D  Configuring clns-10 for other apk /data/app/~~ZkC1DqK5KraWNLgXLeO8Sw==/com.kcpd.myfolder-4TcAB3TvKcOMkOIOHTdD4w==/base.apk. target_sdk_version=35, uses_libraries=, library_path=/data/app/~~ZkC1DqK5KraWNLgXLeO8Sw==/com.kcpd.myfolder-4TcAB3TvKcOMkOIOHTdD4w==/lib/arm64:/data/app/~~ZkC1DqK5KraWNLgXLeO8Sw==/com.kcpd.myfolder-4TcAB3TvKcOMkOIOHTdD4w==/base.apk!/lib/arm64-v8a, permitted_path=/data:/mnt/expand:/data/user/0/com.kcpd.myfolder
2025-12-29 01:46:05.931  9061-9061  CompatChangeReporter    com.kcpd.myfolder                    D  Compat change id reported: 202956589; UID 10916; state: ENABLED
2025-12-29 01:46:05.935  9061-9061  GraphicsEnvironment     com.kcpd.myfolder                    V  Currently set values for:
2025-12-29 01:46:05.935  9061-9061  GraphicsEnvironment     com.kcpd.myfolder                    V    angle_gl_driver_selection_pkgs=[]
2025-12-29 01:46:05.935  9061-9061  GraphicsEnvironment     com.kcpd.myfolder                    V    angle_gl_driver_selection_values=[]
2025-12-29 01:46:05.935  9061-9061  GraphicsEnvironment     com.kcpd.myfolder                    V  com.kcpd.myfolder is not listed in per-application setting
2025-12-29 01:46:05.936  9061-9061  GraphicsEnvironment     com.kcpd.myfolder                    V  ANGLE allowlist from config: 
2025-12-29 01:46:05.936  9061-9061  GraphicsEnvironment     com.kcpd.myfolder                    V  com.kcpd.myfolder is not listed in ANGLE allowlist or settings, returning default
2025-12-29 01:46:05.936  9061-9061  GraphicsEnvironment     com.kcpd.myfolder                    V  App is not on the allowlist for updatable production driver.
2025-12-29 01:46:05.960  9061-9061  CompatChangeReporter    com.kcpd.myfolder                    D  Compat change id reported: 279646685; UID 10916; state: ENABLED
2025-12-29 01:46:05.985  9061-9061  nativeloader            com.kcpd.myfolder                    D  Load /data/app/~~ZkC1DqK5KraWNLgXLeO8Sw==/com.kcpd.myfolder-4TcAB3TvKcOMkOIOHTdD4w==/base.apk!/lib/arm64-v8a/libargon2jni.so using class loader ns clns-10 (caller=/data/app/~~ZkC1DqK5KraWNLgXLeO8Sw==/com.kcpd.myfolder-4TcAB3TvKcOMkOIOHTdD4w==/base.apk!classes18.dex): ok
2025-12-29 01:46:06.001  9061-9061  MyFolderApp             com.kcpd.myfolder                    D  Woodstox XML loaded successfully: com.ctc.wstx.stax.WstxInputFactory
2025-12-29 01:46:06.003  9061-9061  nativeloader            com.kcpd.myfolder                    D  Load /data/app/~~ZkC1DqK5KraWNLgXLeO8Sw==/com.kcpd.myfolder-4TcAB3TvKcOMkOIOHTdD4w==/base.apk!/lib/arm64-v8a/libsqlcipher.so using class loader ns clns-10 (caller=/data/app/~~ZkC1DqK5KraWNLgXLeO8Sw==/com.kcpd.myfolder-4TcAB3TvKcOMkOIOHTdD4w==/base.apk!classes19.dex): ok
2025-12-29 01:46:06.059  9061-9061  SecurityManager         com.kcpd.myfolder                    D  getDatabaseKey() called
2025-12-29 01:46:06.060  9061-9061  SecurityManager         com.kcpd.myfolder                    D  Master key available: 32 bytes
2025-12-29 01:46:06.060  9061-9061  SecurityManager         com.kcpd.myfolder                    D  Encrypted DB key blob found: 80 chars
